Archive member included to satisfy reference by file (symbol)

app/libapp.a(main.c.obj)      (--whole-archive)
zephyr/libzephyr.a(validate_libc.c.obj)
                              (--whole-archive)
zephyr/libzephyr.a(heap.c.obj)
                              (--whole-archive)
zephyr/libzephyr.a(cbprintf_packaged.c.obj)
                              (--whole-archive)
zephyr/libzephyr.a(clock.c.obj)
                              (--whole-archive)
zephyr/libzephyr.a(printk.c.obj)
                              (--whole-archive)
zephyr/libzephyr.a(sem.c.obj)
                              (--whole-archive)
zephyr/libzephyr.a(thread_entry.c.obj)
                              (--whole-archive)
zephyr/libzephyr.a(cbprintf_complete.c.obj)
                              (--whole-archive)
zephyr/libzephyr.a(assert.c.obj)
                              (--whole-archive)
zephyr/libzephyr.a(dec.c.obj)
                              (--whole-archive)
zephyr/libzephyr.a(hex.c.obj)
                              (--whole-archive)
zephyr/libzephyr.a(rb.c.obj)  (--whole-archive)
zephyr/libzephyr.a(timeutil.c.obj)
                              (--whole-archive)
zephyr/libzephyr.a(bitarray.c.obj)
                              (--whole-archive)
zephyr/libzephyr.a(bitmask.c.obj)
                              (--whole-archive)
zephyr/libzephyr.a(getopt.c.obj)
                              (--whole-archive)
zephyr/libzephyr.a(getopt_common.c.obj)
                              (--whole-archive)
zephyr/libzephyr.a(ring_buffer.c.obj)
                              (--whole-archive)
zephyr/libzephyr.a(last_section_id.c.obj)
                              (--whole-archive)
zephyr/libzephyr.a(configs.c.obj)
                              (--whole-archive)
zephyr/libzephyr.a(stm32cube_hal.c.obj)
                              (--whole-archive)
zephyr/libzephyr.a(soc_config.c.obj)
                              (--whole-archive)
zephyr/libzephyr.a(gpioport_mgr.c.obj)
                              (--whole-archive)
zephyr/libzephyr.a(stm32_cache.c.obj)
                              (--whole-archive)
zephyr/libzephyr.a(stm32_backup_domain.c.obj)
                              (--whole-archive)
zephyr/libzephyr.a(soc.c.obj)
                              (--whole-archive)
zephyr/libzephyr.a(mem_attr.c.obj)
                              (--whole-archive)
zephyr/libzephyr.a(tracing_none.c.obj)
                              (--whole-archive)
zephyr/arch/common/libarch__common.a(sw_isr_common.c.obj)
                              (--whole-archive)
zephyr/arch/common/libarch__common.a(init.c.obj)
                              (--whole-archive)
zephyr/arch/common/libarch__common.a(xip.c.obj)
                              (--whole-archive)
zephyr/arch/arch/arm/core/libarch__arm__core.a(fatal.c.obj)
                              (--whole-archive)
zephyr/arch/arch/arm/core/libarch__arm__core.a(nmi.c.obj)
                              (--whole-archive)
zephyr/arch/arch/arm/core/libarch__arm__core.a(nmi_on_reset.S.obj)
                              (--whole-archive)
zephyr/arch/arch/arm/core/libarch__arm__core.a(tls.c.obj)
                              (--whole-archive)
zephyr/arch/arch/arm/core/cortex_m/libarch__arm__core__cortex_m.a(fault.c.obj)
                              (--whole-archive)
zephyr/arch/arch/arm/core/cortex_m/libarch__arm__core__cortex_m.a(fault_s.S.obj)
                              (--whole-archive)
zephyr/arch/arch/arm/core/cortex_m/libarch__arm__core__cortex_m.a(fpu.c.obj)
                              (--whole-archive)
zephyr/arch/arch/arm/core/cortex_m/libarch__arm__core__cortex_m.a(reset.S.obj)
                              (--whole-archive)
zephyr/arch/arch/arm/core/cortex_m/libarch__arm__core__cortex_m.a(scb.c.obj)
                              (--whole-archive)
zephyr/arch/arch/arm/core/cortex_m/libarch__arm__core__cortex_m.a(vector_table.S.obj)
                              (--whole-archive)
zephyr/arch/arch/arm/core/cortex_m/libarch__arm__core__cortex_m.a(svc.S.obj)
                              (--whole-archive)
zephyr/arch/arch/arm/core/cortex_m/libarch__arm__core__cortex_m.a(irq_manage.c.obj)
                              (--whole-archive)
zephyr/arch/arch/arm/core/cortex_m/libarch__arm__core__cortex_m.a(prep_c.c.obj)
                              (--whole-archive)
zephyr/arch/arch/arm/core/cortex_m/libarch__arm__core__cortex_m.a(thread.c.obj)
                              (--whole-archive)
zephyr/arch/arch/arm/core/cortex_m/libarch__arm__core__cortex_m.a(cpu_idle.c.obj)
                              (--whole-archive)
zephyr/arch/arch/arm/core/cortex_m/libarch__arm__core__cortex_m.a(exc_exit.c.obj)
                              (--whole-archive)
zephyr/arch/arch/arm/core/cortex_m/libarch__arm__core__cortex_m.a(thread_abort.c.obj)
                              (--whole-archive)
zephyr/arch/arch/arm/core/cortex_m/libarch__arm__core__cortex_m.a(swap_helper.S.obj)
                              (--whole-archive)
[...]
Memory Configuration

Name             Origin             Length             Attributes
FLASH            0x0000000008000000 0x0000000000100000 xr
RAM              0x0000000020010000 0x0000000000040000 xw
QSPI_PLACEHOLDER 0x0000000090000000 0x0000000010000000 rw
SRAM0            0x0000000020010000 0x0000000000040000 rw
DTCM             0x0000000020000000 0x0000000000010000 rw
SDRAM1           0x00000000c0000000 0x0000000000800000 rw
EXTMEM           0x0000000090000000 0x0000000001000000 rw
IDT_LIST         0x00000000ffff7fff 0x0000000000008000 xw
*default*        0x0000000000000000 0xffffffffffffffff

Linker script and memory map

                0x00000000080048cc                vfprintf = __d_vfprintf
                0x0000000000000000                vfscanf = __d_vfscanf
LOAD zephyr/CMakeFiles/zephyr_pre0.dir/misc/empty_file.c.obj
LOAD zephyr/CMakeFiles/offsets.dir/./arch/arm/core/offsets/offsets.c.obj
LOAD app/libapp.a
LOAD zephyr/libzephyr.a
LOAD zephyr/arch/common/libarch__common.a
LOAD zephyr/arch/arch/arm/core/libarch__arm__core.a
LOAD zephyr/arch/arch/arm/core/cortex_m/libarch__arm__core__cortex_m.a
LOAD zephyr/arch/arch/arm/core/mpu/libarch__arm__core__mpu.a
LOAD zephyr/lib/libc/picolibc/liblib__libc__picolibc.a
LOAD zephyr/lib/libc/common/liblib__libc__common.a
LOAD zephyr/lib/posix/c_lib_ext/liblib__posix__c_lib_ext.a
LOAD zephyr/drivers/interrupt_controller/libdrivers__interrupt_controller.a
LOAD zephyr/drivers/clock_control/libdrivers__clock_control.a
LOAD zephyr/drivers/console/libdrivers__console.a
LOAD zephyr/drivers/gpio/libdrivers__gpio.a
LOAD zephyr/drivers/pinctrl/libdrivers__pinctrl.a
LOAD zephyr/drivers/pwm/libdrivers__pwm.a
LOAD zephyr/drivers/reset/libdrivers__reset.a
LOAD zephyr/drivers/serial/libdrivers__serial.a
LOAD zephyr/drivers/timer/libdrivers__timer.a
LOAD modules/hal_stm32/stm32cube/lib..__modules__hal__stm32__stm32cube.a
LOAD zephyr/kernel/libkernel.a
LOAD zephyr/arch/common/libisr_tables.a
LOAD /home/faiza/zephyr-sdk-0.17.4/arm-zephyr-eabi/bin/../lib/gcc/../../picolibc/arm-zephyr-eabi/lib/thumb/v7e-m/nofp/libc.a
LOAD /home/faiza/zephyr-sdk-0.17.4/arm-zephyr-eabi/bin/../lib/gcc/arm-zephyr-eabi/12.2.0/thumb/v7e-m/nofp/libgcc.a
                0x0000000000000020                _region_min_align = 0x20

.rel.plt        0x0000000008000000        0x0
 *(SORT_BY_ALIGNMENT(.rel.plt))
                [!provide]                        PROVIDE (__rel_iplt_start = .)
 *(SORT_BY_ALIGNMENT(.rel.iplt))
 .rel.iplt      0x0000000008000000        0x0 app/libapp.a(main.c.obj)
                [!provide]                        PROVIDE (__rel_iplt_end = .)

.rela.plt       0x0000000000000000        0x0
 *(SORT_BY_ALIGNMENT(.rela.plt))
                [!provide]                        PROVIDE (__rela_iplt_start = .)
 *(SORT_BY_ALIGNMENT(.rela.iplt))
                [!provide]                        PROVIDE (__rela_iplt_end = .)

.rel.dyn
 *(SORT_BY_ALIGNMENT(.rel.*))

.rela.dyn
 *(SORT_BY_ALIGNMENT(.rela.*))

/DISCARD/
 *(SORT_BY_ALIGNMENT(.plt))

/DISCARD/
 *(SORT_BY_ALIGNMENT(.iplt))
                0x0000000008000000                __rom_region_start = 0x8000000

rom_start       0x0000000008000000      0x1c8
                0x0000000008000000                __rom_start_address = .
 FILL mask 0x00
                0x0000000008000000                . = (. + (0x0 - (. - __rom_start_address)))
                0x0000000008000000                . = ALIGN (0x4)
                0x0000000008000000                . = ALIGN (0x80)
                0x0000000008000000                . = ALIGN (0x200)
                0x0000000008000000                _vector_start = .
 *(SORT_BY_ALIGNMENT(.exc_vector_table))
 *(SORT_BY_ALIGNMENT(.exc_vector_table.*))
 .exc_vector_table._vector_table_section
                0x0000000008000000       0x40 zephyr/arch/arch/arm/core/cortex_m/libarch__arm__core__cortex_m.a(vector_table.S.obj)
                0x0000000008000000                _vector_table
 *(SORT_BY_ALIGNMENT(.vectors))
                0x00000000080001c8                _vector_end = .
                0x0000000008000040                . = ALIGN (0x4)
 *(SORT_BY_ALIGNMENT(.gnu.linkonce.irq_vector_table*))
 .gnu.linkonce.irq_vector_table
                0x0000000008000040      0x188 zephyr/arch/common/libisr_tables.a(isr_tables.c.obj)
                0x0000000008000040                _irq_vector_table
                0x00000000080001c8                _vector_end = .

text            0x00000000080001c8     0x69ec
                0x00000000080001c8                __text_region_start = .
 *(SORT_BY_ALIGNMENT(.text))
 .text          0x00000000080001c8      0x168 /home/faiza/zephyr-sdk-0.17.4/arm-zephyr-eabi/bin/../lib/gcc/arm-zephyr-eabi/12.2.0/thumb/v7e-m/nofp/libgcc.a(_arm_mulsf3.o)
                0x00000000080001c8                __mulsf3
                0x00000000080001c8                __aeabi_fmul
 .text          0x0000000008000330      0x378 /home/faiza/zephyr-sdk-0.17.4/arm-zephyr-eabi/bin/../lib/gcc/arm-zephyr-eabi/12.2.0/thumb/v7e-m/nofp/libgcc.a(_arm_addsubdf3.o)
                0x0000000008000330                __aeabi_drsub
                0x0000000008000338                __aeabi_dsub
                0x0000000008000338                __subdf3
                0x000000000800033c                __adddf3
                0x000000000800033c                __aeabi_dadd
                0x00000000080005b4                __aeabi_ui2d
                0x00000000080005b4                __floatunsidf
                0x00000000080005d4                __floatsidf
                0x00000000080005d4                __aeabi_i2d
                0x00000000080005f8                __extendsfdf2
                0x00000000080005f8                __aeabi_f2d
                0x000000000800063c                __aeabi_ul2d
                0x000000000800063c                __floatundidf
                0x000000000800064c                __floatdidf
                0x000000000800064c                __aeabi_l2d
 .text          0x00000000080006a8      0x424 /home/faiza/zephyr-sdk-0.17.4/arm-zephyr-eabi/bin/../lib/gcc/arm-zephyr-eabi/12.2.0/thumb/v7e-m/nofp/libgcc.a(_arm_muldivdf3.o)
                0x00000000080006a8                __aeabi_dmul
                0x00000000080006a8                __muldf3
                0x00000000080008fc                __aeabi_ddiv
                0x00000000080008fc                __divdf3
 .text          0x0000000008000acc       0xa0 /home/faiza/zephyr-sdk-0.17.4/arm-zephyr-eabi/bin/../lib/gcc/arm-zephyr-eabi/12.2.0/thumb/v7e-m/nofp/libgcc.a(_arm_truncdfsf2.o)
                0x0000000008000acc                __aeabi_d2f
                0x0000000008000acc                __truncdfsf2
 .text          0x0000000008000b6c      0x21c /home/faiza/zephyr-sdk-0.17.4/arm-zephyr-eabi/bin/../lib/gcc/arm-zephyr-eabi/12.2.0/thumb/v7e-m/nofp/libgcc.a(_arm_addsubsf3.o)
                0x0000000008000b6c                __aeabi_frsub
                0x0000000008000b74                __subsf3
                0x0000000008000b74                __aeabi_fsub
                0x0000000008000b78                __aeabi_fadd
                0x0000000008000b78                __addsf3
                0x0000000008000cd8                __aeabi_ui2f
                0x0000000008000cd8                __floatunsisf
                0x0000000008000ce0                __aeabi_i2f
                0x0000000008000ce0                __floatsisf
                0x0000000008000cfc                __floatundisf
                0x0000000008000cfc                __aeabi_ul2f
                0x0000000008000d0c                __floatdisf
                0x0000000008000d0c                __aeabi_l2f
 .text          0x0000000008000d88       0xec /home/faiza/zephyr-sdk-0.17.4/arm-zephyr-eabi/bin/../lib/gcc/arm-zephyr-eabi/12.2.0/thumb/v7e-m/nofp/libgcc.a(_arm_cmpsf2.o)
                0x0000000008000d88                __gtsf2
                0x0000000008000d88                __gesf2
                0x0000000008000d90                __lesf2
                0x0000000008000d90                __ltsf2
                0x0000000008000d98                __nesf2
                0x0000000008000d98                __eqsf2
                0x0000000008000d98                __cmpsf2
                0x0000000008000df8                __aeabi_cfrcmple
                0x0000000008000e00                __aeabi_cfcmple
                0x0000000008000e00                __aeabi_cfcmpeq
                0x0000000008000e10                __aeabi_fcmpeq
                0x0000000008000e24                __aeabi_fcmplt
                0x0000000008000e38                __aeabi_fcmple
                0x0000000008000e4c                __aeabi_fcmpge
                0x0000000008000e60                __aeabi_fcmpgt
 .text          0x0000000008000e74       0x4c /home/faiza/zephyr-sdk-0.17.4/arm-zephyr-eabi/bin/../lib/gcc/arm-zephyr-eabi/12.2.0/thumb/v7e-m/nofp/libgcc.a(_arm_fixsfsi.o)
                0x0000000008000e74                __fixsfsi
                0x0000000008000e74                __aeabi_f2iz
 .text          0x0000000008000ec0       0x30 /home/faiza/zephyr-sdk-0.17.4/arm-zephyr-eabi/bin/../lib/gcc/arm-zephyr-eabi/12.2.0/thumb/v7e-m/nofp/libgcc.a(_aeabi_uldivmod.o)
                0x0000000008000ec0                __aeabi_uldivmod
 .text          0x0000000008000ef0        0x4 /home/faiza/zephyr-sdk-0.17.4/arm-zephyr-eabi/bin/../lib/gcc/arm-zephyr-eabi/12.2.0/thumb/v7e-m/nofp/libgcc.a(_dvmd_tls.o)
                0x0000000008000ef0                __aeabi_ldiv0
                0x0000000008000ef0                __aeabi_idiv0
 .text          0x0000000008000ef4      0x2a0 /home/faiza/zephyr-sdk-0.17.4/arm-zephyr-eabi/bin/../lib/gcc/arm-zephyr-eabi/12.2.0/thumb/v7e-m/nofp/libgcc.a(_udivmoddi4.o)
                0x0000000008000ef4                __udivmoddi4
 *(SORT_BY_ALIGNMENT(.text.*))
 *fill*         0x0000000008001194        0x4 
 .text.pwm_set_pulse_dt.constprop.0.isra.0
                0x0000000008001198       0x9c app/libapp.a(main.c.obj)
 *fill*         0x0000000008001234        0x4 
 .text.consumer_ticks
                0x0000000008001238      0x118 app/libapp.a(main.c.obj)
                0x0000000008001238                consumer_ticks
 .text.gpio_add_callback.constprop.0.isra.0
                0x0000000008001350       0x14 app/libapp.a(main.c.obj)
 .text.uart_fifo_callback
                0x0000000008001364       0x9c app/libapp.a(main.c.obj)
 .text.ticks_isr
                0x0000000008001400       0x5c app/libapp.a(main.c.obj)
                0x0000000008001400                ticks_isr
 .text.button_pressed
                0x000000000800145c       0x54 app/libapp.a(main.c.obj)
                0x000000000800145c                button_pressed
 .text.console_thread
                0x00000000080014b0       0x9c app/libapp.a(main.c.obj)
                0x00000000080014b0                console_thread
 .text.main     0x000000000800154c      0x1f4 app/libapp.a(main.c.obj)
                0x000000000800154c                main
 .text.char_out
                0x0000000008001740        0xc zephyr/libzephyr.a(printk.c.obj)
 .text.__printk_hook_install
                0x000000000800174c        0xc zephyr/libzephyr.a(printk.c.obj)
                0x000000000800174c                __printk_hook_install
 .text.vprintk  0x0000000008001758       0x30 zephyr/libzephyr.a(printk.c.obj)
                0x0000000008001758                vprintk
 .text.z_thread_entry
                0x0000000008001788       0x34 zephyr/libzephyr.a(thread_entry.c.obj)
                0x0000000008001788                z_thread_entry
 .text.st_stm32_common_config
                0x00000000080017bc       0x14 zephyr/libzephyr.a(soc_config.c.obj)
 .text.stm32_gpioport_init
                0x00000000080017d0       0x20 zephyr/libzephyr.a(gpioport_mgr.c.obj)
 .text.stm32_gpioport_get
                0x00000000080017f0       0x24 zephyr/libzephyr.a(gpioport_mgr.c.obj)
                0x00000000080017f0                stm32_gpioport_get
 .text.soc_early_init_hook
                0x0000000008001814       0x28 zephyr/libzephyr.a(soc.c.obj)
                0x0000000008001814                soc_early_init_hook
 .text.mem_attr_get_regions
                0x000000000800183c        0xc zephyr/libzephyr.a(mem_attr.c.obj)
                0x000000000800183c                mem_attr_get_regions
 .text.arch_bss_zero
                0x0000000008001848       0x2c zephyr/arch/common/libarch__common.a(init.c.obj)
                0x0000000008001848                arch_bss_zero
 .text.arch_data_copy
                0x0000000008001874       0x50 zephyr/arch/common/libarch__common.a(xip.c.obj)
                0x0000000008001874                arch_data_copy
 .text.z_arm_fatal_error
                0x00000000080018c4       0x60 zephyr/arch/arch/arm/core/libarch__arm__core.a(fatal.c.obj)
                0x00000000080018c4                z_arm_fatal_error
 .text.z_SysNmiOnReset
                0x0000000008001924        0x8 zephyr/arch/arch/arm/core/libarch__arm__core.a(nmi_on_reset.S.obj)
                0x0000000008001924                z_SysNmiOnReset
 .text.arch_tls_stack_setup
                0x000000000800192c       0x40 zephyr/arch/arch/arm/core/libarch__arm__core.a(tls.c.obj)
                0x000000000800192c                arch_tls_stack_setup
 .text.mem_manage_fault
                0x000000000800196c       0xf0 zephyr/arch/arch/arm/core/cortex_m/libarch__arm__core__cortex_m.a(fault.c.obj)
 .text.usage_fault.constprop.0
                0x0000000008001a5c       0x98 zephyr/arch/arch/arm/core/cortex_m/libarch__arm__core__cortex_m.a(fault.c.obj)
 .text.bus_fault.constprop.0
                0x0000000008001af4       0xb8 zephyr/arch/arch/arm/core/cortex_m/libarch__arm__core__cortex_m.a(fault.c.obj)
 .text.z_arm_fault
                0x0000000008001bac      0x1a4 zephyr/arch/arch/arm/core/cortex_m/libarch__arm__core__cortex_m.a(fault.c.obj)
                0x0000000008001bac                z_arm_fault
 .text.z_arm_fault_init
                0x0000000008001d50       0x18 zephyr/arch/arch/arm/core/cortex_m/libarch__arm__core__cortex_m.a(fault.c.obj)
                0x0000000008001d50                z_arm_fault_init
 .text.__fault  0x0000000008001d68       0x14 zephyr/arch/arch/arm/core/cortex_m/libarch__arm__core__cortex_m.a(fault_s.S.obj)
                0x0000000008001d68                z_arm_bus_fault
                0x0000000008001d68                z_arm_usage_fault
                0x0000000008001d68                z_arm_mpu_fault
                0x0000000008001d68                z_arm_exc_spurious
                0x0000000008001d68                z_arm_debug_monitor
                0x0000000008001d68                z_arm_hard_fault
 .text._reset_section
                0x0000000008001d7c       0x34 zephyr/arch/arch/arm/core/cortex_m/libarch__arm__core__cortex_m.a(reset.S.obj)
                0x0000000008001d7c                z_arm_reset
                0x0000000008001d7c                __start
 .text.z_arm_svc
                0x0000000008001db0       0x24 zephyr/arch/arch/arm/core/cortex_m/libarch__arm__core__cortex_m.a(svc.S.obj)
                0x0000000008001db0                z_arm_svc
 .text.arm_irq_enable
                0x0000000008001dd4       0x1c zephyr/arch/arch/arm/core/cortex_m/libarch__arm__core__cortex_m.a(irq_manage.c.obj)
                0x0000000008001dd4                arm_irq_enable
 .text.arm_irq_priority_set
                0x0000000008001df0       0x2c zephyr/arch/arch/arm/core/cortex_m/libarch__arm__core__cortex_m.a(irq_manage.c.obj)
                0x0000000008001df0                arm_irq_priority_set
 .text.relocate_vector_table
                0x0000000008001e1c       0x1c zephyr/arch/arch/arm/core/cortex_m/libarch__arm__core__cortex_m.a(prep_c.c.obj)
                0x0000000008001e1c                relocate_vector_table
 .text.z_prep_c
                0x0000000008001e38       0x38 zephyr/arch/arch/arm/core/cortex_m/libarch__arm__core__cortex_m.a(prep_c.c.obj)
                0x0000000008001e38                z_prep_c
 .text.arch_new_thread
                0x0000000008001e70       0x30 zephyr/arch/arch/arm/core/cortex_m/libarch__arm__core__cortex_m.a(thread.c.obj)
                0x0000000008001e70                arch_new_thread
 .text.z_check_thread_stack_fail
                0x0000000008001ea0       0x30 zephyr/arch/arch/arm/core/cortex_m/libarch__arm__core__cortex_m.a(thread.c.obj)
                0x0000000008001ea0                z_check_thread_stack_fail
 .text.arch_switch_to_main_thread
                0x0000000008001ed0       0x40 zephyr/arch/arch/arm/core/cortex_m/libarch__arm__core__cortex_m.a(thread.c.obj)
                0x0000000008001ed0                arch_switch_to_main_thread
 .text.z_arm_cpu_idle_init
                0x0000000008001f10        0xc zephyr/arch/arch/arm/core/cortex_m/libarch__arm__core__cortex_m.a(cpu_idle.c.obj)
                0x0000000008001f10                z_arm_cpu_idle_init
 .text._HandlerModeExit
                0x0000000008001f1c       0x20 zephyr/arch/arch/arm/core/cortex_m/libarch__arm__core__cortex_m.a(exc_exit.c.obj)
                0x0000000008001f1c                z_arm_exc_exit
                0x0000000008001f1c                z_arm_int_exit
 .text.z_impl_k_thread_abort
                0x0000000008001f3c       0x2c zephyr/arch/arch/arm/core/cortex_m/libarch__arm__core__cortex_m.a(thread_abort.c.obj)
                0x0000000008001f3c                z_impl_k_thread_abort
 .text.z_arm_pendsv
                0x0000000008001f68       0x64 zephyr/arch/arch/arm/core/cortex_m/libarch__arm__core__cortex_m.a(swap_helper.S.obj)
                0x0000000008001f68                z_arm_pendsv
 .text.z_arm_interrupt_init
                0x0000000008001fcc       0x18 zephyr/arch/arch/arm/core/cortex_m/libarch__arm__core__cortex_m.a(irq_init.c.obj)
                0x0000000008001fcc                z_arm_interrupt_init
 .text._isr_wrapper
                0x0000000008001fe4       0x24 zephyr/arch/arch/arm/core/cortex_m/libarch__arm__core__cortex_m.a(isr_wrapper.c.obj)
                0x0000000008001fe4                _isr_wrapper
 .text.__aeabi_read_tp
                0x0000000008002008        0xc zephyr/arch/arch/arm/core/cortex_m/libarch__arm__core__cortex_m.a(__aeabi_read_tp.S.obj)
                0x0000000008002008                __aeabi_read_tp
 .text.z_arm_configure_static_mpu_regions
                0x0000000008002014       0x18 zephyr/arch/arch/arm/core/mpu/libarch__arm__core__mpu.a(arm_core_mpu.c.obj)
                0x0000000008002014                z_arm_configure_static_mpu_regions
 .text.z_arm_configure_dynamic_mpu_regions
                0x000000000800202c       0x24 zephyr/arch/arch/arm/core/mpu/libarch__arm__core__mpu.a(arm_core_mpu.c.obj)
                0x000000000800202c                z_arm_configure_dynamic_mpu_regions
 .text.region_init
                0x0000000008002050       0x28 zephyr/arch/arch/arm/core/mpu/libarch__arm__core__mpu.a(arm_mpu.c.obj)
 .text.mpu_configure_regions
                0x0000000008002078       0x6c zephyr/arch/arch/arm/core/mpu/libarch__arm__core__mpu.a(arm_mpu.c.obj)
 .text.arm_core_mpu_enable
                0x00000000080020e4       0x18 zephyr/arch/arch/arm/core/mpu/libarch__arm__core__mpu.a(arm_mpu.c.obj)
                0x00000000080020e4                arm_core_mpu_enable
 .text.arm_core_mpu_disable
                0x00000000080020fc       0x14 zephyr/arch/arch/arm/core/mpu/libarch__arm__core__mpu.a(arm_mpu.c.obj)
                0x00000000080020fc                arm_core_mpu_disable
 .text.arm_core_mpu_configure_static_mpu_regions
                0x0000000008002110       0x14 zephyr/arch/arch/arm/core/mpu/libarch__arm__core__mpu.a(arm_mpu.c.obj)
                0x0000000008002110                arm_core_mpu_configure_static_mpu_regions
 .text.arm_core_mpu_configure_dynamic_mpu_regions
                0x0000000008002124       0x38 zephyr/arch/arch/arm/core/mpu/libarch__arm__core__mpu.a(arm_mpu.c.obj)
                0x0000000008002124                arm_core_mpu_configure_dynamic_mpu_regions
 .text.z_arm_mpu_init
                0x000000000800215c      0x188 zephyr/arch/arch/arm/core/mpu/libarch__arm__core__mpu.a(arm_mpu.c.obj)
                0x000000000800215c                z_arm_mpu_init
 .text.z_impl_zephyr_fputc
                0x00000000080022e4       0x10 zephyr/lib/libc/picolibc/liblib__libc__picolibc.a(stdio.c.obj)
                0x00000000080022e4                z_impl_zephyr_fputc
 .text.__stdout_hook_install
                0x00000000080022f4       0x18 zephyr/lib/libc/picolibc/liblib__libc__picolibc.a(stdio.c.obj)
                0x00000000080022f4                __stdout_hook_install
 .text.malloc_prepare
                0x000000000800230c       0x24 zephyr/lib/libc/common/liblib__libc__common.a(malloc.c.obj)
 .text.stm32_exti_init
                0x0000000008002330       0x30 zephyr/drivers/interrupt_controller/libdrivers__interrupt_controller.a(intc_exti_stm32.c.obj)
 .text.stm32_exti_is_pending
                0x0000000008002360       0x20 zephyr/drivers/interrupt_controller/libdrivers__interrupt_controller.a(intc_exti_stm32.c.obj)
                0x0000000008002360                stm32_exti_is_pending
 .text.stm32_exti_clear_pending
                0x0000000008002380       0x20 zephyr/drivers/interrupt_controller/libdrivers__interrupt_controller.a(intc_exti_stm32.c.obj)
                0x0000000008002380                stm32_exti_clear_pending
 .text.stm32_fill_irq_table
                0x00000000080023a0       0x18 zephyr/drivers/interrupt_controller/libdrivers__interrupt_controller.a(intc_gpio_stm32.c.obj)
 .text.stm32_intc_gpio_isr
                0x00000000080023b8       0x4c zephyr/drivers/interrupt_controller/libdrivers__interrupt_controller.a(intc_gpio_stm32.c.obj)
 .text.stm32_gpio_intc_enable_line
                0x0000000008002404       0x2c zephyr/drivers/interrupt_controller/libdrivers__interrupt_controller.a(intc_gpio_stm32.c.obj)
                0x0000000008002404                stm32_gpio_intc_enable_line
 .text.stm32_gpio_intc_disable_line
                0x0000000008002430       0x10 zephyr/drivers/interrupt_controller/libdrivers__interrupt_controller.a(intc_gpio_stm32.c.obj)
                0x0000000008002430                stm32_gpio_intc_disable_line
 .text.stm32_gpio_intc_select_line_trigger
                0x0000000008002440       0x50 zephyr/drivers/interrupt_controller/libdrivers__interrupt_controller.a(intc_gpio_stm32.c.obj)
                0x0000000008002440                stm32_gpio_intc_select_line_trigger
 .text.stm32_gpio_intc_set_irq_callback
                0x0000000008002490       0x40 zephyr/drivers/interrupt_controller/libdrivers__interrupt_controller.a(intc_gpio_stm32.c.obj)
                0x0000000008002490                stm32_gpio_intc_set_irq_callback
 .text.stm32_gpio_intc_remove_irq_callback
                0x00000000080024d0       0x24 zephyr/drivers/interrupt_controller/libdrivers__interrupt_controller.a(intc_gpio_stm32.c.obj)
                0x00000000080024d0                stm32_gpio_intc_remove_irq_callback
 .text.stm32_exti_get_line_src_port
                0x00000000080024f4       0x30 zephyr/drivers/interrupt_controller/libdrivers__interrupt_controller.a(intc_gpio_stm32.c.obj)
                0x00000000080024f4                stm32_exti_get_line_src_port
 .text.stm32_clock_control_get_subsys_rate
                0x0000000008002524       0xe4 zephyr/drivers/clock_control/libdrivers__clock_control.a(clock_stm32_ll_common.c.obj)
 .text.enabled_clock
                0x0000000008002608       0x20 zephyr/drivers/clock_control/libdrivers__clock_control.a(clock_stm32_ll_common.c.obj)
                0x0000000008002608                enabled_clock
 .text.stm32_clock_control_init
                0x0000000008002628      0x150 zephyr/drivers/clock_control/libdrivers__clock_control.a(clock_stm32_ll_common.c.obj)
                0x0000000008002628                stm32_clock_control_init
 .text.get_pllsrc_frequency
                0x0000000008002778        0x8 zephyr/drivers/clock_control/libdrivers__clock_control.a(clock_stm32f2_f4_f7.c.obj)
                0x0000000008002778                get_pllsrc_frequency
 .text.config_pll_sysclock
                0x0000000008002780       0x60 zephyr/drivers/clock_control/libdrivers__clock_control.a(clock_stm32f2_f4_f7.c.obj)
                0x0000000008002780                config_pll_sysclock
 .text.get_pllsaisrc_frequency
                0x00000000080027e0        0x8 zephyr/drivers/clock_control/libdrivers__clock_control.a(clock_stm32f2_f4_f7.c.obj)
                0x00000000080027e0                get_pllsaisrc_frequency
 .text.config_pllsai
                0x00000000080027e8       0x44 zephyr/drivers/clock_control/libdrivers__clock_control.a(clock_stm32f2_f4_f7.c.obj)
                0x00000000080027e8                config_pllsai
 .text.config_enable_default_clocks
                0x000000000800282c       0x20 zephyr/drivers/clock_control/libdrivers__clock_control.a(clock_stm32f2_f4_f7.c.obj)
                0x000000000800282c                config_enable_default_clocks
 .text.uart_console_init
                0x000000000800284c       0x28 zephyr/drivers/console/libdrivers__console.a(uart_console.c.obj)
 .text.console_out
                0x0000000008002874       0x28 zephyr/drivers/console/libdrivers__console.a(uart_console.c.obj)
 .text.gpio_stm32_pin_interrupt_configure
                0x000000000800289c       0xac zephyr/drivers/gpio/libdrivers__gpio.a(gpio_stm32.c.obj)
 .text.pwm_stm32_set_cycles
                0x0000000008002948      0x2ac zephyr/drivers/pwm/libdrivers__pwm.a(pwm_stm32.c.obj)
 .text.pwm_stm32_init
                0x0000000008002bf4      0x1b0 zephyr/drivers/pwm/libdrivers__pwm.a(pwm_stm32.c.obj)
 .text.uart_stm32_irq_err_enable
                0x0000000008002da4       0x78 zephyr/drivers/serial/libdrivers__serial.a(uart_stm32.c.obj)
 .text.uart_stm32_irq_err_disable
                0x0000000008002e1c       0x78 zephyr/drivers/serial/libdrivers__serial.a(uart_stm32.c.obj)
 .text.uart_stm32_parameters_set
                0x0000000008002e94      0x140 zephyr/drivers/serial/libdrivers__serial.a(uart_stm32.c.obj)
 .text.uart_stm32_init
                0x0000000008002fd4      0x158 zephyr/drivers/serial/libdrivers__serial.a(uart_stm32.c.obj)
 .text.uart_stm32_configure
                0x000000000800312c      0x164 zephyr/drivers/serial/libdrivers__serial.a(uart_stm32.c.obj)
 .text.elapsed  0x0000000008003290       0x4c zephyr/drivers/timer/libdrivers__timer.a(cortex_m_systick.c.obj)
 .text.sys_clock_driver_init
                0x00000000080032dc       0x34 zephyr/drivers/timer/libdrivers__timer.a(cortex_m_systick.c.obj)
 .text.sys_clock_isr
                0x0000000008003310       0x60 zephyr/drivers/timer/libdrivers__timer.a(cortex_m_systick.c.obj)
                0x0000000008003310                sys_clock_isr
 .text.sys_clock_set_timeout
                0x0000000008003370       0xfc zephyr/drivers/timer/libdrivers__timer.a(cortex_m_systick.c.obj)
                0x0000000008003370                sys_clock_set_timeout
 .text.sys_clock_elapsed
                0x000000000800346c       0x3c zephyr/drivers/timer/libdrivers__timer.a(cortex_m_systick.c.obj)
                0x000000000800346c                sys_clock_elapsed
 .text.HAL_RCC_GetSysClockFreq
                0x00000000080034a8       0x5c modules/hal_stm32/stm32cube/lib..__modules__hal__stm32__stm32cube.a(stm32f7xx_hal_rcc.c.obj)
                0x00000000080034a8                HAL_RCC_GetSysClockFreq
 .text.LL_SetFlashLatency
                0x0000000008003504       0xe0 modules/hal_stm32/stm32cube/lib..__modules__hal__stm32__stm32cube.a(stm32f7xx_ll_utils.c.obj)
                0x0000000008003504                LL_SetFlashLatency
 .text.z_fatal_error
                0x00000000080035e4       0x30 zephyr/kernel/libkernel.a(fatal.c.obj)
                0x00000000080035e4                z_fatal_error
 .text.z_sys_init_run_level
                0x0000000008003614       0x30 zephyr/kernel/libkernel.a(init.c.obj)
 .text.bg_thread_main
                0x0000000008003644       0xc0 zephyr/kernel/libkernel.a(init.c.obj)
 .text.z_init_cpu
                0x0000000008003704       0x78 zephyr/kernel/libkernel.a(init.c.obj)
                0x0000000008003704                z_init_cpu
 .text.z_cstart
                0x000000000800377c       0xc8 zephyr/kernel/libkernel.a(init.c.obj)
                0x000000000800377c                z_cstart
 .text.put_msg_in_queue
                0x0000000008003844       0xd4 zephyr/kernel/libkernel.a(msg_q.c.obj)
 .text.z_impl_k_msgq_get
                0x0000000008003918       0xc8 zephyr/kernel/libkernel.a(msg_q.c.obj)
                0x0000000008003918                z_impl_k_msgq_get
 .text.z_impl_k_mutex_lock
                0x00000000080039e0       0xe8 zephyr/kernel/libkernel.a(mutex.c.obj)
                0x00000000080039e0                z_impl_k_mutex_lock
 .text.z_impl_k_mutex_unlock
                0x0000000008003ac8       0xa0 zephyr/kernel/libkernel.a(mutex.c.obj)
                0x0000000008003ac8                z_impl_k_mutex_unlock
 .text.z_impl_k_sem_give
                0x0000000008003b68       0x68 zephyr/kernel/libkernel.a(sem.c.obj)
                0x0000000008003b68                z_impl_k_sem_give
 .text.z_impl_k_sem_take
                0x0000000008003bd0       0x4c zephyr/kernel/libkernel.a(sem.c.obj)
                0x0000000008003bd0                z_impl_k_sem_take
 .text.z_setup_new_thread
                0x0000000008003c1c       0xb8 zephyr/kernel/libkernel.a(thread.c.obj)
                0x0000000008003c1c                z_setup_new_thread
 .text.z_impl_k_thread_create
                0x0000000008003cd4       0x58 zephyr/kernel/libkernel.a(thread.c.obj)
                0x0000000008003cd4                z_impl_k_thread_create
 .text.z_dummy_thread_init
                0x0000000008003d2c       0x1c zephyr/kernel/libkernel.a(thread.c.obj)
                0x0000000008003d2c                z_dummy_thread_init
 .text.z_swap_irqlock
                0x0000000008003d48       0x34 zephyr/kernel/libkernel.a(sched.c.obj)
 .text.ready_thread
                0x0000000008003d7c       0x84 zephyr/kernel/libkernel.a(sched.c.obj)
 .text.unready_thread
                0x0000000008003e00       0x54 zephyr/kernel/libkernel.a(sched.c.obj)
 .text.add_thread_timeout
                0x0000000008003e54       0x1c zephyr/kernel/libkernel.a(sched.c.obj)
 .text.reschedule.constprop.0
                0x0000000008003e70       0x28 zephyr/kernel/libkernel.a(sched.c.obj)
 .text.move_current_to_end_of_prio_q
                0x0000000008003e98       0x70 zephyr/kernel/libkernel.a(sched.c.obj)
                0x0000000008003e98                move_current_to_end_of_prio_q
 .text.z_pend_curr
                0x0000000008003f08       0x44 zephyr/kernel/libkernel.a(sched.c.obj)
                0x0000000008003f08                z_pend_curr
 .text.z_thread_prio_set
                0x0000000008003f4c       0xe4 zephyr/kernel/libkernel.a(sched.c.obj)
                0x0000000008003f4c                z_thread_prio_set
 .text.k_sched_lock
                0x0000000008004030       0x28 zephyr/kernel/libkernel.a(sched.c.obj)
                0x0000000008004030                k_sched_lock
 .text.k_sched_unlock
                0x0000000008004058       0x54 zephyr/kernel/libkernel.a(sched.c.obj)
                0x0000000008004058                k_sched_unlock
 .text.z_sched_init
                0x00000000080040ac       0x10 zephyr/kernel/libkernel.a(sched.c.obj)
                0x00000000080040ac                z_sched_init
 .text.z_impl_k_yield
                0x00000000080040bc       0x88 zephyr/kernel/libkernel.a(sched.c.obj)
                0x00000000080040bc                z_impl_k_yield
 .text.z_tick_sleep
                0x0000000008004144       0x78 zephyr/kernel/libkernel.a(sched.c.obj)
 .text.z_impl_k_sched_current_thread_query
                0x00000000080041bc        0xc zephyr/kernel/libkernel.a(sched.c.obj)
                0x00000000080041bc                z_impl_k_sched_current_thread_query
 .text.z_thread_abort
                0x00000000080041c8      0x140 zephyr/kernel/libkernel.a(sched.c.obj)
                0x00000000080041c8                z_thread_abort
 .text.z_time_slice_size
                0x0000000008004308       0x40 zephyr/kernel/libkernel.a(timeslicing.c.obj)
 .text.slice_timeout
                0x0000000008004348       0x20 zephyr/kernel/libkernel.a(timeslicing.c.obj)
 .text.z_reset_time_slice
                0x0000000008004368       0x48 zephyr/kernel/libkernel.a(timeslicing.c.obj)
                0x0000000008004368                z_reset_time_slice
 .text.z_time_slice
                0x00000000080043b0       0x5c zephyr/kernel/libkernel.a(timeslicing.c.obj)
                0x00000000080043b0                z_time_slice
 .text.first    0x000000000800440c       0x10 zephyr/kernel/libkernel.a(timeout.c.obj)
 .text.elapsed  0x000000000800441c       0x14 zephyr/kernel/libkernel.a(timeout.c.obj)
 .text.remove_timeout
                0x0000000008004430       0x38 zephyr/kernel/libkernel.a(timeout.c.obj)
 .text.z_add_timeout
                0x0000000008004468      0x120 zephyr/kernel/libkernel.a(timeout.c.obj)
                0x0000000008004468                z_add_timeout
 .text.sys_clock_announce
                0x0000000008004588       0xc0 zephyr/kernel/libkernel.a(timeout.c.obj)
                0x0000000008004588                sys_clock_announce
 .text.sys_clock_tick_get
                0x0000000008004648       0x30 zephyr/kernel/libkernel.a(timeout.c.obj)
                0x0000000008004648                sys_clock_tick_get
 .text.boot_banner
                0x0000000008004678        0xc zephyr/kernel/libkernel.a(banner.c.obj)
                0x0000000008004678                boot_banner
 .text.statics_init
                0x0000000008004684       0x24 zephyr/kernel/libkernel.a(kheap.c.obj)
 .text.strtol   0x00000000080046a8       0xec /home/faiza/zephyr-sdk-0.17.4/arm-zephyr-eabi/bin/../lib/gcc/../../picolibc/arm-zephyr-eabi/lib/thumb/v7e-m/nofp/libc.a(libc_tinystdio_strtol.c.o)
                0x00000000080046a8                strtol
 .text.skip_to_arg
                0x0000000008004794      0x138 /home/faiza/zephyr-sdk-0.17.4/arm-zephyr-eabi/bin/../lib/gcc/../../picolibc/arm-zephyr-eabi/lib/thumb/v7e-m/nofp/libc.a(libc_tinystdio_vfprintf.c.o)
 .text.vfprintf
                0x00000000080048cc      0x9c4 /home/faiza/zephyr-sdk-0.17.4/arm-zephyr-eabi/bin/../lib/gcc/../../picolibc/arm-zephyr-eabi/lib/thumb/v7e-m/nofp/libc.a(libc_tinystdio_vfprintf.c.o)
                0x00000000080048cc                __d_vfprintf
 .text.div10    0x0000000008005290       0x28 /home/faiza/zephyr-sdk-0.17.4/arm-zephyr-eabi/bin/../lib/gcc/../../picolibc/arm-zephyr-eabi/lib/thumb/v7e-m/nofp/libc.a(libc_tinystdio_dtoa_ryu.c.o)
 .text.__dtoa_engine
                0x00000000080052b8      0x49c /home/faiza/zephyr-sdk-0.17.4/arm-zephyr-eabi/bin/../lib/gcc/../../picolibc/arm-zephyr-eabi/lib/thumb/v7e-m/nofp/libc.a(libc_tinystdio_dtoa_ryu.c.o)
                0x00000000080052b8                __dtoa_engine
 .text.__log10Pow2
                0x0000000008005754        0xc /home/faiza/zephyr-sdk-0.17.4/arm-zephyr-eabi/bin/../lib/gcc/../../picolibc/arm-zephyr-eabi/lib/thumb/v7e-m/nofp/libc.a(libc_tinystdio_ryu_log10.c.o)
                0x0000000008005754                __log10Pow2
 .text.__log10Pow5
                0x0000000008005760        0xc /home/faiza/zephyr-sdk-0.17.4/arm-zephyr-eabi/bin/../lib/gcc/../../picolibc/arm-zephyr-eabi/lib/thumb/v7e-m/nofp/libc.a(libc_tinystdio_ryu_log10.c.o)
                0x0000000008005760                __log10Pow5
 .text.__pow5bits
                0x000000000800576c       0x10 /home/faiza/zephyr-sdk-0.17.4/arm-zephyr-eabi/bin/../lib/gcc/../../picolibc/arm-zephyr-eabi/lib/thumb/v7e-m/nofp/libc.a(libc_tinystdio_ryu_pow5bits.c.o)
                0x000000000800576c                __pow5bits
 .text.__pow5Factor
                0x000000000800577c       0x30 /home/faiza/zephyr-sdk-0.17.4/arm-zephyr-eabi/bin/../lib/gcc/../../picolibc/arm-zephyr-eabi/lib/thumb/v7e-m/nofp/libc.a(libc_tinystdio_ryu_table.c.o)
                0x000000000800577c                __pow5Factor
 .text.__double_computePow5
                0x00000000080057ac       0xe8 /home/faiza/zephyr-sdk-0.17.4/arm-zephyr-eabi/bin/../lib/gcc/../../picolibc/arm-zephyr-eabi/lib/thumb/v7e-m/nofp/libc.a(libc_tinystdio_ryu_table.c.o)
                0x00000000080057ac                __double_computePow5
 .text.__double_computeInvPow5
                0x0000000008005894       0xf8 /home/faiza/zephyr-sdk-0.17.4/arm-zephyr-eabi/bin/../lib/gcc/../../picolibc/arm-zephyr-eabi/lib/thumb/v7e-m/nofp/libc.a(libc_tinystdio_ryu_table.c.o)
                0x0000000008005894                __double_computeInvPow5
 .text._OffsetAbsSyms
                0x000000000800598c        0x2 zephyr/CMakeFiles/offsets.dir/./arch/arm/core/offsets/offsets.c.obj
                0x000000000800598c                _OffsetAbsSyms
 .text.gpio_pin_configure_dt
                0x000000000800598e       0x40 app/libapp.a(main.c.obj)
 .text.gpio_pin_interrupt_configure_dt.constprop.0
                0x00000000080059ce       0x4a app/libapp.a(main.c.obj)
 .text.gpio_pin_set_dt.isra.0
                0x0000000008005a18       0x28 app/libapp.a(main.c.obj)
 .text.k_msgq_put.isra.0
                0x0000000008005a40        0x4 app/libapp.a(main.c.obj)
 .text.chunk_size
                0x0000000008005a44        0xa zephyr/libzephyr.a(heap.c.obj)
 .text.free_list_add
                0x0000000008005a4e       0x4e zephyr/libzephyr.a(heap.c.obj)
 .text.sys_heap_init
                0x0000000008005a9c       0x7a zephyr/libzephyr.a(heap.c.obj)
                0x0000000008005a9c                sys_heap_init
 .text.arch_printk_char_out
                0x0000000008005b16        0x4 zephyr/libzephyr.a(printk.c.obj)
                0x0000000008005b16                arch_printk_char_out
 .text.printk   0x0000000008005b1a       0x1a zephyr/libzephyr.a(printk.c.obj)
                0x0000000008005b1a                printk
 .text._ConfigAbsSyms
                0x0000000008005b34        0x2 zephyr/libzephyr.a(configs.c.obj)
                0x0000000008005b34                _ConfigAbsSyms
 .text.stm32_gpioport_configure_pin
                0x0000000008005b36      0x11a zephyr/libzephyr.a(gpioport_mgr.c.obj)
                0x0000000008005b36                stm32_gpioport_configure_pin
 .text.arch_early_memset
                0x0000000008005c50        0x4 zephyr/arch/common/libarch__common.a(init.c.obj)
                0x0000000008005c50                arch_early_memset
 .text.arch_early_memcpy
                0x0000000008005c54        0x4 zephyr/arch/common/libarch__common.a(init.c.obj)
                0x0000000008005c54                arch_early_memcpy
 .text.z_do_kernel_oops
                0x0000000008005c58        0x8 zephyr/arch/arch/arm/core/libarch__arm__core.a(fatal.c.obj)
                0x0000000008005c58                z_do_kernel_oops
 .text.z_arm_nmi
                0x0000000008005c60        0xe zephyr/arch/arch/arm/core/libarch__arm__core.a(nmi.c.obj)
                0x0000000008005c60                z_arm_nmi
 .text.z_irq_spurious
                0x0000000008005c6e        0x8 zephyr/arch/arch/arm/core/cortex_m/libarch__arm__core__cortex_m.a(irq_manage.c.obj)
                0x0000000008005c6e                z_irq_spurious
 .text.arch_coprocessors_disable
                0x0000000008005c76        0x6 zephyr/arch/arch/arm/core/cortex_m/libarch__arm__core__cortex_m.a(thread.c.obj)
                0x0000000008005c76                arch_coprocessors_disable
 .text.arch_irq_unlock_outlined
                0x0000000008005c7c        0xe zephyr/arch/arch/arm/core/cortex_m/libarch__arm__core__cortex_m.a(thread.c.obj)
                0x0000000008005c7c                arch_irq_unlock_outlined
 .text.arch_cpu_idle
                0x0000000008005c8a       0x1a zephyr/arch/arch/arm/core/cortex_m/libarch__arm__core__cortex_m.a(cpu_idle.c.obj)
                0x0000000008005c8a                arch_cpu_idle
 .text.size_to_mpu_rasr_size
                0x0000000008005ca4       0x20 zephyr/arch/arch/arm/core/mpu/libarch__arm__core__mpu.a(arm_mpu.c.obj)
 .text.picolibc_put
                0x0000000008005cc4        0xa zephyr/lib/libc/picolibc/liblib__libc__picolibc.a(stdio.c.obj)
 .text.stm32_exti_gpio_intc_init
                0x0000000008005cce       0x92 zephyr/drivers/interrupt_controller/libdrivers__interrupt_controller.a(intc_gpio_stm32.c.obj)
 .text.stm32_gpio_intc_get_pin_irq_line
                0x0000000008005d60        0xa zephyr/drivers/interrupt_controller/libdrivers__interrupt_controller.a(intc_gpio_stm32.c.obj)
                0x0000000008005d60                stm32_gpio_intc_get_pin_irq_line
 .text.stm32_exti_set_line_src_port
                0x0000000008005d6a       0x36 zephyr/drivers/interrupt_controller/libdrivers__interrupt_controller.a(intc_gpio_stm32.c.obj)
                0x0000000008005d6a                stm32_exti_set_line_src_port
 .text.stm32_clock_control_on
                0x0000000008005da0       0x44 zephyr/drivers/clock_control/libdrivers__clock_control.a(clock_stm32_ll_common.c.obj)
 .text.stm32_clock_control_off
                0x0000000008005de4       0x2e zephyr/drivers/clock_control/libdrivers__clock_control.a(clock_stm32_ll_common.c.obj)
 .text.stm32_clock_control_configure
                0x0000000008005e12       0x44 zephyr/drivers/clock_control/libdrivers__clock_control.a(clock_stm32_ll_common.c.obj)
 .text.stm32_clock_control_get_status
                0x0000000008005e56       0x38 zephyr/drivers/clock_control/libdrivers__clock_control.a(clock_stm32_ll_common.c.obj)
 .text.config_regulator_voltage
                0x0000000008005e8e        0x2 zephyr/drivers/clock_control/libdrivers__clock_control.a(clock_stm32_ll_common.c.obj)
                0x0000000008005e8e                config_regulator_voltage
 .text.gpio_stm32_port_get_raw
                0x0000000008005e90        0xc zephyr/drivers/gpio/libdrivers__gpio.a(gpio_stm32.c.obj)
 .text.gpio_stm32_port_set_masked_raw
                0x0000000008005e9c       0x12 zephyr/drivers/gpio/libdrivers__gpio.a(gpio_stm32.c.obj)
 .text.gpio_stm32_port_set_bits_raw
                0x0000000008005eae        0xa zephyr/drivers/gpio/libdrivers__gpio.a(gpio_stm32.c.obj)
 .text.gpio_stm32_port_clear_bits_raw
                0x0000000008005eb8        0xc zephyr/drivers/gpio/libdrivers__gpio.a(gpio_stm32.c.obj)
 .text.gpio_stm32_port_toggle_bits
                0x0000000008005ec4        0xe zephyr/drivers/gpio/libdrivers__gpio.a(gpio_stm32.c.obj)
 .text.gpio_stm32_manage_callback
                0x0000000008005ed2       0x52 zephyr/drivers/gpio/libdrivers__gpio.a(gpio_stm32.c.obj)
 .text.gpio_stm32_config
                0x0000000008005f24       0xf0 zephyr/drivers/gpio/libdrivers__gpio.a(gpio_stm32.c.obj)
 .text.gpio_stm32_isr
                0x0000000008006014       0x2c zephyr/drivers/gpio/libdrivers__gpio.a(gpio_stm32.c.obj)
 .text.pinctrl_lookup_state
                0x0000000008006040       0x26 zephyr/drivers/pinctrl/libdrivers__pinctrl.a(common.c.obj)
                0x0000000008006040                pinctrl_lookup_state
 .text.pinctrl_configure_pins
                0x0000000008006066       0x82 zephyr/drivers/pinctrl/libdrivers__pinctrl.a(pinctrl_stm32.c.obj)
                0x0000000008006066                pinctrl_configure_pins
 .text.LL_TIM_OC_SetCompareCH1
                0x00000000080060e8        0x4 zephyr/drivers/pwm/libdrivers__pwm.a(pwm_stm32.c.obj)
 .text.LL_TIM_OC_SetCompareCH2
                0x00000000080060ec        0x4 zephyr/drivers/pwm/libdrivers__pwm.a(pwm_stm32.c.obj)
 .text.LL_TIM_OC_SetCompareCH3
                0x00000000080060f0        0x4 zephyr/drivers/pwm/libdrivers__pwm.a(pwm_stm32.c.obj)
 .text.LL_TIM_OC_SetCompareCH4
                0x00000000080060f4        0x4 zephyr/drivers/pwm/libdrivers__pwm.a(pwm_stm32.c.obj)
 .text.LL_TIM_OC_SetCompareCH5
                0x00000000080060f8        0xc zephyr/drivers/pwm/libdrivers__pwm.a(pwm_stm32.c.obj)
 .text.LL_TIM_OC_SetCompareCH6
                0x0000000008006104        0x4 zephyr/drivers/pwm/libdrivers__pwm.a(pwm_stm32.c.obj)
 .text.pwm_stm32_get_cycles_per_sec
                0x0000000008006108       0x16 zephyr/drivers/pwm/libdrivers__pwm.a(pwm_stm32.c.obj)
 .text.reset_stm32_status
                0x000000000800611e       0x22 zephyr/drivers/reset/libdrivers__reset.a(reset_stm32.c.obj)
 .text.reset_stm32_line_assert
                0x0000000008006140       0x1c zephyr/drivers/reset/libdrivers__reset.a(reset_stm32.c.obj)
 .text.reset_stm32_line_deassert
                0x000000000800615c       0x1e zephyr/drivers/reset/libdrivers__reset.a(reset_stm32.c.obj)
 .text.reset_stm32_line_toggle
                0x000000000800617a       0x16 zephyr/drivers/reset/libdrivers__reset.a(reset_stm32.c.obj)
 .text.uart_stm32_ll2cfg_databits
                0x0000000008006190       0x2a zephyr/drivers/serial/libdrivers__serial.a(uart_stm32.c.obj)
 .text.uart_stm32_err_check
                0x00000000080061ba       0x5a zephyr/drivers/serial/libdrivers__serial.a(uart_stm32.c.obj)
 .text.uart_stm32_irq_tx_enable
                0x0000000008006214       0x16 zephyr/drivers/serial/libdrivers__serial.a(uart_stm32.c.obj)
 .text.uart_stm32_irq_tx_disable
                0x000000000800622a       0x16 zephyr/drivers/serial/libdrivers__serial.a(uart_stm32.c.obj)
 .text.uart_stm32_irq_rx_enable
                0x0000000008006240       0x16 zephyr/drivers/serial/libdrivers__serial.a(uart_stm32.c.obj)
 .text.uart_stm32_irq_rx_disable
                0x0000000008006256       0x16 zephyr/drivers/serial/libdrivers__serial.a(uart_stm32.c.obj)
 .text.uart_stm32_irq_rx_ready
                0x000000000800626c        0xc zephyr/drivers/serial/libdrivers__serial.a(uart_stm32.c.obj)
 .text.uart_stm32_irq_update
                0x0000000008006278        0x4 zephyr/drivers/serial/libdrivers__serial.a(uart_stm32.c.obj)
 .text.uart_stm32_irq_callback_set
                0x000000000800627c        0x8 zephyr/drivers/serial/libdrivers__serial.a(uart_stm32.c.obj)
 .text.uart_stm32_isr
                0x0000000008006284        0xc zephyr/drivers/serial/libdrivers__serial.a(uart_stm32.c.obj)
 .text.uart_stm32_irq_config_func_0
                0x0000000008006290       0x16 zephyr/drivers/serial/libdrivers__serial.a(uart_stm32.c.obj)
 .text.uart_stm32_irq_config_func_1
                0x00000000080062a6       0x16 zephyr/drivers/serial/libdrivers__serial.a(uart_stm32.c.obj)
 .text.uart_stm32_set_baudrate.isra.0
                0x00000000080062bc       0x48 zephyr/drivers/serial/libdrivers__serial.a(uart_stm32.c.obj)
 .text.uart_stm32_irq_tx_complete
                0x0000000008006304        0xc zephyr/drivers/serial/libdrivers__serial.a(uart_stm32.c.obj)
 .text.uart_stm32_irq_tx_ready
                0x0000000008006310       0x14 zephyr/drivers/serial/libdrivers__serial.a(uart_stm32.c.obj)
 .text.uart_stm32_config_get
                0x0000000008006324       0x92 zephyr/drivers/serial/libdrivers__serial.a(uart_stm32.c.obj)
 .text.uart_stm32_fifo_fill
                0x00000000080063b6       0x58 zephyr/drivers/serial/libdrivers__serial.a(uart_stm32.c.obj)
 .text.uart_stm32_poll_out
                0x000000000800640e       0x36 zephyr/drivers/serial/libdrivers__serial.a(uart_stm32.c.obj)
 .text.uart_stm32_irq_is_pending
                0x0000000008006444       0x24 zephyr/drivers/serial/libdrivers__serial.a(uart_stm32.c.obj)
 .text.uart_stm32_fifo_read
                0x0000000008006468       0x42 zephyr/drivers/serial/libdrivers__serial.a(uart_stm32.c.obj)
 .text.uart_stm32_poll_in
                0x00000000080064aa       0x22 zephyr/drivers/serial/libdrivers__serial.a(uart_stm32.c.obj)
 .text.do_device_init
                0x00000000080064cc       0x30 zephyr/kernel/libkernel.a(device.c.obj)
                0x00000000080064cc                do_device_init
 .text.z_impl_device_is_ready
                0x00000000080064fc       0x16 zephyr/kernel/libkernel.a(device.c.obj)
                0x00000000080064fc                z_impl_device_is_ready
 .text.arch_system_halt
                0x0000000008006512       0x10 zephyr/kernel/libkernel.a(fatal.c.obj)
                0x0000000008006512                arch_system_halt
 .text.k_sys_fatal_error_handler
                0x0000000008006522        0x6 zephyr/kernel/libkernel.a(fatal.c.obj)
                0x0000000008006522                k_sys_fatal_error_handler
 .text.idle     0x0000000008006528       0x16 zephyr/kernel/libkernel.a(idle.c.obj)
                0x0000000008006528                idle
 .text.unpend_thread_no_timeout
                0x000000000800653e       0x1a zephyr/kernel/libkernel.a(msg_q.c.obj)
 .text.z_impl_k_msgq_put
                0x0000000008006558        0xe zephyr/kernel/libkernel.a(msg_q.c.obj)
                0x0000000008006558                z_impl_k_msgq_put
 .text.z_impl_k_msgq_purge
                0x0000000008006566       0x86 zephyr/kernel/libkernel.a(msg_q.c.obj)
                0x0000000008006566                z_impl_k_msgq_purge
 .text.adjust_owner_prio.isra.0
                0x00000000080065ec       0x10 zephyr/kernel/libkernel.a(mutex.c.obj)
 .text.sys_dlist_remove
                0x00000000080065fc       0x10 zephyr/kernel/libkernel.a(sched.c.obj)
 .text.unpend_thread_no_timeout
                0x000000000800660c       0x14 zephyr/kernel/libkernel.a(sched.c.obj)
 .text.add_to_waitq_locked
                0x0000000008006620       0x50 zephyr/kernel/libkernel.a(sched.c.obj)
 .text.z_ready_thread
                0x0000000008006670       0x1e zephyr/kernel/libkernel.a(sched.c.obj)
                0x0000000008006670                z_ready_thread
 .text.z_sched_wake_thread_locked
                0x000000000800668e       0x28 zephyr/kernel/libkernel.a(sched.c.obj)
                0x000000000800668e                z_sched_wake_thread_locked
 .text.z_thread_timeout
                0x00000000080066b6       0x20 zephyr/kernel/libkernel.a(sched.c.obj)
                0x00000000080066b6                z_thread_timeout
 .text.z_reschedule
                0x00000000080066d6        0x6 zephyr/kernel/libkernel.a(sched.c.obj)
                0x00000000080066d6                z_reschedule
 .text.z_impl_k_sleep
                0x00000000080066dc       0x2e zephyr/kernel/libkernel.a(sched.c.obj)
                0x00000000080066dc                z_impl_k_sleep
 .text.z_impl_k_wakeup
                0x000000000800670a       0x40 zephyr/kernel/libkernel.a(sched.c.obj)
                0x000000000800670a                z_impl_k_wakeup
 .text.next_timeout
                0x000000000800674a       0x2e zephyr/kernel/libkernel.a(timeout.c.obj)
 .text.z_abort_timeout
                0x0000000008006778       0x50 zephyr/kernel/libkernel.a(timeout.c.obj)
                0x0000000008006778                z_abort_timeout
 .text.sys_clock_tick_get_32
                0x00000000080067c8        0x8 zephyr/kernel/libkernel.a(timeout.c.obj)
                0x00000000080067c8                sys_clock_tick_get_32
 .text.z_impl_k_uptime_ticks
                0x00000000080067d0        0x4 zephyr/kernel/libkernel.a(timeout.c.obj)
                0x00000000080067d0                z_impl_k_uptime_ticks
 .text.k_heap_init
                0x00000000080067d4       0x10 zephyr/kernel/libkernel.a(kheap.c.obj)
                0x00000000080067d4                k_heap_init
 .text.memcpy   0x00000000080067e4       0x1c /home/faiza/zephyr-sdk-0.17.4/arm-zephyr-eabi/bin/../lib/gcc/../../picolibc/arm-zephyr-eabi/lib/thumb/v7e-m/nofp/libc.a(memcpy.c.o)
                0x00000000080067e4                memcpy
                0x00000000080067e4                __aeabi_memcpy
                0x00000000080067e4                __aeabi_memcpy4
                0x00000000080067e4                __aeabi_memcpy8
 .text.memset   0x0000000008006800       0x10 /home/faiza/zephyr-sdk-0.17.4/arm-zephyr-eabi/bin/../lib/gcc/../../picolibc/arm-zephyr-eabi/lib/thumb/v7e-m/nofp/libc.a(memset.c.o)
                0x0000000008006800                memset
 .text.atoi     0x0000000008006810        0x8 /home/faiza/zephyr-sdk-0.17.4/arm-zephyr-eabi/bin/../lib/gcc/../../picolibc/arm-zephyr-eabi/lib/thumb/v7e-m/nofp/libc.a(libc_stdlib_atoi.c.o)
                0x0000000008006810                atoi
 .text.strncpy  0x0000000008006818       0x20 /home/faiza/zephyr-sdk-0.17.4/arm-zephyr-eabi/bin/../lib/gcc/../../picolibc/arm-zephyr-eabi/lib/thumb/v7e-m/nofp/libc.a(libc_string_strncpy.c.o)
                0x0000000008006818                strncpy
 .text.strnlen  0x0000000008006838       0x18 /home/faiza/zephyr-sdk-0.17.4/arm-zephyr-eabi/bin/../lib/gcc/../../picolibc/arm-zephyr-eabi/lib/thumb/v7e-m/nofp/libc.a(libc_string_strnlen.c.o)
                0x0000000008006838                strnlen
 .text.__ultoa_invert
                0x0000000008006850       0x50 /home/faiza/zephyr-sdk-0.17.4/arm-zephyr-eabi/bin/../lib/gcc/../../picolibc/arm-zephyr-eabi/lib/thumb/v7e-m/nofp/libc.a(libc_tinystdio_vfprintf.c.o)
 .text.mulShiftAll64
                0x00000000080068a0      0x176 /home/faiza/zephyr-sdk-0.17.4/arm-zephyr-eabi/bin/../lib/gcc/../../picolibc/arm-zephyr-eabi/lib/thumb/v7e-m/nofp/libc.a(libc_tinystdio_dtoa_ryu.c.o)
 .text.__umul128
                0x0000000008006a16       0x36 /home/faiza/zephyr-sdk-0.17.4/arm-zephyr-eabi/bin/../lib/gcc/../../picolibc/arm-zephyr-eabi/lib/thumb/v7e-m/nofp/libc.a(libc_tinystdio_ryu_umul128.c.o)
                0x0000000008006a16                __umul128
 .text.__shiftright128
                0x0000000008006a4c       0x3e /home/faiza/zephyr-sdk-0.17.4/arm-zephyr-eabi/bin/../lib/gcc/../../picolibc/arm-zephyr-eabi/lib/thumb/v7e-m/nofp/libc.a(libc_tinystdio_ryu_umul128.c.o)
                0x0000000008006a4c                __shiftright128
 .text.__dtox_engine
                0x0000000008006a8a      0x128 /home/faiza/zephyr-sdk-0.17.4/arm-zephyr-eabi/bin/../lib/gcc/../../picolibc/arm-zephyr-eabi/lib/thumb/v7e-m/nofp/libc.a(libc_tinystdio_dtox_engine.c.o)
                0x0000000008006a8a                __dtox_engine
 *(SORT_BY_ALIGNMENT(.gnu.linkonce.t.*))
 *(SORT_BY_ALIGNMENT(.glue_7t))
 .glue_7t       0x0000000008006bb2        0x0 linker stubs
 *(SORT_BY_ALIGNMENT(.glue_7))
 .glue_7        0x0000000008006bb2        0x0 linker stubs
 *(SORT_BY_ALIGNMENT(.vfp11_veneer))
 .vfp11_veneer  0x0000000008006bb2        0x0 linker stubs
 *(SORT_BY_ALIGNMENT(.v4_bx))
 .v4_bx         0x0000000008006bb2        0x0 linker stubs
                0x0000000008006bb4                . = ALIGN (0x4)
 *fill*         0x0000000008006bb2        0x2 
                0x0000000008006bb4                __text_region_end = .

.ARM.exidx      0x0000000008006bb4        0x8
                0x0000000008006bb4                __exidx_start = .
 *(SORT_BY_ALIGNMENT(.ARM.exidx*) SORT_BY_ALIGNMENT(gnu.linkonce.armexidx.*))
 .ARM.exidx     0x0000000008006bb4        0x8 /home/faiza/zephyr-sdk-0.17.4/arm-zephyr-eabi/bin/../lib/gcc/arm-zephyr-eabi/12.2.0/thumb/v7e-m/nofp/libgcc.a(_udivmoddi4.o)
                0x0000000008006bbc                __exidx_end = .
                0x0000000008006bbc                __rodata_region_start = .

initlevel       0x0000000008006bbc       0xb8
                0x0000000008006bbc                __init_start = .
                0x0000000008006bbc                __init_EARLY_start = .
 *(SORT_BY_NAME(SORT_BY_ALIGNMENT(.z_init_EARLY_P_?_*)))
 *(SORT_BY_NAME(SORT_BY_ALIGNMENT(.z_init_EARLY_P_??_*)))
 *(SORT_BY_NAME(SORT_BY_ALIGNMENT(.z_init_EARLY_P_???_*)))
                0x0000000008006bbc                __init_PRE_KERNEL_1_start = .
 *(SORT_BY_NAME(SORT_BY_ALIGNMENT(.z_init_PRE_KERNEL_1_P_?_*)))
 .z_init_PRE_KERNEL_1_P_1_SUB_00009_
                0x0000000008006bbc        0x8 zephyr/drivers/clock_control/libdrivers__clock_control.a(clock_stm32_ll_common.c.obj)
 .z_init_PRE_KERNEL_1_P_1_SUB_0_
                0x0000000008006bc4        0x8 zephyr/libzephyr.a(soc_config.c.obj)
 *(SORT_BY_NAME(SORT_BY_ALIGNMENT(.z_init_PRE_KERNEL_1_P_??_*)))
 .z_init_PRE_KERNEL_1_P_30_SUB_0_
                0x0000000008006bcc        0x8 zephyr/kernel/libkernel.a(kheap.c.obj)
 .z_init_PRE_KERNEL_1_P_35_SUB_00062_
                0x0000000008006bd4        0x8 zephyr/drivers/reset/libdrivers__reset.a(reset_stm32.c.obj)
 .z_init_PRE_KERNEL_1_P_40_SUB_00037_
                0x0000000008006bdc        0x8 zephyr/libzephyr.a(gpioport_mgr.c.obj)
 .z_init_PRE_KERNEL_1_P_40_SUB_00038_
                0x0000000008006be4        0x8 zephyr/libzephyr.a(gpioport_mgr.c.obj)
 .z_init_PRE_KERNEL_1_P_40_SUB_00077_
                0x0000000008006bec        0x8 zephyr/drivers/interrupt_controller/libdrivers__interrupt_controller.a(intc_exti_stm32.c.obj)
 .z_init_PRE_KERNEL_1_P_40_SUB_00099_
                0x0000000008006bf4        0x8 zephyr/libzephyr.a(gpioport_mgr.c.obj)
 .z_init_PRE_KERNEL_1_P_40_SUB_00119_
                0x0000000008006bfc        0x8 zephyr/libzephyr.a(gpioport_mgr.c.obj)
 .z_init_PRE_KERNEL_1_P_40_SUB_00207_
                0x0000000008006c04        0x8 zephyr/libzephyr.a(gpioport_mgr.c.obj)
 .z_init_PRE_KERNEL_1_P_40_SUB_00208_
                0x0000000008006c0c        0x8 zephyr/libzephyr.a(gpioport_mgr.c.obj)
 .z_init_PRE_KERNEL_1_P_40_SUB_00209_
                0x0000000008006c14        0x8 zephyr/libzephyr.a(gpioport_mgr.c.obj)
 .z_init_PRE_KERNEL_1_P_40_SUB_00210_
                0x0000000008006c1c        0x8 zephyr/libzephyr.a(gpioport_mgr.c.obj)
 .z_init_PRE_KERNEL_1_P_40_SUB_00211_
                0x0000000008006c24        0x8 zephyr/libzephyr.a(gpioport_mgr.c.obj)
 .z_init_PRE_KERNEL_1_P_40_SUB_00212_
                0x0000000008006c2c        0x8 zephyr/libzephyr.a(gpioport_mgr.c.obj)
 .z_init_PRE_KERNEL_1_P_40_SUB_00213_
                0x0000000008006c34        0x8 zephyr/libzephyr.a(gpioport_mgr.c.obj)
 .z_init_PRE_KERNEL_1_P_40_SUB_0_
                0x0000000008006c3c        0x8 zephyr/drivers/interrupt_controller/libdrivers__interrupt_controller.a(intc_gpio_stm32.c.obj)
 .z_init_PRE_KERNEL_1_P_50_SUB_00095_
                0x0000000008006c44        0x8 zephyr/drivers/serial/libdrivers__serial.a(uart_stm32.c.obj)
 .z_init_PRE_KERNEL_1_P_50_SUB_00098_
                0x0000000008006c4c        0x8 zephyr/drivers/serial/libdrivers__serial.a(uart_stm32.c.obj)
 .z_init_PRE_KERNEL_1_P_60_SUB_0_
                0x0000000008006c54        0x8 zephyr/drivers/console/libdrivers__console.a(uart_console.c.obj)
 *(SORT_BY_NAME(SORT_BY_ALIGNMENT(.z_init_PRE_KERNEL_1_P_???_*)))
                0x0000000008006c5c                __init_PRE_KERNEL_2_start = .
 *(SORT_BY_NAME(SORT_BY_ALIGNMENT(.z_init_PRE_KERNEL_2_P_?_*)))
 .z_init_PRE_KERNEL_2_P_0_SUB_0_
                0x0000000008006c5c        0x8 zephyr/drivers/timer/libdrivers__timer.a(cortex_m_systick.c.obj)
 *(SORT_BY_NAME(SORT_BY_ALIGNMENT(.z_init_PRE_KERNEL_2_P_??_*)))
 *(SORT_BY_NAME(SORT_BY_ALIGNMENT(.z_init_PRE_KERNEL_2_P_???_*)))
                0x0000000008006c64                __init_POST_KERNEL_start = .
 *(SORT_BY_NAME(SORT_BY_ALIGNMENT(.z_init_POST_KERNEL_P_?_*)))
 *(SORT_BY_NAME(SORT_BY_ALIGNMENT(.z_init_POST_KERNEL_P_??_*)))
 .z_init_POST_KERNEL_P_35_SUB_0_
                0x0000000008006c64        0x8 zephyr/lib/libc/common/liblib__libc__common.a(malloc.c.obj)
 .z_init_POST_KERNEL_P_50_SUB_00065_
                0x0000000008006c6c        0x8 zephyr/drivers/pwm/libdrivers__pwm.a(pwm_stm32.c.obj)
 *(SORT_BY_NAME(SORT_BY_ALIGNMENT(.z_init_POST_KERNEL_P_???_*)))
                0x0000000008006c74                __init_APPLICATION_start = .
 *(SORT_BY_NAME(SORT_BY_ALIGNMENT(.z_init_APPLICATION_P_?_*)))
 *(SORT_BY_NAME(SORT_BY_ALIGNMENT(.z_init_APPLICATION_P_??_*)))
 *(SORT_BY_NAME(SORT_BY_ALIGNMENT(.z_init_APPLICATION_P_???_*)))
                0x0000000008006c74                __init_SMP_start = .
 *(SORT_BY_NAME(SORT_BY_ALIGNMENT(.z_init_SMP_P_?_*)))
 *(SORT_BY_NAME(SORT_BY_ALIGNMENT(.z_init_SMP_P_??_*)))
 *(SORT_BY_NAME(SORT_BY_ALIGNMENT(.z_init_SMP_P_???_*)))
                0x0000000008006c74                __init_end = .

device_area     0x0000000008006c74      0x1dc
                0x0000000008006c74                _device_list_start = .
 *(SORT_BY_NAME(SORT_BY_ALIGNMENT(._device.static.*_?_*)))
 ._device.static.1_1_
                0x0000000008006c74       0x1c zephyr/drivers/clock_control/libdrivers__clock_control.a(clock_stm32_ll_common.c.obj)
                0x0000000008006c74                __device_dts_ord_9
 *(SORT_BY_NAME(SORT_BY_ALIGNMENT(._device.static.*_??_*)))
 ._device.static.1_35_
                0x0000000008006c90       0x1c zephyr/drivers/reset/libdrivers__reset.a(reset_stm32.c.obj)
                0x0000000008006c90                __device_dts_ord_62
 ._device.static.1_40_
                0x0000000008006cac      0x134 zephyr/libzephyr.a(gpioport_mgr.c.obj)
                0x0000000008006cac                __device_dts_ord_119
                0x0000000008006cc8                __device_dts_ord_213
                0x0000000008006ce4                __device_dts_ord_38
                0x0000000008006d00                __device_dts_ord_212
                0x0000000008006d1c                __device_dts_ord_211
                0x0000000008006d38                __device_dts_ord_210
                0x0000000008006d54                __device_dts_ord_209
                0x0000000008006d70                __device_dts_ord_208
                0x0000000008006d8c                __device_dts_ord_37
                0x0000000008006da8                __device_dts_ord_207
                0x0000000008006dc4                __device_dts_ord_99
 ._device.static.1_40_
                0x0000000008006de0       0x1c zephyr/drivers/interrupt_controller/libdrivers__interrupt_controller.a(intc_exti_stm32.c.obj)
                0x0000000008006de0                __device_dts_ord_77
 ._device.static.1_50_
                0x0000000008006dfc       0x38 zephyr/drivers/serial/libdrivers__serial.a(uart_stm32.c.obj)
                0x0000000008006dfc                __device_dts_ord_98
                0x0000000008006e18                __device_dts_ord_95
 ._device.static.3_50_
                0x0000000008006e34       0x1c zephyr/drivers/pwm/libdrivers__pwm.a(pwm_stm32.c.obj)
                0x0000000008006e34                __device_dts_ord_65
 *(SORT_BY_NAME(SORT_BY_ALIGNMENT(._device.static.*_???_*)))
 *(SORT_BY_NAME(SORT_BY_ALIGNMENT(._device.static.*_????_*)))
 *(SORT_BY_NAME(SORT_BY_ALIGNMENT(._device.static.*_?????_*)))
                0x0000000008006e50                _device_list_end = .

sw_isr_table    0x0000000008006e50      0x310
                0x0000000008006e50                . = ALIGN (0x4)
 *(SORT_BY_ALIGNMENT(.gnu.linkonce.sw_isr_table*))
 .gnu.linkonce.sw_isr_table
                0x0000000008006e50      0x310 zephyr/arch/common/libisr_tables.a(isr_tables.c.obj)
                0x0000000008006e50                _sw_isr_table

initlevel_error
                0x0000000008006bbc        0x0
 *(SORT_BY_NAME(SORT_BY_ALIGNMENT(.z_init_*)))
                0x0000000000000001                ASSERT ((SIZEOF (initlevel_error) == 0x0), Undefined initialization levels used.)

app_shmem_regions
                0x0000000008007160        0x0
                0x0000000008007160                __app_shmem_regions_start = .
 *(SORT_BY_NAME(SORT_BY_ALIGNMENT(.app_regions.*)))
                0x0000000008007160                __app_shmem_regions_end = .

k_p4wq_initparam_area
                0x0000000008007160        0x0
                0x0000000008007160                _k_p4wq_initparam_list_start = .
 *(SORT_BY_NAME(SORT_BY_ALIGNMENT(._k_p4wq_initparam.static.*)))
                0x0000000008007160                _k_p4wq_initparam_list_end = .

_static_thread_data_area
                0x0000000008007160        0x0
                0x0000000008007160                __static_thread_data_list_start = .
 *(SORT_BY_NAME(SORT_BY_ALIGNMENT(.__static_thread_data.static.*)))
                0x0000000008007160                __static_thread_data_list_end = .

device_deps     0x0000000008007160        0x0
                0x0000000008007160                __device_deps_start = .
 *(SORT_BY_NAME(SORT_BY_ALIGNMENT(.__device_deps_pass2*)))
                0x0000000008007160                __device_deps_end = .

gpio_driver_api_area
                0x0000000008007160       0x24
                0x0000000008007160                _gpio_driver_api_list_start = .
 *(SORT_BY_NAME(SORT_BY_ALIGNMENT(._gpio_driver_api.static.*)))
 ._gpio_driver_api.static.gpio_stm32_driver_
                0x0000000008007160       0x24 zephyr/drivers/gpio/libdrivers__gpio.a(gpio_stm32.c.obj)
                0x0000000008007160                gpio_stm32_driver
                0x0000000008007184                _gpio_driver_api_list_end = .

pwm_driver_api_area
                0x0000000008007184        0x8
                0x0000000008007184                _pwm_driver_api_list_start = .
 *(SORT_BY_NAME(SORT_BY_ALIGNMENT(._pwm_driver_api.static.*)))
 ._pwm_driver_api.static.pwm_stm32_driver_api_
                0x0000000008007184        0x8 zephyr/drivers/pwm/libdrivers__pwm.a(pwm_stm32.c.obj)
                0x000000000800718c                _pwm_driver_api_list_end = .

reset_driver_api_area
                0x000000000800718c       0x10
                0x000000000800718c                _reset_driver_api_list_start = .
 *(SORT_BY_NAME(SORT_BY_ALIGNMENT(._reset_driver_api.static.*)))
 ._reset_driver_api.static.reset_stm32_driver_api_
                0x000000000800718c       0x10 zephyr/drivers/reset/libdrivers__reset.a(reset_stm32.c.obj)
                0x000000000800719c                _reset_driver_api_list_end = .

sensor_driver_api_area
                0x000000000800719c        0x0
                0x000000000800719c                _sensor_driver_api_list_start = .
 *(SORT_BY_NAME(SORT_BY_ALIGNMENT(._sensor_driver_api.static.*)))
                0x000000000800719c                _sensor_driver_api_list_end = .

shared_irq_driver_api_area
                0x000000000800719c        0x0
                0x000000000800719c                _shared_irq_driver_api_list_start = .
 *(SORT_BY_NAME(SORT_BY_ALIGNMENT(._shared_irq_driver_api.static.*)))
                0x000000000800719c                _shared_irq_driver_api_list_end = .

crypto_driver_api_area
                0x000000000800719c        0x0
                0x000000000800719c                _crypto_driver_api_list_start = .
 *(SORT_BY_NAME(SORT_BY_ALIGNMENT(._crypto_driver_api.static.*)))
                0x000000000800719c                _crypto_driver_api_list_end = .

adc_driver_api_area
                0x000000000800719c        0x0
                0x000000000800719c                _adc_driver_api_list_start = .
 *(SORT_BY_NAME(SORT_BY_ALIGNMENT(._adc_driver_api.static.*)))
                0x000000000800719c                _adc_driver_api_list_end = .

auxdisplay_driver_api_area
                0x000000000800719c        0x0
                0x000000000800719c                _auxdisplay_driver_api_list_start = .
 *(SORT_BY_NAME(SORT_BY_ALIGNMENT(._auxdisplay_driver_api.static.*)))
                0x000000000800719c                _auxdisplay_driver_api_list_end = .

bbram_driver_api_area
                0x000000000800719c        0x0
                0x000000000800719c                _bbram_driver_api_list_start = .
 *(SORT_BY_NAME(SORT_BY_ALIGNMENT(._bbram_driver_api.static.*)))
                0x000000000800719c                _bbram_driver_api_list_end = .

biometric_driver_api_area
                0x000000000800719c        0x0
                0x000000000800719c                _biometric_driver_api_list_start = .
 *(SORT_BY_NAME(SORT_BY_ALIGNMENT(._biometric_driver_api.static.*)))
                0x000000000800719c                _biometric_driver_api_list_end = .

bt_hci_driver_api_area
                0x000000000800719c        0x0
                0x000000000800719c                _bt_hci_driver_api_list_start = .
 *(SORT_BY_NAME(SORT_BY_ALIGNMENT(._bt_hci_driver_api.static.*)))
                0x000000000800719c                _bt_hci_driver_api_list_end = .

can_driver_api_area
                0x000000000800719c        0x0
                0x000000000800719c                _can_driver_api_list_start = .
 *(SORT_BY_NAME(SORT_BY_ALIGNMENT(._can_driver_api.static.*)))
                0x000000000800719c                _can_driver_api_list_end = .

cellular_driver_api_area
                0x000000000800719c        0x0
                0x000000000800719c                _cellular_driver_api_list_start = .
 *(SORT_BY_NAME(SORT_BY_ALIGNMENT(._cellular_driver_api.static.*)))
                0x000000000800719c                _cellular_driver_api_list_end = .

charger_driver_api_area
                0x000000000800719c        0x0
                0x000000000800719c                _charger_driver_api_list_start = .
 *(SORT_BY_NAME(SORT_BY_ALIGNMENT(._charger_driver_api.static.*)))
                0x000000000800719c                _charger_driver_api_list_end = .

clock_control_driver_api_area
                0x000000000800719c       0x1c
                0x000000000800719c                _clock_control_driver_api_list_start = .
 *(SORT_BY_NAME(SORT_BY_ALIGNMENT(._clock_control_driver_api.static.*)))
 ._clock_control_driver_api.static.stm32_clock_control_api_
                0x000000000800719c       0x1c zephyr/drivers/clock_control/libdrivers__clock_control.a(clock_stm32_ll_common.c.obj)
                0x00000000080071b8                _clock_control_driver_api_list_end = .

comparator_driver_api_area
                0x00000000080071b8        0x0
                0x00000000080071b8                _comparator_driver_api_list_start = .
 *(SORT_BY_NAME(SORT_BY_ALIGNMENT(._comparator_driver_api.static.*)))
                0x00000000080071b8                _comparator_driver_api_list_end = .

coredump_driver_api_area
                0x00000000080071b8        0x0
                0x00000000080071b8                _coredump_driver_api_list_start = .
 *(SORT_BY_NAME(SORT_BY_ALIGNMENT(._coredump_driver_api.static.*)))
                0x00000000080071b8                _coredump_driver_api_list_end = .

counter_driver_api_area
                0x00000000080071b8        0x0
                0x00000000080071b8                _counter_driver_api_list_start = .
 *(SORT_BY_NAME(SORT_BY_ALIGNMENT(._counter_driver_api.static.*)))
                0x00000000080071b8                _counter_driver_api_list_end = .

crc_driver_api_area
                0x00000000080071b8        0x0
                0x00000000080071b8                _crc_driver_api_list_start = .
 *(SORT_BY_NAME(SORT_BY_ALIGNMENT(._crc_driver_api.static.*)))
                0x00000000080071b8                _crc_driver_api_list_end = .

dac_driver_api_area
                0x00000000080071b8        0x0
                0x00000000080071b8                _dac_driver_api_list_start = .
 *(SORT_BY_NAME(SORT_BY_ALIGNMENT(._dac_driver_api.static.*)))
                0x00000000080071b8                _dac_driver_api_list_end = .

dai_driver_api_area
                0x00000000080071b8        0x0
                0x00000000080071b8                _dai_driver_api_list_start = .
 *(SORT_BY_NAME(SORT_BY_ALIGNMENT(._dai_driver_api.static.*)))
                0x00000000080071b8                _dai_driver_api_list_end = .

display_driver_api_area
                0x00000000080071b8        0x0
                0x00000000080071b8                _display_driver_api_list_start = .
 *(SORT_BY_NAME(SORT_BY_ALIGNMENT(._display_driver_api.static.*)))
                0x00000000080071b8                _display_driver_api_list_end = .

dma_driver_api_area
                0x00000000080071b8        0x0
                0x00000000080071b8                _dma_driver_api_list_start = .
 *(SORT_BY_NAME(SORT_BY_ALIGNMENT(._dma_driver_api.static.*)))
                0x00000000080071b8                _dma_driver_api_list_end = .

edac_driver_api_area
                0x00000000080071b8        0x0
                0x00000000080071b8                _edac_driver_api_list_start = .
 *(SORT_BY_NAME(SORT_BY_ALIGNMENT(._edac_driver_api.static.*)))
                0x00000000080071b8                _edac_driver_api_list_end = .

eeprom_driver_api_area
                0x00000000080071b8        0x0
                0x00000000080071b8                _eeprom_driver_api_list_start = .
 *(SORT_BY_NAME(SORT_BY_ALIGNMENT(._eeprom_driver_api.static.*)))
                0x00000000080071b8                _eeprom_driver_api_list_end = .

emul_bbram_driver_api_area
                0x00000000080071b8        0x0
                0x00000000080071b8                _emul_bbram_driver_api_list_start = .
 *(SORT_BY_NAME(SORT_BY_ALIGNMENT(._emul_bbram_driver_api.static.*)))
                0x00000000080071b8                _emul_bbram_driver_api_list_end = .

fuel_gauge_emul_driver_api_area
                0x00000000080071b8        0x0
                0x00000000080071b8                _fuel_gauge_emul_driver_api_list_start = .
 *(SORT_BY_NAME(SORT_BY_ALIGNMENT(._fuel_gauge_emul_driver_api.static.*)))
                0x00000000080071b8                _fuel_gauge_emul_driver_api_list_end = .

emul_sensor_driver_api_area
                0x00000000080071b8        0x0
                0x00000000080071b8                _emul_sensor_driver_api_list_start = .
 *(SORT_BY_NAME(SORT_BY_ALIGNMENT(._emul_sensor_driver_api.static.*)))
                0x00000000080071b8                _emul_sensor_driver_api_list_end = .

entropy_driver_api_area
                0x00000000080071b8        0x0
                0x00000000080071b8                _entropy_driver_api_list_start = .
 *(SORT_BY_NAME(SORT_BY_ALIGNMENT(._entropy_driver_api.static.*)))
                0x00000000080071b8                _entropy_driver_api_list_end = .

espi_driver_api_area
                0x00000000080071b8        0x0
                0x00000000080071b8                _espi_driver_api_list_start = .
 *(SORT_BY_NAME(SORT_BY_ALIGNMENT(._espi_driver_api.static.*)))
                0x00000000080071b8                _espi_driver_api_list_end = .

espi_saf_driver_api_area
                0x00000000080071b8        0x0
                0x00000000080071b8                _espi_saf_driver_api_list_start = .
 *(SORT_BY_NAME(SORT_BY_ALIGNMENT(._espi_saf_driver_api.static.*)))
                0x00000000080071b8                _espi_saf_driver_api_list_end = .

flash_driver_api_area
                0x00000000080071b8        0x0
                0x00000000080071b8                _flash_driver_api_list_start = .
 *(SORT_BY_NAME(SORT_BY_ALIGNMENT(._flash_driver_api.static.*)))
                0x00000000080071b8                _flash_driver_api_list_end = .

fpga_driver_api_area
                0x00000000080071b8        0x0
                0x00000000080071b8                _fpga_driver_api_list_start = .
 *(SORT_BY_NAME(SORT_BY_ALIGNMENT(._fpga_driver_api.static.*)))
                0x00000000080071b8                _fpga_driver_api_list_end = .

fuel_gauge_driver_api_area
                0x00000000080071b8        0x0
                0x00000000080071b8                _fuel_gauge_driver_api_list_start = .
 *(SORT_BY_NAME(SORT_BY_ALIGNMENT(._fuel_gauge_driver_api.static.*)))
                0x00000000080071b8                _fuel_gauge_driver_api_list_end = .

gnss_driver_api_area
                0x00000000080071b8        0x0
                0x00000000080071b8                _gnss_driver_api_list_start = .
 *(SORT_BY_NAME(SORT_BY_ALIGNMENT(._gnss_driver_api.static.*)))
                0x00000000080071b8                _gnss_driver_api_list_end = .

haptics_driver_api_area
                0x00000000080071b8        0x0
                0x00000000080071b8                _haptics_driver_api_list_start = .
 *(SORT_BY_NAME(SORT_BY_ALIGNMENT(._haptics_driver_api.static.*)))
                0x00000000080071b8                _haptics_driver_api_list_end = .

hwspinlock_driver_api_area
                0x00000000080071b8        0x0
                0x00000000080071b8                _hwspinlock_driver_api_list_start = .
 *(SORT_BY_NAME(SORT_BY_ALIGNMENT(._hwspinlock_driver_api.static.*)))
                0x00000000080071b8                _hwspinlock_driver_api_list_end = .

i2c_driver_api_area
                0x00000000080071b8        0x0
                0x00000000080071b8                _i2c_driver_api_list_start = .
 *(SORT_BY_NAME(SORT_BY_ALIGNMENT(._i2c_driver_api.static.*)))
                0x00000000080071b8                _i2c_driver_api_list_end = .

i2c_target_driver_api_area
                0x00000000080071b8        0x0
                0x00000000080071b8                _i2c_target_driver_api_list_start = .
 *(SORT_BY_NAME(SORT_BY_ALIGNMENT(._i2c_target_driver_api.static.*)))
                0x00000000080071b8                _i2c_target_driver_api_list_end = .

i2s_driver_api_area
                0x00000000080071b8        0x0
                0x00000000080071b8                _i2s_driver_api_list_start = .
 *(SORT_BY_NAME(SORT_BY_ALIGNMENT(._i2s_driver_api.static.*)))
                0x00000000080071b8                _i2s_driver_api_list_end = .

i3c_driver_api_area
                0x00000000080071b8        0x0
                0x00000000080071b8                _i3c_driver_api_list_start = .
 *(SORT_BY_NAME(SORT_BY_ALIGNMENT(._i3c_driver_api.static.*)))
                0x00000000080071b8                _i3c_driver_api_list_end = .

ipm_driver_api_area
                0x00000000080071b8        0x0
                0x00000000080071b8                _ipm_driver_api_list_start = .
 *(SORT_BY_NAME(SORT_BY_ALIGNMENT(._ipm_driver_api.static.*)))
                0x00000000080071b8                _ipm_driver_api_list_end = .

led_driver_api_area
                0x00000000080071b8        0x0
                0x00000000080071b8                _led_driver_api_list_start = .
 *(SORT_BY_NAME(SORT_BY_ALIGNMENT(._led_driver_api.static.*)))
                0x00000000080071b8                _led_driver_api_list_end = .

led_strip_driver_api_area
                0x00000000080071b8        0x0
                0x00000000080071b8                _led_strip_driver_api_list_start = .
 *(SORT_BY_NAME(SORT_BY_ALIGNMENT(._led_strip_driver_api.static.*)))
                0x00000000080071b8                _led_strip_driver_api_list_end = .

lora_driver_api_area
                0x00000000080071b8        0x0
                0x00000000080071b8                _lora_driver_api_list_start = .
 *(SORT_BY_NAME(SORT_BY_ALIGNMENT(._lora_driver_api.static.*)))
                0x00000000080071b8                _lora_driver_api_list_end = .

mbox_driver_api_area
                0x00000000080071b8        0x0
                0x00000000080071b8                _mbox_driver_api_list_start = .
 *(SORT_BY_NAME(SORT_BY_ALIGNMENT(._mbox_driver_api.static.*)))
                0x00000000080071b8                _mbox_driver_api_list_end = .

mdio_driver_api_area
                0x00000000080071b8        0x0
                0x00000000080071b8                _mdio_driver_api_list_start = .
 *(SORT_BY_NAME(SORT_BY_ALIGNMENT(._mdio_driver_api.static.*)))
                0x00000000080071b8                _mdio_driver_api_list_end = .

mipi_dbi_driver_api_area
                0x00000000080071b8        0x0
                0x00000000080071b8                _mipi_dbi_driver_api_list_start = .
 *(SORT_BY_NAME(SORT_BY_ALIGNMENT(._mipi_dbi_driver_api.static.*)))
                0x00000000080071b8                _mipi_dbi_driver_api_list_end = .

mipi_dsi_driver_api_area
                0x00000000080071b8        0x0
                0x00000000080071b8                _mipi_dsi_driver_api_list_start = .
 *(SORT_BY_NAME(SORT_BY_ALIGNMENT(._mipi_dsi_driver_api.static.*)))
                0x00000000080071b8                _mipi_dsi_driver_api_list_end = .

mspi_driver_api_area
                0x00000000080071b8        0x0
                0x00000000080071b8                _mspi_driver_api_list_start = .
 *(SORT_BY_NAME(SORT_BY_ALIGNMENT(._mspi_driver_api.static.*)))
                0x00000000080071b8                _mspi_driver_api_list_end = .

opamp_driver_api_area
                0x00000000080071b8        0x0
                0x00000000080071b8                _opamp_driver_api_list_start = .
 *(SORT_BY_NAME(SORT_BY_ALIGNMENT(._opamp_driver_api.static.*)))
                0x00000000080071b8                _opamp_driver_api_list_end = .

otp_driver_api_area
                0x00000000080071b8        0x0
                0x00000000080071b8                _otp_driver_api_list_start = .
 *(SORT_BY_NAME(SORT_BY_ALIGNMENT(._otp_driver_api.static.*)))
                0x00000000080071b8                _otp_driver_api_list_end = .

peci_driver_api_area
                0x00000000080071b8        0x0
                0x00000000080071b8                _peci_driver_api_list_start = .
 *(SORT_BY_NAME(SORT_BY_ALIGNMENT(._peci_driver_api.static.*)))
                0x00000000080071b8                _peci_driver_api_list_end = .

ps2_driver_api_area
                0x00000000080071b8        0x0
                0x00000000080071b8                _ps2_driver_api_list_start = .
 *(SORT_BY_NAME(SORT_BY_ALIGNMENT(._ps2_driver_api.static.*)))
                0x00000000080071b8                _ps2_driver_api_list_end = .

ptp_clock_driver_api_area
                0x00000000080071b8        0x0
                0x00000000080071b8                _ptp_clock_driver_api_list_start = .
 *(SORT_BY_NAME(SORT_BY_ALIGNMENT(._ptp_clock_driver_api.static.*)))
                0x00000000080071b8                _ptp_clock_driver_api_list_end = .

regulator_parent_driver_api_area
                0x00000000080071b8        0x0
                0x00000000080071b8                _regulator_parent_driver_api_list_start = .
 *(SORT_BY_NAME(SORT_BY_ALIGNMENT(._regulator_parent_driver_api.static.*)))
                0x00000000080071b8                _regulator_parent_driver_api_list_end = .

regulator_driver_api_area
                0x00000000080071b8        0x0
                0x00000000080071b8                _regulator_driver_api_list_start = .
 *(SORT_BY_NAME(SORT_BY_ALIGNMENT(._regulator_driver_api.static.*)))
                0x00000000080071b8                _regulator_driver_api_list_end = .

retained_mem_driver_api_area
                0x00000000080071b8        0x0
                0x00000000080071b8                _retained_mem_driver_api_list_start = .
 *(SORT_BY_NAME(SORT_BY_ALIGNMENT(._retained_mem_driver_api.static.*)))
                0x00000000080071b8                _retained_mem_driver_api_list_end = .

rtc_driver_api_area
                0x00000000080071b8        0x0
                0x00000000080071b8                _rtc_driver_api_list_start = .
 *(SORT_BY_NAME(SORT_BY_ALIGNMENT(._rtc_driver_api.static.*)))
                0x00000000080071b8                _rtc_driver_api_list_end = .

sdhc_driver_api_area
                0x00000000080071b8        0x0
                0x00000000080071b8                _sdhc_driver_api_list_start = .
 *(SORT_BY_NAME(SORT_BY_ALIGNMENT(._sdhc_driver_api.static.*)))
                0x00000000080071b8                _sdhc_driver_api_list_end = .

smbus_driver_api_area
                0x00000000080071b8        0x0
                0x00000000080071b8                _smbus_driver_api_list_start = .
 *(SORT_BY_NAME(SORT_BY_ALIGNMENT(._smbus_driver_api.static.*)))
                0x00000000080071b8                _smbus_driver_api_list_end = .

spi_driver_api_area
                0x00000000080071b8        0x0
                0x00000000080071b8                _spi_driver_api_list_start = .
 *(SORT_BY_NAME(SORT_BY_ALIGNMENT(._spi_driver_api.static.*)))
                0x00000000080071b8                _spi_driver_api_list_end = .

syscon_driver_api_area
                0x00000000080071b8        0x0
                0x00000000080071b8                _syscon_driver_api_list_start = .
 *(SORT_BY_NAME(SORT_BY_ALIGNMENT(._syscon_driver_api.static.*)))
                0x00000000080071b8                _syscon_driver_api_list_end = .

tee_driver_api_area
                0x00000000080071b8        0x0
                0x00000000080071b8                _tee_driver_api_list_start = .
 *(SORT_BY_NAME(SORT_BY_ALIGNMENT(._tee_driver_api.static.*)))
                0x00000000080071b8                _tee_driver_api_list_end = .

uaol_driver_api_area
                0x00000000080071b8        0x0
                0x00000000080071b8                _uaol_driver_api_list_start = .
 *(SORT_BY_NAME(SORT_BY_ALIGNMENT(._uaol_driver_api.static.*)))
                0x00000000080071b8                _uaol_driver_api_list_end = .

video_driver_api_area
                0x00000000080071b8        0x0
                0x00000000080071b8                _video_driver_api_list_start = .
 *(SORT_BY_NAME(SORT_BY_ALIGNMENT(._video_driver_api.static.*)))
                0x00000000080071b8                _video_driver_api_list_end = .

virtio_driver_api_area
                0x00000000080071b8        0x0
                0x00000000080071b8                _virtio_driver_api_list_start = .
 *(SORT_BY_NAME(SORT_BY_ALIGNMENT(._virtio_driver_api.static.*)))
                0x00000000080071b8                _virtio_driver_api_list_end = .

w1_driver_api_area
                0x00000000080071b8        0x0
                0x00000000080071b8                _w1_driver_api_list_start = .
 *(SORT_BY_NAME(SORT_BY_ALIGNMENT(._w1_driver_api.static.*)))
                0x00000000080071b8                _w1_driver_api_list_end = .

wdt_driver_api_area
                0x00000000080071b8        0x0
                0x00000000080071b8                _wdt_driver_api_list_start = .
 *(SORT_BY_NAME(SORT_BY_ALIGNMENT(._wdt_driver_api.static.*)))
                0x00000000080071b8                _wdt_driver_api_list_end = .

wuc_driver_api_area
                0x00000000080071b8        0x0
                0x00000000080071b8                _wuc_driver_api_list_start = .
 *(SORT_BY_NAME(SORT_BY_ALIGNMENT(._wuc_driver_api.static.*)))
                0x00000000080071b8                _wuc_driver_api_list_end = .

can_transceiver_driver_api_area
                0x00000000080071b8        0x0
                0x00000000080071b8                _can_transceiver_driver_api_list_start = .
 *(SORT_BY_NAME(SORT_BY_ALIGNMENT(._can_transceiver_driver_api.static.*)))
                0x00000000080071b8                _can_transceiver_driver_api_list_end = .

nrf_clock_control_driver_api_area
                0x00000000080071b8        0x0
                0x00000000080071b8                _nrf_clock_control_driver_api_list_start = .
 *(SORT_BY_NAME(SORT_BY_ALIGNMENT(._nrf_clock_control_driver_api.static.*)))
                0x00000000080071b8                _nrf_clock_control_driver_api_list_end = .

i3c_target_driver_api_area
                0x00000000080071b8        0x0
                0x00000000080071b8                _i3c_target_driver_api_list_start = .
 *(SORT_BY_NAME(SORT_BY_ALIGNMENT(._i3c_target_driver_api.static.*)))
                0x00000000080071b8                _i3c_target_driver_api_list_end = .

its_driver_api_area
                0x00000000080071b8        0x0
                0x00000000080071b8                _its_driver_api_list_start = .
 *(SORT_BY_NAME(SORT_BY_ALIGNMENT(._its_driver_api.static.*)))
                0x00000000080071b8                _its_driver_api_list_end = .

vtd_driver_api_area
                0x00000000080071b8        0x0
                0x00000000080071b8                _vtd_driver_api_list_start = .
 *(SORT_BY_NAME(SORT_BY_ALIGNMENT(._vtd_driver_api.static.*)))
                0x00000000080071b8                _vtd_driver_api_list_end = .

renesas_elc_driver_api_area
                0x00000000080071b8        0x0
                0x00000000080071b8                _renesas_elc_driver_api_list_start = .
 *(SORT_BY_NAME(SORT_BY_ALIGNMENT(._renesas_elc_driver_api.static.*)))
                0x00000000080071b8                _renesas_elc_driver_api_list_end = .

tgpio_driver_api_area
                0x00000000080071b8        0x0
                0x00000000080071b8                _tgpio_driver_api_list_start = .
 *(SORT_BY_NAME(SORT_BY_ALIGNMENT(._tgpio_driver_api.static.*)))
                0x00000000080071b8                _tgpio_driver_api_list_end = .

pcie_ctrl_driver_api_area
                0x00000000080071b8        0x0
                0x00000000080071b8                _pcie_ctrl_driver_api_list_start = .
 *(SORT_BY_NAME(SORT_BY_ALIGNMENT(._pcie_ctrl_driver_api.static.*)))
                0x00000000080071b8                _pcie_ctrl_driver_api_list_end = .

pcie_ep_driver_api_area
                0x00000000080071b8        0x0
                0x00000000080071b8                _pcie_ep_driver_api_list_start = .
 *(SORT_BY_NAME(SORT_BY_ALIGNMENT(._pcie_ep_driver_api.static.*)))
                0x00000000080071b8                _pcie_ep_driver_api_list_end = .

psi5_driver_api_area
                0x00000000080071b8        0x0
                0x00000000080071b8                _psi5_driver_api_list_start = .
 *(SORT_BY_NAME(SORT_BY_ALIGNMENT(._psi5_driver_api.static.*)))
                0x00000000080071b8                _psi5_driver_api_list_end = .

sent_driver_api_area
                0x00000000080071b8        0x0
                0x00000000080071b8                _sent_driver_api_list_start = .
 *(SORT_BY_NAME(SORT_BY_ALIGNMENT(._sent_driver_api.static.*)))
                0x00000000080071b8                _sent_driver_api_list_end = .

svc_driver_api_area
                0x00000000080071b8        0x0
                0x00000000080071b8                _svc_driver_api_list_start = .
 *(SORT_BY_NAME(SORT_BY_ALIGNMENT(._svc_driver_api.static.*)))
                0x00000000080071b8                _svc_driver_api_list_end = .

stepper_driver_api_area
                0x00000000080071b8        0x0
                0x00000000080071b8                _stepper_driver_api_list_start = .
 *(SORT_BY_NAME(SORT_BY_ALIGNMENT(._stepper_driver_api.static.*)))
                0x00000000080071b8                _stepper_driver_api_list_end = .

stepper_ctrl_driver_api_area
                0x00000000080071b8        0x0
                0x00000000080071b8                _stepper_ctrl_driver_api_list_start = .
 *(SORT_BY_NAME(SORT_BY_ALIGNMENT(._stepper_ctrl_driver_api.static.*)))
                0x00000000080071b8                _stepper_ctrl_driver_api_list_end = .

uart_driver_api_area
                0x00000000080071b8       0x54
                0x00000000080071b8                _uart_driver_api_list_start = .
 *(SORT_BY_NAME(SORT_BY_ALIGNMENT(._uart_driver_api.static.*)))
 ._uart_driver_api.static.uart_stm32_driver_api_
                0x00000000080071b8       0x54 zephyr/drivers/serial/libdrivers__serial.a(uart_stm32.c.obj)
                0x000000000800720c                _uart_driver_api_list_end = .

bc12_emul_driver_api_area
                0x000000000800720c        0x0
                0x000000000800720c                _bc12_emul_driver_api_list_start = .
 *(SORT_BY_NAME(SORT_BY_ALIGNMENT(._bc12_emul_driver_api.static.*)))
                0x000000000800720c                _bc12_emul_driver_api_list_end = .

bc12_driver_api_area
                0x000000000800720c        0x0
                0x000000000800720c                _bc12_driver_api_list_start = .
 *(SORT_BY_NAME(SORT_BY_ALIGNMENT(._bc12_driver_api.static.*)))
                0x000000000800720c                _bc12_driver_api_list_end = .

usbc_ppc_driver_api_area
                0x000000000800720c        0x0
                0x000000000800720c                _usbc_ppc_driver_api_list_start = .
 *(SORT_BY_NAME(SORT_BY_ALIGNMENT(._usbc_ppc_driver_api.static.*)))
                0x000000000800720c                _usbc_ppc_driver_api_list_end = .

tcpc_driver_api_area
                0x000000000800720c        0x0
                0x000000000800720c                _tcpc_driver_api_list_start = .
 *(SORT_BY_NAME(SORT_BY_ALIGNMENT(._tcpc_driver_api.static.*)))
                0x000000000800720c                _tcpc_driver_api_list_end = .

usbc_vbus_driver_api_area
                0x000000000800720c        0x0
                0x000000000800720c                _usbc_vbus_driver_api_list_start = .
 *(SORT_BY_NAME(SORT_BY_ALIGNMENT(._usbc_vbus_driver_api.static.*)))
                0x000000000800720c                _usbc_vbus_driver_api_list_end = .

ivshmem_driver_api_area
                0x000000000800720c        0x0
                0x000000000800720c                _ivshmem_driver_api_list_start = .
 *(SORT_BY_NAME(SORT_BY_ALIGNMENT(._ivshmem_driver_api.static.*)))
                0x000000000800720c                _ivshmem_driver_api_list_end = .

ethphy_driver_api_area
                0x000000000800720c        0x0
                0x000000000800720c                _ethphy_driver_api_list_start = .
 *(SORT_BY_NAME(SORT_BY_ALIGNMENT(._ethphy_driver_api.static.*)))
                0x000000000800720c                _ethphy_driver_api_list_end = .

ztest           0x000000000800720c        0x0
                0x000000000800720c                _ztest_expected_result_entry_list_start = .
 *(SORT_BY_NAME(SORT_BY_ALIGNMENT(._ztest_expected_result_entry.static.*)))
                0x000000000800720c                _ztest_expected_result_entry_list_end = .
                0x000000000800720c                _ztest_suite_node_list_start = .
 *(SORT_BY_NAME(SORT_BY_ALIGNMENT(._ztest_suite_node.static.*)))
                0x000000000800720c                _ztest_suite_node_list_end = .
                0x000000000800720c                _ztest_unit_test_list_start = .
 *(SORT_BY_NAME(SORT_BY_ALIGNMENT(._ztest_unit_test.static.*)))
                0x000000000800720c                _ztest_unit_test_list_end = .
                0x000000000800720c                _ztest_test_rule_list_start = .
 *(SORT_BY_NAME(SORT_BY_ALIGNMENT(._ztest_test_rule.static.*)))
                0x000000000800720c                _ztest_test_rule_list_end = .

init_array      0x000000000800720c        0x0
                0x000000000800720c                __zephyr_init_array_start = .
 *(SORT_BY_INIT_PRIORITY(.init_array.*) SORT_BY_INIT_PRIORITY(.ctors.*))
 *(SORT_BY_ALIGNMENT(.init_array) SORT_BY_ALIGNMENT(.ctors))
                0x000000000800720c                __zephyr_init_array_end = .
                0x0000000000000001                ASSERT ((__zephyr_init_array_start == __zephyr_init_array_end), GNU-style constructors required but STATIC_INIT_GNU not enabled)

bt_l2cap_fixed_chan_area