Archive member included to satisfy reference by file (symbol)

app/libapp.a(main.c.obj)      (--whole-archive)
zephyr/libzephyr.a(validate_libc.c.obj)
                              (--whole-archive)
zephyr/libzephyr.a(heap.c.obj)
                              (--whole-archive)
zephyr/libzephyr.a(cbprintf_packaged.c.obj)
                              (--whole-archive)
zephyr/libzephyr.a(clock.c.obj)
                              (--whole-archive)
zephyr/libzephyr.a(printk.c.obj)
                              (--whole-archive)
zephyr/libzephyr.a(sem.c.obj)
                              (--whole-archive)
zephyr/libzephyr.a(thread_entry.c.obj)
                              (--whole-archive)
zephyr/libzephyr.a(cbprintf_complete.c.obj)
                              (--whole-archive)
zephyr/libzephyr.a(assert.c.obj)
                              (--whole-archive)
zephyr/libzephyr.a(mpsc_pbuf.c.obj)
                              (--whole-archive)
zephyr/libzephyr.a(dec.c.obj)
                              (--whole-archive)
zephyr/libzephyr.a(hex.c.obj)
                              (--whole-archive)
zephyr/libzephyr.a(rb.c.obj)  (--whole-archive)
zephyr/libzephyr.a(timeutil.c.obj)
                              (--whole-archive)
zephyr/libzephyr.a(bitarray.c.obj)
                              (--whole-archive)
zephyr/libzephyr.a(bitmask.c.obj)
                              (--whole-archive)
zephyr/libzephyr.a(getopt.c.obj)
                              (--whole-archive)
zephyr/libzephyr.a(getopt_common.c.obj)
                              (--whole-archive)
zephyr/libzephyr.a(ring_buffer.c.obj)
                              (--whole-archive)
zephyr/libzephyr.a(last_section_id.c.obj)
                              (--whole-archive)
zephyr/libzephyr.a(configs.c.obj)
                              (--whole-archive)
zephyr/libzephyr.a(stm32cube_hal.c.obj)
                              (--whole-archive)
zephyr/libzephyr.a(soc_config.c.obj)
                              (--whole-archive)
zephyr/libzephyr.a(gpioport_mgr.c.obj)
                              (--whole-archive)
zephyr/libzephyr.a(stm32_cache.c.obj)
                              (--whole-archive)
zephyr/libzephyr.a(stm32_backup_domain.c.obj)
                              (--whole-archive)
zephyr/libzephyr.a(soc.c.obj)
                              (--whole-archive)
zephyr/libzephyr.a(log_core.c.obj)
                              (--whole-archive)
zephyr/libzephyr.a(log_mgmt.c.obj)
                              (--whole-archive)
zephyr/libzephyr.a(log_cache.c.obj)
                              (--whole-archive)
zephyr/libzephyr.a(log_msg.c.obj)
                              (--whole-archive)
zephyr/libzephyr.a(log_output.c.obj)
                              (--whole-archive)
zephyr/libzephyr.a(log_backend_uart.c.obj)
                              (--whole-archive)
zephyr/libzephyr.a(mem_attr.c.obj)
                              (--whole-archive)
zephyr/libzephyr.a(tracing_none.c.obj)
                              (--whole-archive)
zephyr/arch/common/libarch__common.a(sw_isr_common.c.obj)
                              (--whole-archive)
zephyr/arch/common/libarch__common.a(init.c.obj)
                              (--whole-archive)
zephyr/arch/common/libarch__common.a(xip.c.obj)
                              (--whole-archive)
zephyr/arch/arch/arm/core/libarch__arm__core.a(fatal.c.obj)
                              (--whole-archive)
zephyr/arch/arch/arm/core/libarch__arm__core.a(nmi.c.obj)
                              (--whole-archive)
zephyr/arch/arch/arm/core/libarch__arm__core.a(nmi_on_reset.S.obj)
                              (--whole-archive)
zephyr/arch/arch/arm/core/libarch__arm__core.a(tls.c.obj)
                              (--whole-archive)
zephyr/arch/arch/arm/core/cortex_m/libarch__arm__core__cortex_m.a(fault.c.obj)
                              (--whole-archive)
zephyr/arch/arch/arm/core/cortex_m/libarch__arm__core__cortex_m.a(fault_s.S.obj)
                              (--whole-archive)
zephyr/arch/arch/arm/core/cortex_m/libarch__arm__core__cortex_m.a(fpu.c.obj)
                              (--whole-archive)
zephyr/arch/arch/arm/core/cortex_m/libarch__arm__core__cortex_m.a(reset.S.obj)
                              (--whole-archive)
zephyr/arch/arch/arm/core/cortex_m/libarch__arm__core__cortex_m.a(scb.c.obj)
                              (--whole-archive)
zephyr/arch/arch/arm/core/cortex_m/libarch__arm__core__cortex_m.a(vector_table.S.obj)
                              (--whole-archive)
zephyr/arch/arch/arm/core/cortex_m/libarch__arm__core__cortex_m.a(svc.S.obj)
                              (--whole-archive)
zephyr/arch/arch/arm/core/cortex_m/libarch__arm__core__cortex_m.a(irq_manage.c.obj)
                              (--whole-archive)
zephyr/arch/arch/arm/core/cortex_m/libarch__arm__core__cortex_m.a(prep_c.c.obj)
                              (--whole-archive)
zephyr/arch/arch/arm/core/cortex_m/libarch__arm__core__cortex_m.a(thread.c.obj)
[...]
Memory Configuration

Name             Origin             Length             Attributes
FLASH            0x0000000008000000 0x0000000000100000 xr
RAM              0x0000000020010000 0x0000000000040000 xw
QSPI_PLACEHOLDER 0x0000000090000000 0x0000000010000000 rw
SRAM0            0x0000000020010000 0x0000000000040000 rw
DTCM             0x0000000020000000 0x0000000000010000 rw
SDRAM1           0x00000000c0000000 0x0000000000800000 rw
EXTMEM           0x0000000090000000 0x0000000001000000 rw
IDT_LIST         0x00000000ffff7fff 0x0000000000008000 xw
*default*        0x0000000000000000 0xffffffffffffffff

Linker script and memory map

                0x0000000008005834                vfprintf = __d_vfprintf
                0x0000000000000000                vfscanf = __d_vfscanf
LOAD zephyr/CMakeFiles/zephyr_pre0.dir/misc/empty_file.c.obj
LOAD zephyr/CMakeFiles/offsets.dir/./arch/arm/core/offsets/offsets.c.obj
LOAD app/libapp.a
LOAD zephyr/libzephyr.a
LOAD zephyr/arch/common/libarch__common.a
LOAD zephyr/arch/arch/arm/core/libarch__arm__core.a
LOAD zephyr/arch/arch/arm/core/cortex_m/libarch__arm__core__cortex_m.a
LOAD zephyr/arch/arch/arm/core/mpu/libarch__arm__core__mpu.a
LOAD zephyr/lib/libc/picolibc/liblib__libc__picolibc.a
LOAD zephyr/lib/libc/common/liblib__libc__common.a
LOAD zephyr/lib/posix/c_lib_ext/liblib__posix__c_lib_ext.a
LOAD zephyr/drivers/interrupt_controller/libdrivers__interrupt_controller.a
LOAD zephyr/drivers/clock_control/libdrivers__clock_control.a
LOAD zephyr/drivers/console/libdrivers__console.a
LOAD zephyr/drivers/gpio/libdrivers__gpio.a
LOAD zephyr/drivers/i2c/libdrivers__i2c.a
LOAD zephyr/drivers/pinctrl/libdrivers__pinctrl.a
LOAD zephyr/drivers/reset/libdrivers__reset.a
LOAD zephyr/drivers/sensor/tdk/mpu9250/libdrivers__sensor__tdk__mpu9250.a
LOAD zephyr/drivers/serial/libdrivers__serial.a
LOAD zephyr/drivers/timer/libdrivers__timer.a
LOAD modules/hal_stm32/stm32cube/lib..__modules__hal__stm32__stm32cube.a
LOAD zephyr/kernel/libkernel.a
LOAD zephyr/arch/common/libisr_tables.a
LOAD /home/faiza/zephyr-sdk-0.17.4/arm-zephyr-eabi/bin/../lib/gcc/../../picolibc/arm-zephyr-eabi/lib/thumb/v7e-m+fp/hard/libc.a
LOAD /home/faiza/zephyr-sdk-0.17.4/arm-zephyr-eabi/bin/../lib/gcc/arm-zephyr-eabi/12.2.0/thumb/v7e-m+fp/hard/libgcc.a
                0x0000000000000080                _region_min_align = 0x80

.rel.plt        0x0000000008000000        0x0
 *(SORT_BY_ALIGNMENT(.rel.plt))
                [!provide]                        PROVIDE (__rel_iplt_start = .)
 *(SORT_BY_ALIGNMENT(.rel.iplt))
 .rel.iplt      0x0000000008000000        0x0 app/libapp.a(main.c.obj)
                [!provide]                        PROVIDE (__rel_iplt_end = .)

.rela.plt       0x0000000000000000        0x0
 *(SORT_BY_ALIGNMENT(.rela.plt))
                [!provide]                        PROVIDE (__rela_iplt_start = .)
 *(SORT_BY_ALIGNMENT(.rela.iplt))
                [!provide]                        PROVIDE (__rela_iplt_end = .)

.rel.dyn
 *(SORT_BY_ALIGNMENT(.rel.*))

.rela.dyn
 *(SORT_BY_ALIGNMENT(.rela.*))

/DISCARD/
 *(SORT_BY_ALIGNMENT(.plt))

/DISCARD/
 *(SORT_BY_ALIGNMENT(.iplt))
                0x0000000008000000                __rom_region_start = 0x8000000

rom_start       0x0000000008000000      0x1c8
                0x0000000008000000                __rom_start_address = .
 FILL mask 0x00
                0x0000000008000000                . = (. + (0x0 - (. - __rom_start_address)))
                0x0000000008000000                . = ALIGN (0x4)
                0x0000000008000000                . = ALIGN (0x80)
                0x0000000008000000                . = ALIGN (0x200)
                0x0000000008000000                _vector_start = .
 *(SORT_BY_ALIGNMENT(.exc_vector_table))
 *(SORT_BY_ALIGNMENT(.exc_vector_table.*))
 .exc_vector_table._vector_table_section
                0x0000000008000000       0x40 zephyr/arch/arch/arm/core/cortex_m/libarch__arm__core__cortex_m.a(vector_table.S.obj)
                0x0000000008000000                _vector_table
 *(SORT_BY_ALIGNMENT(.vectors))
                0x00000000080001c8                _vector_end = .
                0x0000000008000040                . = ALIGN (0x4)
 *(SORT_BY_ALIGNMENT(.gnu.linkonce.irq_vector_table*))
 .gnu.linkonce.irq_vector_table
                0x0000000008000040      0x188 zephyr/arch/common/libisr_tables.a(isr_tables.c.obj)
                0x0000000008000040                _irq_vector_table
                0x00000000080001c8                _vector_end = .

text            0x00000000080001c8     0x81ac
                0x00000000080001c8                __text_region_start = .
 *(SORT_BY_ALIGNMENT(.text))
 .text          0x00000000080001c8      0x378 /home/faiza/zephyr-sdk-0.17.4/arm-zephyr-eabi/bin/../lib/gcc/arm-zephyr-eabi/12.2.0/thumb/v7e-m+fp/hard/libgcc.a(_arm_addsubdf3.o)
                0x00000000080001c8                __aeabi_drsub
                0x00000000080001d0                __aeabi_dsub
                0x00000000080001d0                __subdf3
                0x00000000080001d4                __adddf3
                0x00000000080001d4                __aeabi_dadd
                0x000000000800044c                __aeabi_ui2d
                0x000000000800044c                __floatunsidf
                0x000000000800046c                __floatsidf
                0x000000000800046c                __aeabi_i2d
                0x0000000008000490                __extendsfdf2
                0x0000000008000490                __aeabi_f2d
                0x00000000080004d4                __aeabi_ul2d
                0x00000000080004d4                __floatundidf
                0x00000000080004e4                __floatdidf
                0x00000000080004e4                __aeabi_l2d
 .text          0x0000000008000540      0x424 /home/faiza/zephyr-sdk-0.17.4/arm-zephyr-eabi/bin/../lib/gcc/arm-zephyr-eabi/12.2.0/thumb/v7e-m+fp/hard/libgcc.a(_arm_muldivdf3.o)
                0x0000000008000540                __aeabi_dmul
                0x0000000008000540                __muldf3
                0x0000000008000794                __aeabi_ddiv
                0x0000000008000794                __divdf3
 .text          0x0000000008000964       0xa0 /home/faiza/zephyr-sdk-0.17.4/arm-zephyr-eabi/bin/../lib/gcc/arm-zephyr-eabi/12.2.0/thumb/v7e-m+fp/hard/libgcc.a(_aeabi_ldivmod.o)
                0x0000000008000964                __aeabi_ldivmod
 .text          0x0000000008000a04       0x30 /home/faiza/zephyr-sdk-0.17.4/arm-zephyr-eabi/bin/../lib/gcc/arm-zephyr-eabi/12.2.0/thumb/v7e-m+fp/hard/libgcc.a(_aeabi_uldivmod.o)
                0x0000000008000a04                __aeabi_uldivmod
 .text          0x0000000008000a34        0x4 /home/faiza/zephyr-sdk-0.17.4/arm-zephyr-eabi/bin/../lib/gcc/arm-zephyr-eabi/12.2.0/thumb/v7e-m+fp/hard/libgcc.a(_dvmd_tls.o)
                0x0000000008000a34                __aeabi_ldiv0
                0x0000000008000a34                __aeabi_idiv0
 .text          0x0000000008000a38       0x10 /home/faiza/zephyr-sdk-0.17.4/arm-zephyr-eabi/bin/../lib/gcc/../../picolibc/arm-zephyr-eabi/lib/thumb/v7e-m+fp/hard/libc.a(strlen.S.o)
                0x0000000008000a38                strlen
 .text          0x0000000008000a48      0x2a0 /home/faiza/zephyr-sdk-0.17.4/arm-zephyr-eabi/bin/../lib/gcc/arm-zephyr-eabi/12.2.0/thumb/v7e-m+fp/hard/libgcc.a(_udivmoddi4.o)
                0x0000000008000a48                __udivmoddi4
 *(SORT_BY_ALIGNMENT(.text.*))
 .text.main     0x0000000008000ce8      0x258 app/libapp.a(main.c.obj)
                0x0000000008000ce8                main
 .text.sensor_channel_get.constprop.0
                0x0000000008000f40       0x1c app/libapp.a(main.c.obj)
 .text.cbvprintf_package
                0x0000000008000f5c      0x3a4 zephyr/libzephyr.a(cbprintf_packaged.c.obj)
                0x0000000008000f5c                cbvprintf_package
 .text.cbprintf_package_convert
                0x0000000008001300      0x3cc zephyr/libzephyr.a(cbprintf_packaged.c.obj)
                0x0000000008001300                cbprintf_package_convert
 .text.__printk_hook_install
                0x00000000080016cc        0xc zephyr/libzephyr.a(printk.c.obj)
                0x00000000080016cc                __printk_hook_install
 .text.z_thread_entry
                0x00000000080016d8       0x34 zephyr/libzephyr.a(thread_entry.c.obj)
                0x00000000080016d8                z_thread_entry
 .text.st_stm32_common_config
                0x000000000800170c       0x14 zephyr/libzephyr.a(soc_config.c.obj)
 .text.stm32_gpioport_init
                0x0000000008001720       0x20 zephyr/libzephyr.a(gpioport_mgr.c.obj)
 .text.stm32_gpioport_get
                0x0000000008001740       0x24 zephyr/libzephyr.a(gpioport_mgr.c.obj)
                0x0000000008001740                stm32_gpioport_get
 .text.soc_early_init_hook
                0x0000000008001764       0x28 zephyr/libzephyr.a(soc.c.obj)
                0x0000000008001764                soc_early_init_hook
 .text.activate_foreach_backend
                0x000000000800178c       0x64 zephyr/libzephyr.a(log_core.c.obj)
 .text.enable_logger
                0x00000000080017f0       0x5c zephyr/libzephyr.a(log_core.c.obj)
 .text.log_process_thread_timer_expiry_fn
                0x000000000800184c        0xc zephyr/libzephyr.a(log_core.c.obj)
 .text.z_log_init
                0x0000000008001858       0x94 zephyr/libzephyr.a(log_core.c.obj)
 .text.log_format_func_t_get
                0x00000000080018ec        0xc zephyr/libzephyr.a(log_core.c.obj)
                0x00000000080018ec                log_format_func_t_get
 .text.log_set_timestamp_func
                0x00000000080018f8       0x20 zephyr/libzephyr.a(log_core.c.obj)
                0x00000000080018f8                log_set_timestamp_func
 .text.z_log_notify_backend_enabled
                0x0000000008001918       0x1c zephyr/libzephyr.a(log_core.c.obj)
                0x0000000008001918                z_log_notify_backend_enabled
 .text.z_log_dropped
                0x0000000008001934       0x44 zephyr/libzephyr.a(log_core.c.obj)
                0x0000000008001934                z_log_dropped
 .text.z_log_dropped_read_and_clear
                0x0000000008001978       0x20 zephyr/libzephyr.a(log_core.c.obj)
                0x0000000008001978                z_log_dropped_read_and_clear
 .text.dropped_notify
                0x0000000008001998       0x30 zephyr/libzephyr.a(log_core.c.obj)
                0x0000000008001998                dropped_notify
 .text.z_log_msg_init
                0x00000000080019c8       0x20 zephyr/libzephyr.a(log_core.c.obj)
                0x00000000080019c8                z_log_msg_init
 .text.log_core_init
                0x00000000080019e8       0x50 zephyr/libzephyr.a(log_core.c.obj)
                0x00000000080019e8                log_core_init
 .text.z_log_msg_alloc
                0x0000000008001a38       0x10 zephyr/libzephyr.a(log_core.c.obj)
                0x0000000008001a38                z_log_msg_alloc
 .text.z_log_msg_local_claim
                0x0000000008001a48        0xc zephyr/libzephyr.a(log_core.c.obj)
                0x0000000008001a48                z_log_msg_local_claim
 .text.z_log_msg_free
                0x0000000008001a54       0x10 zephyr/libzephyr.a(log_core.c.obj)
                0x0000000008001a54                z_log_msg_free
 .text.z_log_msg_pending
                0x0000000008001a64        0xc zephyr/libzephyr.a(log_core.c.obj)
                0x0000000008001a64                z_log_msg_pending
 .text.z_impl_log_process
                0x0000000008001a70       0xb4 zephyr/libzephyr.a(log_core.c.obj)
                0x0000000008001a70                z_impl_log_process
 .text.z_impl_log_panic
                0x0000000008001b24       0x44 zephyr/libzephyr.a(log_core.c.obj)
                0x0000000008001b24                z_impl_log_panic
 .text.log_process_thread_func
                0x0000000008001b68       0xa4 zephyr/libzephyr.a(log_core.c.obj)
 .text.z_log_msg_post_finalize
                0x0000000008001c0c       0x78 zephyr/libzephyr.a(log_core.c.obj)
 .text.z_log_msg_commit
                0x0000000008001c84       0x24 zephyr/libzephyr.a(log_core.c.obj)
                0x0000000008001c84                z_log_msg_commit
 .text.log_source_name_get
                0x0000000008001ca8       0x1c zephyr/libzephyr.a(log_mgmt.c.obj)
                0x0000000008001ca8                log_source_name_get
 .text.z_impl_z_log_msg_static_create
                0x0000000008001cc4      0x108 zephyr/libzephyr.a(log_msg.c.obj)
                0x0000000008001cc4                z_impl_z_log_msg_static_create
 .text.z_log_msg_runtime_vcreate
                0x0000000008001dcc       0xa0 zephyr/libzephyr.a(log_msg.c.obj)
                0x0000000008001dcc                z_log_msg_runtime_vcreate
 .text.log_msg_get_source_id
                0x0000000008001e6c       0x18 zephyr/libzephyr.a(log_msg.c.obj)
                0x0000000008001e6c                log_msg_get_source_id
 .text.print_formatted
                0x0000000008001e84       0x24 zephyr/libzephyr.a(log_output.c.obj)
 .text.newline_print
                0x0000000008001ea8       0x1c zephyr/libzephyr.a(log_output.c.obj)
 .text.log_output_process
                0x0000000008001ec4      0x2d8 zephyr/libzephyr.a(log_output.c.obj)
                0x0000000008001ec4                log_output_process
 .text.log_output_dropped_process
                0x000000000800219c       0x58 zephyr/libzephyr.a(log_output.c.obj)
                0x000000000800219c                log_output_dropped_process
 .text.log_output_timestamp_freq_set
                0x00000000080021f4       0x2c zephyr/libzephyr.a(log_output.c.obj)
                0x00000000080021f4                log_output_timestamp_freq_set
 .text.char_out
                0x0000000008002220       0x24 zephyr/libzephyr.a(log_backend_uart.c.obj)
 .text.mem_attr_get_regions
                0x0000000008002244        0xc zephyr/libzephyr.a(mem_attr.c.obj)
                0x0000000008002244                mem_attr_get_regions
 .text.arch_bss_zero
                0x0000000008002250       0x2c zephyr/arch/common/libarch__common.a(init.c.obj)
                0x0000000008002250                arch_bss_zero
 .text.arch_data_copy
                0x000000000800227c       0x50 zephyr/arch/common/libarch__common.a(xip.c.obj)
                0x000000000800227c                arch_data_copy
 .text.z_arm_fatal_error
                0x00000000080022cc      0x120 zephyr/arch/arch/arm/core/libarch__arm__core.a(fatal.c.obj)
                0x00000000080022cc                z_arm_fatal_error
 .text.z_SysNmiOnReset
                0x00000000080023ec        0x8 zephyr/arch/arch/arm/core/libarch__arm__core.a(nmi_on_reset.S.obj)
                0x00000000080023ec                z_SysNmiOnReset
 .text.arch_tls_stack_setup
                0x00000000080023f4       0x40 zephyr/arch/arch/arm/core/libarch__arm__core.a(tls.c.obj)
                0x00000000080023f4                arch_tls_stack_setup
 .text.bus_fault.constprop.0
                0x0000000008002434       0xd0 zephyr/arch/arch/arm/core/cortex_m/libarch__arm__core__cortex_m.a(fault.c.obj)
 .text.usage_fault.constprop.0
                0x0000000008002504       0xa8 zephyr/arch/arch/arm/core/cortex_m/libarch__arm__core__cortex_m.a(fault.c.obj)
 .text.mem_manage_fault
                0x00000000080025ac      0x104 zephyr/arch/arch/arm/core/cortex_m/libarch__arm__core__cortex_m.a(fault.c.obj)
 .text.z_arm_fault
                0x00000000080026b0      0x1c8 zephyr/arch/arch/arm/core/cortex_m/libarch__arm__core__cortex_m.a(fault.c.obj)
                0x00000000080026b0                z_arm_fault
 .text.z_arm_fault_init
                0x0000000008002878       0x18 zephyr/arch/arch/arm/core/cortex_m/libarch__arm__core__cortex_m.a(fault.c.obj)
                0x0000000008002878                z_arm_fault_init
 .text.__fault  0x0000000008002890       0x14 zephyr/arch/arch/arm/core/cortex_m/libarch__arm__core__cortex_m.a(fault_s.S.obj)
                0x0000000008002890                z_arm_bus_fault
                0x0000000008002890                z_arm_usage_fault
                0x0000000008002890                z_arm_mpu_fault
                0x0000000008002890                z_arm_exc_spurious
                0x0000000008002890                z_arm_debug_monitor
                0x0000000008002890                z_arm_hard_fault
 .text._reset_section
                0x00000000080028a4       0x34 zephyr/arch/arch/arm/core/cortex_m/libarch__arm__core__cortex_m.a(reset.S.obj)
                0x00000000080028a4                z_arm_reset
                0x00000000080028a4                __start
 .text.z_arm_svc
                0x00000000080028d8       0x24 zephyr/arch/arch/arm/core/cortex_m/libarch__arm__core__cortex_m.a(svc.S.obj)
                0x00000000080028d8                z_arm_svc
 .text.arm_irq_enable
                0x00000000080028fc       0x1c zephyr/arch/arch/arm/core/cortex_m/libarch__arm__core__cortex_m.a(irq_manage.c.obj)
                0x00000000080028fc                arm_irq_enable
 .text.arm_irq_priority_set
                0x0000000008002918       0x2c zephyr/arch/arch/arm/core/cortex_m/libarch__arm__core__cortex_m.a(irq_manage.c.obj)
                0x0000000008002918                arm_irq_priority_set
 .text.relocate_vector_table
                0x0000000008002944       0x1c zephyr/arch/arch/arm/core/cortex_m/libarch__arm__core__cortex_m.a(prep_c.c.obj)
                0x0000000008002944                relocate_vector_table
 .text.z_prep_c
                0x0000000008002960       0x4c zephyr/arch/arch/arm/core/cortex_m/libarch__arm__core__cortex_m.a(prep_c.c.obj)
                0x0000000008002960                z_prep_c
 .text.arch_new_thread
                0x00000000080029ac       0x34 zephyr/arch/arch/arm/core/cortex_m/libarch__arm__core__cortex_m.a(thread.c.obj)
                0x00000000080029ac                arch_new_thread
 .text.z_arm_mpu_stack_guard_and_fpu_adjust
                0x00000000080029e0       0x54 zephyr/arch/arch/arm/core/cortex_m/libarch__arm__core__cortex_m.a(thread.c.obj)
                0x00000000080029e0                z_arm_mpu_stack_guard_and_fpu_adjust
 .text.z_check_thread_stack_fail
                0x0000000008002a34       0x2c zephyr/arch/arch/arm/core/cortex_m/libarch__arm__core__cortex_m.a(thread.c.obj)
                0x0000000008002a34                z_check_thread_stack_fail
 .text.arch_float_disable
                0x0000000008002a60       0x48 zephyr/arch/arch/arm/core/cortex_m/libarch__arm__core__cortex_m.a(thread.c.obj)
                0x0000000008002a60                arch_float_disable
 .text.arch_switch_to_main_thread
                0x0000000008002aa8       0x58 zephyr/arch/arch/arm/core/cortex_m/libarch__arm__core__cortex_m.a(thread.c.obj)
                0x0000000008002aa8                arch_switch_to_main_thread
 .text.z_arm_cpu_idle_init
                0x0000000008002b00        0xc zephyr/arch/arch/arm/core/cortex_m/libarch__arm__core__cortex_m.a(cpu_idle.c.obj)
                0x0000000008002b00                z_arm_cpu_idle_init
 .text._HandlerModeExit
                0x0000000008002b0c       0x20 zephyr/arch/arch/arm/core/cortex_m/libarch__arm__core__cortex_m.a(exc_exit.c.obj)
                0x0000000008002b0c                z_arm_exc_exit
                0x0000000008002b0c                z_arm_int_exit
 .text.z_impl_k_thread_abort
                0x0000000008002b2c       0x2c zephyr/arch/arch/arm/core/cortex_m/libarch__arm__core__cortex_m.a(thread_abort.c.obj)
                0x0000000008002b2c                z_impl_k_thread_abort
 .text.z_arm_pendsv
                0x0000000008002b58       0x9c zephyr/arch/arch/arm/core/cortex_m/libarch__arm__core__cortex_m.a(swap_helper.S.obj)
                0x0000000008002b58                z_arm_pendsv
 .text.z_arm_interrupt_init
                0x0000000008002bf4       0x18 zephyr/arch/arch/arm/core/cortex_m/libarch__arm__core__cortex_m.a(irq_init.c.obj)
                0x0000000008002bf4                z_arm_interrupt_init
 .text._isr_wrapper
                0x0000000008002c0c       0x24 zephyr/arch/arch/arm/core/cortex_m/libarch__arm__core__cortex_m.a(isr_wrapper.c.obj)
                0x0000000008002c0c                _isr_wrapper
 .text.__aeabi_read_tp
                0x0000000008002c30        0xc zephyr/arch/arch/arm/core/cortex_m/libarch__arm__core__cortex_m.a(__aeabi_read_tp.S.obj)
                0x0000000008002c30                __aeabi_read_tp
 .text.z_arm_configure_static_mpu_regions
                0x0000000008002c3c       0x18 zephyr/arch/arch/arm/core/mpu/libarch__arm__core__mpu.a(arm_core_mpu.c.obj)
                0x0000000008002c3c                z_arm_configure_static_mpu_regions
 .text.z_arm_configure_dynamic_mpu_regions
                0x0000000008002c54       0x2c zephyr/arch/arch/arm/core/mpu/libarch__arm__core__mpu.a(arm_core_mpu.c.obj)
                0x0000000008002c54                z_arm_configure_dynamic_mpu_regions
 .text.region_allocate_and_init
                0x0000000008002c80       0x54 zephyr/arch/arch/arm/core/mpu/libarch__arm__core__mpu.a(arm_mpu.c.obj)
 .text.mpu_configure_regions
                0x0000000008002cd4       0x68 zephyr/arch/arch/arm/core/mpu/libarch__arm__core__mpu.a(arm_mpu.c.obj)
 .text.arm_core_mpu_enable
                0x0000000008002d3c       0x18 zephyr/arch/arch/arm/core/mpu/libarch__arm__core__mpu.a(arm_mpu.c.obj)
                0x0000000008002d3c                arm_core_mpu_enable
 .text.arm_core_mpu_disable
                0x0000000008002d54       0x14 zephyr/arch/arch/arm/core/mpu/libarch__arm__core__mpu.a(arm_mpu.c.obj)
                0x0000000008002d54                arm_core_mpu_disable
 .text.arm_core_mpu_configure_static_mpu_regions
                0x0000000008002d68       0x14 zephyr/arch/arch/arm/core/mpu/libarch__arm__core__mpu.a(arm_mpu.c.obj)
                0x0000000008002d68                arm_core_mpu_configure_static_mpu_regions
 .text.arm_core_mpu_configure_dynamic_mpu_regions
                0x0000000008002d7c       0x38 zephyr/arch/arch/arm/core/mpu/libarch__arm__core__mpu.a(arm_mpu.c.obj)
                0x0000000008002d7c                arm_core_mpu_configure_dynamic_mpu_regions
 .text.z_arm_mpu_init
                0x0000000008002db4      0x198 zephyr/arch/arch/arm/core/mpu/libarch__arm__core__mpu.a(arm_mpu.c.obj)
                0x0000000008002db4                z_arm_mpu_init
 .text.cbvprintf
                0x0000000008002f4c       0x38 zephyr/lib/libc/picolibc/liblib__libc__picolibc.a(cbprintf.c.obj)
                0x0000000008002f4c                cbvprintf
 .text.z_impl_zephyr_fputc
                0x0000000008002f84       0x10 zephyr/lib/libc/picolibc/liblib__libc__picolibc.a(stdio.c.obj)
                0x0000000008002f84                z_impl_zephyr_fputc
 .text.__stdout_hook_install
                0x0000000008002f94       0x18 zephyr/lib/libc/picolibc/liblib__libc__picolibc.a(stdio.c.obj)
                0x0000000008002f94                __stdout_hook_install
 .text.malloc_prepare
                0x0000000008002fac       0x24 zephyr/lib/libc/common/liblib__libc__common.a(malloc.c.obj)
 .text.stm32_exti_init
                0x0000000008002fd0       0x30 zephyr/drivers/interrupt_controller/libdrivers__interrupt_controller.a(intc_exti_stm32.c.obj)
 .text.stm32_exti_is_pending
                0x0000000008003000       0x38 zephyr/drivers/interrupt_controller/libdrivers__interrupt_controller.a(intc_exti_stm32.c.obj)
                0x0000000008003000                stm32_exti_is_pending
 .text.stm32_exti_clear_pending
                0x0000000008003038       0x34 zephyr/drivers/interrupt_controller/libdrivers__interrupt_controller.a(intc_exti_stm32.c.obj)
                0x0000000008003038                stm32_exti_clear_pending
 .text.stm32_fill_irq_table
                0x000000000800306c       0x18 zephyr/drivers/interrupt_controller/libdrivers__interrupt_controller.a(intc_gpio_stm32.c.obj)
 .text.stm32_intc_gpio_isr
                0x0000000008003084       0x4c zephyr/drivers/interrupt_controller/libdrivers__interrupt_controller.a(intc_gpio_stm32.c.obj)
 .text.stm32_gpio_intc_enable_line
                0x00000000080030d0       0x2c zephyr/drivers/interrupt_controller/libdrivers__interrupt_controller.a(intc_gpio_stm32.c.obj)
                0x00000000080030d0                stm32_gpio_intc_enable_line
 .text.stm32_gpio_intc_disable_line
                0x00000000080030fc       0x10 zephyr/drivers/interrupt_controller/libdrivers__interrupt_controller.a(intc_gpio_stm32.c.obj)
                0x00000000080030fc                stm32_gpio_intc_disable_line
 .text.stm32_gpio_intc_select_line_trigger
                0x000000000800310c       0x50 zephyr/drivers/interrupt_controller/libdrivers__interrupt_controller.a(intc_gpio_stm32.c.obj)
                0x000000000800310c                stm32_gpio_intc_select_line_trigger
 .text.stm32_gpio_intc_set_irq_callback
                0x000000000800315c       0x40 zephyr/drivers/interrupt_controller/libdrivers__interrupt_controller.a(intc_gpio_stm32.c.obj)
                0x000000000800315c                stm32_gpio_intc_set_irq_callback
 .text.stm32_gpio_intc_remove_irq_callback
                0x000000000800319c       0x24 zephyr/drivers/interrupt_controller/libdrivers__interrupt_controller.a(intc_gpio_stm32.c.obj)
                0x000000000800319c                stm32_gpio_intc_remove_irq_callback
 .text.stm32_exti_get_line_src_port
                0x00000000080031c0       0x30 zephyr/drivers/interrupt_controller/libdrivers__interrupt_controller.a(intc_gpio_stm32.c.obj)
                0x00000000080031c0                stm32_exti_get_line_src_port
 .text.stm32_clock_control_get_subsys_rate
                0x00000000080031f0       0xe4 zephyr/drivers/clock_control/libdrivers__clock_control.a(clock_stm32_ll_common.c.obj)
 .text.enabled_clock
                0x00000000080032d4       0x20 zephyr/drivers/clock_control/libdrivers__clock_control.a(clock_stm32_ll_common.c.obj)
                0x00000000080032d4                enabled_clock
 .text.stm32_clock_control_init
                0x00000000080032f4      0x150 zephyr/drivers/clock_control/libdrivers__clock_control.a(clock_stm32_ll_common.c.obj)
                0x00000000080032f4                stm32_clock_control_init
 .text.get_pllsrc_frequency
                0x0000000008003444        0x8 zephyr/drivers/clock_control/libdrivers__clock_control.a(clock_stm32f2_f4_f7.c.obj)
                0x0000000008003444                get_pllsrc_frequency
 .text.config_pll_sysclock
                0x000000000800344c       0x60 zephyr/drivers/clock_control/libdrivers__clock_control.a(clock_stm32f2_f4_f7.c.obj)
                0x000000000800344c                config_pll_sysclock
 .text.get_pllsaisrc_frequency
                0x00000000080034ac        0x8 zephyr/drivers/clock_control/libdrivers__clock_control.a(clock_stm32f2_f4_f7.c.obj)
                0x00000000080034ac                get_pllsaisrc_frequency
 .text.config_pllsai
                0x00000000080034b4       0x44 zephyr/drivers/clock_control/libdrivers__clock_control.a(clock_stm32f2_f4_f7.c.obj)
                0x00000000080034b4                config_pllsai
 .text.config_enable_default_clocks
                0x00000000080034f8       0x20 zephyr/drivers/clock_control/libdrivers__clock_control.a(clock_stm32f2_f4_f7.c.obj)
                0x00000000080034f8                config_enable_default_clocks
 .text.uart_console_init
                0x0000000008003518       0x28 zephyr/drivers/console/libdrivers__console.a(uart_console.c.obj)
 .text.console_out
                0x0000000008003540       0x28 zephyr/drivers/console/libdrivers__console.a(uart_console.c.obj)
 .text.gpio_stm32_pin_interrupt_configure
                0x0000000008003568       0xac zephyr/drivers/gpio/libdrivers__gpio.a(gpio_stm32.c.obj)
 .text.i2c_stm32_get_config.part.0
                0x0000000008003614       0x1c zephyr/drivers/i2c/libdrivers__i2c.a(i2c_stm32.c.obj)
 .text.i2c_stm32_set_smbus_mode
                0x0000000008003630       0x54 zephyr/drivers/i2c/libdrivers__i2c.a(i2c_stm32.c.obj)
                0x0000000008003630                i2c_stm32_set_smbus_mode
 .text.i2c_stm32_runtime_configure
                0x0000000008003684       0x88 zephyr/drivers/i2c/libdrivers__i2c.a(i2c_stm32.c.obj)
                0x0000000008003684                i2c_stm32_runtime_configure
 .text.i2c_stm32_init
                0x000000000800370c       0xb4 zephyr/drivers/i2c/libdrivers__i2c.a(i2c_stm32.c.obj)
 .text.i2c_stm32_activate
                0x00000000080037c0       0x68 zephyr/drivers/i2c/libdrivers__i2c.a(i2c_stm32_common.c.obj)
                0x00000000080037c0                i2c_stm32_activate
 .text.i2c_stm32_configure_timing
                0x0000000008003828      0x17c zephyr/drivers/i2c/libdrivers__i2c.a(i2c_stm32_v2.c.obj)
                0x0000000008003828                i2c_stm32_configure_timing
 .text.i2c_stm32_transaction
                0x00000000080039a4      0x1d0 zephyr/drivers/i2c/libdrivers__i2c.a(i2c_stm32_v2.c.obj)
                0x00000000080039a4                i2c_stm32_transaction
 .text.mpu9250_convert_gyro
                0x0000000008003b74       0x30 zephyr/drivers/sensor/tdk/mpu9250/libdrivers__sensor__tdk__mpu9250.a(mpu9250.c.obj)
 .text.mpu9250_sample_fetch
                0x0000000008003ba4       0x78 zephyr/drivers/sensor/tdk/mpu9250/libdrivers__sensor__tdk__mpu9250.a(mpu9250.c.obj)
 .text.mpu9250_channel_get
                0x0000000008003c1c      0x174 zephyr/drivers/sensor/tdk/mpu9250/libdrivers__sensor__tdk__mpu9250.a(mpu9250.c.obj)
 .text.mpu9250_init
                0x0000000008003d90      0x1dc zephyr/drivers/sensor/tdk/mpu9250/libdrivers__sensor__tdk__mpu9250.a(mpu9250.c.obj)
 .text.uart_stm32_set_baudrate
                0x0000000008003f6c       0xa0 zephyr/drivers/serial/libdrivers__serial.a(uart_stm32.c.obj)
 .text.uart_stm32_parameters_set
                0x000000000800400c      0x13c zephyr/drivers/serial/libdrivers__serial.a(uart_stm32.c.obj)
 .text.uart_stm32_init
                0x0000000008004148      0x1b4 zephyr/drivers/serial/libdrivers__serial.a(uart_stm32.c.obj)
 .text.uart_stm32_configure
                0x00000000080042fc      0x164 zephyr/drivers/serial/libdrivers__serial.a(uart_stm32.c.obj)
 .text.elapsed  0x0000000008004460       0x4c zephyr/drivers/timer/libdrivers__timer.a(cortex_m_systick.c.obj)
 .text.sys_clock_driver_init
                0x00000000080044ac       0x34 zephyr/drivers/timer/libdrivers__timer.a(cortex_m_systick.c.obj)
 .text.sys_clock_isr
                0x00000000080044e0       0x60 zephyr/drivers/timer/libdrivers__timer.a(cortex_m_systick.c.obj)
                0x00000000080044e0                sys_clock_isr
 .text.sys_clock_set_timeout
                0x0000000008004540       0xfc zephyr/drivers/timer/libdrivers__timer.a(cortex_m_systick.c.obj)
                0x0000000008004540                sys_clock_set_timeout
 .text.sys_clock_elapsed
                0x000000000800463c       0x3c zephyr/drivers/timer/libdrivers__timer.a(cortex_m_systick.c.obj)
                0x000000000800463c                sys_clock_elapsed
 .text.HAL_RCC_GetSysClockFreq
                0x0000000008004678       0x5c modules/hal_stm32/stm32cube/lib..__modules__hal__stm32__stm32cube.a(stm32f7xx_hal_rcc.c.obj)
                0x0000000008004678                HAL_RCC_GetSysClockFreq
 .text.LL_SetFlashLatency
                0x00000000080046d4       0xe0 modules/hal_stm32/stm32cube/lib..__modules__hal__stm32__stm32cube.a(stm32f7xx_ll_utils.c.obj)
                0x00000000080046d4                LL_SetFlashLatency
 .text.k_sys_fatal_error_handler
                0x00000000080047b4       0x20 zephyr/kernel/libkernel.a(fatal.c.obj)
                0x00000000080047b4                k_sys_fatal_error_handler
 .text.z_fatal_error
                0x00000000080047d4       0xe8 zephyr/kernel/libkernel.a(fatal.c.obj)
                0x00000000080047d4                z_fatal_error
 .text.z_sys_init_run_level
                0x00000000080048bc       0x30 zephyr/kernel/libkernel.a(init.c.obj)
 .text.bg_thread_main
                0x00000000080048ec       0xc0 zephyr/kernel/libkernel.a(init.c.obj)
 .text.z_init_cpu
                0x00000000080049ac       0x6c zephyr/kernel/libkernel.a(init.c.obj)
                0x00000000080049ac                z_init_cpu
 .text.z_cstart
                0x0000000008004a18       0xc8 zephyr/kernel/libkernel.a(init.c.obj)
                0x0000000008004a18                z_cstart
 .text.z_impl_k_sem_give
                0x0000000008004ae0       0x68 zephyr/kernel/libkernel.a(sem.c.obj)
                0x0000000008004ae0                z_impl_k_sem_give
 .text.z_impl_k_sem_take
                0x0000000008004b48       0x4c zephyr/kernel/libkernel.a(sem.c.obj)
                0x0000000008004b48                z_impl_k_sem_take
 .text.z_setup_new_thread
                0x0000000008004b94       0x9c zephyr/kernel/libkernel.a(thread.c.obj)
                0x0000000008004b94                z_setup_new_thread
 .text.z_impl_k_thread_create
                0x0000000008004c30       0x58 zephyr/kernel/libkernel.a(thread.c.obj)
                0x0000000008004c30                z_impl_k_thread_create
 .text.z_dummy_thread_init
                0x0000000008004c88       0x18 zephyr/kernel/libkernel.a(thread.c.obj)
                0x0000000008004c88                z_dummy_thread_init
 .text.z_swap_irqlock
                0x0000000008004ca0       0x30 zephyr/kernel/libkernel.a(sched.c.obj)
 .text.ready_thread
                0x0000000008004cd0       0x84 zephyr/kernel/libkernel.a(sched.c.obj)
 .text.unready_thread
                0x0000000008004d54       0x54 zephyr/kernel/libkernel.a(sched.c.obj)
 .text.add_thread_timeout
                0x0000000008004da8       0x1c zephyr/kernel/libkernel.a(sched.c.obj)
 .text.reschedule.constprop.0
                0x0000000008004dc4       0x28 zephyr/kernel/libkernel.a(sched.c.obj)
 .text.move_current_to_end_of_prio_q
                0x0000000008004dec       0x70 zephyr/kernel/libkernel.a(sched.c.obj)
                0x0000000008004dec                move_current_to_end_of_prio_q
 .text.z_pend_curr
                0x0000000008004e5c       0x44 zephyr/kernel/libkernel.a(sched.c.obj)
                0x0000000008004e5c                z_pend_curr
 .text.z_reschedule_irqlock
                0x0000000008004ea0       0x28 zephyr/kernel/libkernel.a(sched.c.obj)
                0x0000000008004ea0                z_reschedule_irqlock
 .text.k_sched_lock
                0x0000000008004ec8       0x28 zephyr/kernel/libkernel.a(sched.c.obj)
                0x0000000008004ec8                k_sched_lock
 .text.k_sched_unlock
                0x0000000008004ef0       0x54 zephyr/kernel/libkernel.a(sched.c.obj)
                0x0000000008004ef0                k_sched_unlock
 .text.z_sched_init
                0x0000000008004f44       0x10 zephyr/kernel/libkernel.a(sched.c.obj)
                0x0000000008004f44                z_sched_init
 .text.z_impl_k_yield
                0x0000000008004f54       0x88 zephyr/kernel/libkernel.a(sched.c.obj)
                0x0000000008004f54                z_impl_k_yield
 .text.z_tick_sleep
                0x0000000008004fdc       0x78 zephyr/kernel/libkernel.a(sched.c.obj)
 .text.z_impl_k_sched_current_thread_query
                0x0000000008005054        0xc zephyr/kernel/libkernel.a(sched.c.obj)
                0x0000000008005054                z_impl_k_sched_current_thread_query
 .text.z_thread_abort
                0x0000000008005060      0x140 zephyr/kernel/libkernel.a(sched.c.obj)
                0x0000000008005060                z_thread_abort
 .text.z_time_slice_size
                0x00000000080051a0       0x40 zephyr/kernel/libkernel.a(timeslicing.c.obj)
 .text.slice_timeout
                0x00000000080051e0       0x20 zephyr/kernel/libkernel.a(timeslicing.c.obj)
 .text.z_reset_time_slice
                0x0000000008005200       0x48 zephyr/kernel/libkernel.a(timeslicing.c.obj)
                0x0000000008005200                z_reset_time_slice
 .text.z_time_slice
                0x0000000008005248       0x5c zephyr/kernel/libkernel.a(timeslicing.c.obj)
                0x0000000008005248                z_time_slice
 .text.first    0x00000000080052a4       0x10 zephyr/kernel/libkernel.a(timeout.c.obj)
 .text.elapsed  0x00000000080052b4       0x14 zephyr/kernel/libkernel.a(timeout.c.obj)
 .text.remove_timeout
                0x00000000080052c8       0x38 zephyr/kernel/libkernel.a(timeout.c.obj)
 .text.z_add_timeout
                0x0000000008005300      0x120 zephyr/kernel/libkernel.a(timeout.c.obj)
                0x0000000008005300                z_add_timeout
 .text.sys_clock_announce
                0x0000000008005420       0xb4 zephyr/kernel/libkernel.a(timeout.c.obj)
                0x0000000008005420                sys_clock_announce
 .text.sys_clock_tick_get
                0x00000000080054d4       0x30 zephyr/kernel/libkernel.a(timeout.c.obj)
                0x00000000080054d4                sys_clock_tick_get
 .text.z_timer_expiration_handler
                0x0000000008005504      0x104 zephyr/kernel/libkernel.a(timer.c.obj)
                0x0000000008005504                z_timer_expiration_handler
 .text.z_impl_k_timer_start
                0x0000000008005608       0x70 zephyr/kernel/libkernel.a(timer.c.obj)
                0x0000000008005608                z_impl_k_timer_start
 .text.boot_banner
                0x0000000008005678        0xc zephyr/kernel/libkernel.a(banner.c.obj)
                0x0000000008005678                boot_banner
 .text.printf   0x0000000008005684       0x24 /home/faiza/zephyr-sdk-0.17.4/arm-zephyr-eabi/bin/../lib/gcc/../../picolibc/arm-zephyr-eabi/lib/thumb/v7e-m+fp/hard/libc.a(libc_tinystdio_printf.c.o)
                0x0000000008005684                printf
 .text.snprintf
                0x00000000080056a8       0x54 /home/faiza/zephyr-sdk-0.17.4/arm-zephyr-eabi/bin/../lib/gcc/../../picolibc/arm-zephyr-eabi/lib/thumb/v7e-m+fp/hard/libc.a(libc_tinystdio_snprintf.c.o)
                0x00000000080056a8                snprintf
 .text.skip_to_arg
                0x00000000080056fc      0x138 /home/faiza/zephyr-sdk-0.17.4/arm-zephyr-eabi/bin/../lib/gcc/../../picolibc/arm-zephyr-eabi/lib/thumb/v7e-m+fp/hard/libc.a(libc_tinystdio_vfprintf.c.o)
 .text.vfprintf
                0x0000000008005834      0x9bc /home/faiza/zephyr-sdk-0.17.4/arm-zephyr-eabi/bin/../lib/gcc/../../picolibc/arm-zephyr-eabi/lib/thumb/v7e-m+fp/hard/libc.a(libc_tinystdio_vfprintf.c.o)
                0x0000000008005834                __d_vfprintf
 .text.div10    0x00000000080061f0       0x28 /home/faiza/zephyr-sdk-0.17.4/arm-zephyr-eabi/bin/../lib/gcc/../../picolibc/arm-zephyr-eabi/lib/thumb/v7e-m+fp/hard/libc.a(libc_tinystdio_dtoa_ryu.c.o)
 .text.__dtoa_engine
                0x0000000008006218      0x4b0 /home/faiza/zephyr-sdk-0.17.4/arm-zephyr-eabi/bin/../lib/gcc/../../picolibc/arm-zephyr-eabi/lib/thumb/v7e-m+fp/hard/libc.a(libc_tinystdio_dtoa_ryu.c.o)
                0x0000000008006218                __dtoa_engine
 .text.__log10Pow2
                0x00000000080066c8        0xc /home/faiza/zephyr-sdk-0.17.4/arm-zephyr-eabi/bin/../lib/gcc/../../picolibc/arm-zephyr-eabi/lib/thumb/v7e-m+fp/hard/libc.a(libc_tinystdio_ryu_log10.c.o)
                0x00000000080066c8                __log10Pow2
 .text.__log10Pow5
                0x00000000080066d4        0xc /home/faiza/zephyr-sdk-0.17.4/arm-zephyr-eabi/bin/../lib/gcc/../../picolibc/arm-zephyr-eabi/lib/thumb/v7e-m+fp/hard/libc.a(libc_tinystdio_ryu_log10.c.o)
                0x00000000080066d4                __log10Pow5
 .text.__pow5bits
                0x00000000080066e0       0x10 /home/faiza/zephyr-sdk-0.17.4/arm-zephyr-eabi/bin/../lib/gcc/../../picolibc/arm-zephyr-eabi/lib/thumb/v7e-m+fp/hard/libc.a(libc_tinystdio_ryu_pow5bits.c.o)
                0x00000000080066e0                __pow5bits
 .text.__pow5Factor
                0x00000000080066f0       0x30 /home/faiza/zephyr-sdk-0.17.4/arm-zephyr-eabi/bin/../lib/gcc/../../picolibc/arm-zephyr-eabi/lib/thumb/v7e-m+fp/hard/libc.a(libc_tinystdio_ryu_table.c.o)
                0x00000000080066f0                __pow5Factor
 .text.__double_computePow5
                0x0000000008006720       0xe8 /home/faiza/zephyr-sdk-0.17.4/arm-zephyr-eabi/bin/../lib/gcc/../../picolibc/arm-zephyr-eabi/lib/thumb/v7e-m+fp/hard/libc.a(libc_tinystdio_ryu_table.c.o)
                0x0000000008006720                __double_computePow5
 .text.__double_computeInvPow5
                0x0000000008006808       0xf8 /home/faiza/zephyr-sdk-0.17.4/arm-zephyr-eabi/bin/../lib/gcc/../../picolibc/arm-zephyr-eabi/lib/thumb/v7e-m+fp/hard/libc.a(libc_tinystdio_ryu_table.c.o)
                0x0000000008006808                __double_computeInvPow5
 .text._OffsetAbsSyms
                0x0000000008006900        0x2 zephyr/CMakeFiles/offsets.dir/./arch/arm/core/offsets/offsets.c.obj
                0x0000000008006900                _OffsetAbsSyms
 .text.chunk_size
                0x0000000008006902        0xa zephyr/libzephyr.a(heap.c.obj)
 .text.free_list_add
                0x000000000800690c       0x4e zephyr/libzephyr.a(heap.c.obj)
 .text.sys_heap_init
                0x000000000800695a       0x7a zephyr/libzephyr.a(heap.c.obj)
                0x000000000800695a                sys_heap_init
 .text.cbpprintf_external
                0x00000000080069d4       0x62 zephyr/libzephyr.a(cbprintf_packaged.c.obj)
                0x00000000080069d4                cbpprintf_external
 .text.is_ptr   0x0000000008006a36       0x4a zephyr/libzephyr.a(cbprintf_packaged.c.obj)
                0x0000000008006a36                is_ptr
 .text.arch_printk_char_out
                0x0000000008006a80        0x4 zephyr/libzephyr.a(printk.c.obj)
                0x0000000008006a80                arch_printk_char_out
 .text.printk   0x0000000008006a84       0x1a zephyr/libzephyr.a(printk.c.obj)
                0x0000000008006a84                printk
 .text.free_space
                0x0000000008006a9e       0x26 zephyr/libzephyr.a(mpsc_pbuf.c.obj)
 .text.get_usage
                0x0000000008006ac4       0x22 zephyr/libzephyr.a(mpsc_pbuf.c.obj)
 .text.idx_inc  0x0000000008006ae6       0x1c zephyr/libzephyr.a(mpsc_pbuf.c.obj)
 .text.rd_idx_inc
                0x0000000008006b02       0x18 zephyr/libzephyr.a(mpsc_pbuf.c.obj)
 .text.add_skip_item
                0x0000000008006b1a       0x3a zephyr/libzephyr.a(mpsc_pbuf.c.obj)
 .text.drop_item_locked
                0x0000000008006b54       0xfe zephyr/libzephyr.a(mpsc_pbuf.c.obj)
 .text.post_drop_action
                0x0000000008006c52       0x36 zephyr/libzephyr.a(mpsc_pbuf.c.obj)
 .text.max_utilization_update
                0x0000000008006c88       0x1a zephyr/libzephyr.a(mpsc_pbuf.c.obj)
 .text.mpsc_pbuf_init
                0x0000000008006ca2       0x42 zephyr/libzephyr.a(mpsc_pbuf.c.obj)
                0x0000000008006ca2                mpsc_pbuf_init
 .text.mpsc_pbuf_alloc
                0x0000000008006ce4       0xfe zephyr/libzephyr.a(mpsc_pbuf.c.obj)
                0x0000000008006ce4                mpsc_pbuf_alloc
 .text.mpsc_pbuf_commit
                0x0000000008006de2       0x3e zephyr/libzephyr.a(mpsc_pbuf.c.obj)
                0x0000000008006de2                mpsc_pbuf_commit
 .text.mpsc_pbuf_claim
                0x0000000008006e20       0xb6 zephyr/libzephyr.a(mpsc_pbuf.c.obj)
                0x0000000008006e20                mpsc_pbuf_claim
 .text.mpsc_pbuf_free
                0x0000000008006ed6       0x76 zephyr/libzephyr.a(mpsc_pbuf.c.obj)
                0x0000000008006ed6                mpsc_pbuf_free
 .text.mpsc_pbuf_is_pending
                0x0000000008006f4c       0x32 zephyr/libzephyr.a(mpsc_pbuf.c.obj)
                0x0000000008006f4c                mpsc_pbuf_is_pending
 .text._ConfigAbsSyms
                0x0000000008006f7e        0x2 zephyr/libzephyr.a(configs.c.obj)
                0x0000000008006f7e                _ConfigAbsSyms
 .text.stm32_gpioport_configure_pin
                0x0000000008006f80      0x11a zephyr/libzephyr.a(gpioport_mgr.c.obj)
                0x0000000008006f80                stm32_gpioport_configure_pin
 .text.log_msg_generic_get_wlen
                0x000000000800709a       0x20 zephyr/libzephyr.a(log_core.c.obj)
 .text.dummy_timestamp
                0x00000000080070ba        0x4 zephyr/libzephyr.a(log_core.c.obj)
 .text.atomic_inc
                0x00000000080070be       0x1a zephyr/libzephyr.a(log_core.c.obj)
 .text.default_lf_get_timestamp
                0x00000000080070d8       0x10 zephyr/libzephyr.a(log_core.c.obj)
 .text.z_log_vprintk
                0x00000000080070e8       0x1c zephyr/libzephyr.a(log_core.c.obj)
                0x00000000080070e8                z_log_vprintk
 .text.z_log_notify_drop
                0x0000000008007104        0x6 zephyr/libzephyr.a(log_core.c.obj)
 .text.z_log_get_tag
                0x000000000800710a        0x4 zephyr/libzephyr.a(log_core.c.obj)
                0x000000000800710a                z_log_get_tag
 .text.log_backend_enable
                0x000000000800710e       0x12 zephyr/libzephyr.a(log_mgmt.c.obj)
                0x000000000800710e                log_backend_enable
 .text.z_cbprintf_cpy
                0x0000000008007120       0x2e zephyr/libzephyr.a(log_msg.c.obj)
 .text.z_log_msg_finalize
                0x000000000800714e       0x32 zephyr/libzephyr.a(log_msg.c.obj)
                0x000000000800714e                z_log_msg_finalize
 .text.z_log_msg_simple_create
                0x0000000008007180       0x6e zephyr/libzephyr.a(log_msg.c.obj)
 .text.z_impl_z_log_msg_simple_create_0
                0x00000000080071ee       0x12 zephyr/libzephyr.a(log_msg.c.obj)
                0x00000000080071ee                z_impl_z_log_msg_simple_create_0
 .text.z_impl_z_log_msg_simple_create_1
                0x0000000008007200       0x14 zephyr/libzephyr.a(log_msg.c.obj)
                0x0000000008007200                z_impl_z_log_msg_simple_create_1
 .text.log_output_write
                0x0000000008007214       0x1c zephyr/libzephyr.a(log_output.c.obj)
 .text.log_output_flush
                0x0000000008007230       0x1a zephyr/libzephyr.a(log_output.c.obj)
 .text.out_func
                0x000000000800724a       0x36 zephyr/libzephyr.a(log_output.c.obj)
 .text.cr_out_func
                0x0000000008007280       0x1c zephyr/libzephyr.a(log_output.c.obj)
 .text.log_output_msg_process
                0x000000000800729c       0x6c zephyr/libzephyr.a(log_output.c.obj)
                0x000000000800729c                log_output_msg_process
 .text.format_set
                0x0000000008007308        0xc zephyr/libzephyr.a(log_backend_uart.c.obj)
 .text.log_backend_uart_init
                0x0000000008007314        0xc zephyr/libzephyr.a(log_backend_uart.c.obj)
 .text.panic    0x0000000008007320       0x32 zephyr/libzephyr.a(log_backend_uart.c.obj)
 .text.dropped  0x0000000008007352        0xa zephyr/libzephyr.a(log_backend_uart.c.obj)
 .text.process  0x000000000800735c       0x1e zephyr/libzephyr.a(log_backend_uart.c.obj)
 .text.arch_early_memset
                0x000000000800737a        0x4 zephyr/arch/common/libarch__common.a(init.c.obj)
                0x000000000800737a                arch_early_memset
 .text.arch_early_memcpy
                0x000000000800737e        0x4 zephyr/arch/common/libarch__common.a(init.c.obj)
                0x000000000800737e                arch_early_memcpy
 .text.z_do_kernel_oops
                0x0000000008007382        0x8 zephyr/arch/arch/arm/core/libarch__arm__core.a(fatal.c.obj)
                0x0000000008007382                z_do_kernel_oops
 .text.z_arm_nmi
                0x000000000800738a        0xe zephyr/arch/arch/arm/core/libarch__arm__core.a(nmi.c.obj)
                0x000000000800738a                z_arm_nmi
 .text.z_log_msg_simple_create_0.constprop.0
                0x0000000008007398        0x8 zephyr/arch/arch/arm/core/cortex_m/libarch__arm__core__cortex_m.a(fault.c.obj)
 .text.z_irq_spurious
                0x00000000080073a0        0x8 zephyr/arch/arch/arm/core/cortex_m/libarch__arm__core__cortex_m.a(irq_manage.c.obj)
                0x00000000080073a0                z_irq_spurious
 .text.arch_coprocessors_disable
                0x00000000080073a8        0x4 zephyr/arch/arch/arm/core/cortex_m/libarch__arm__core__cortex_m.a(thread.c.obj)
                0x00000000080073a8                arch_coprocessors_disable
 .text.arch_irq_unlock_outlined
                0x00000000080073ac        0xe zephyr/arch/arch/arm/core/cortex_m/libarch__arm__core__cortex_m.a(thread.c.obj)
                0x00000000080073ac                arch_irq_unlock_outlined
 .text.arch_cpu_idle
                0x00000000080073ba       0x1a zephyr/arch/arch/arm/core/cortex_m/libarch__arm__core__cortex_m.a(cpu_idle.c.obj)
                0x00000000080073ba                arch_cpu_idle
 .text.size_to_mpu_rasr_size
                0x00000000080073d4       0x20 zephyr/arch/arch/arm/core/mpu/libarch__arm__core__mpu.a(arm_mpu.c.obj)
 .text.cbputc   0x00000000080073f4        0xc zephyr/lib/libc/picolibc/liblib__libc__picolibc.a(cbprintf.c.obj)
 .text.picolibc_put
                0x0000000008007400        0xa zephyr/lib/libc/picolibc/liblib__libc__picolibc.a(stdio.c.obj)
 .text.stm32_exti_gpio_intc_init
                0x000000000800740a       0x92 zephyr/drivers/interrupt_controller/libdrivers__interrupt_controller.a(intc_gpio_stm32.c.obj)
 .text.stm32_gpio_intc_get_pin_irq_line
                0x000000000800749c        0xa zephyr/drivers/interrupt_controller/libdrivers__interrupt_controller.a(intc_gpio_stm32.c.obj)
                0x000000000800749c                stm32_gpio_intc_get_pin_irq_line
 .text.stm32_exti_set_line_src_port
                0x00000000080074a6       0x36 zephyr/drivers/interrupt_controller/libdrivers__interrupt_controller.a(intc_gpio_stm32.c.obj)
                0x00000000080074a6                stm32_exti_set_line_src_port
 .text.stm32_clock_control_on
                0x00000000080074dc       0x44 zephyr/drivers/clock_control/libdrivers__clock_control.a(clock_stm32_ll_common.c.obj)
 .text.stm32_clock_control_off
                0x0000000008007520       0x2e zephyr/drivers/clock_control/libdrivers__clock_control.a(clock_stm32_ll_common.c.obj)
 .text.stm32_clock_control_configure
                0x000000000800754e       0x44 zephyr/drivers/clock_control/libdrivers__clock_control.a(clock_stm32_ll_common.c.obj)
 .text.stm32_clock_control_get_status
                0x0000000008007592       0x38 zephyr/drivers/clock_control/libdrivers__clock_control.a(clock_stm32_ll_common.c.obj)
 .text.config_regulator_voltage
                0x00000000080075ca        0x2 zephyr/drivers/clock_control/libdrivers__clock_control.a(clock_stm32_ll_common.c.obj)
                0x00000000080075ca                config_regulator_voltage
 .text.gpio_stm32_port_get_raw
                0x00000000080075cc        0xc zephyr/drivers/gpio/libdrivers__gpio.a(gpio_stm32.c.obj)
 .text.gpio_stm32_port_set_masked_raw
                0x00000000080075d8       0x12 zephyr/drivers/gpio/libdrivers__gpio.a(gpio_stm32.c.obj)
 .text.gpio_stm32_port_set_bits_raw
                0x00000000080075ea        0xa zephyr/drivers/gpio/libdrivers__gpio.a(gpio_stm32.c.obj)
 .text.gpio_stm32_port_clear_bits_raw
                0x00000000080075f4        0xc zephyr/drivers/gpio/libdrivers__gpio.a(gpio_stm32.c.obj)
 .text.gpio_stm32_port_toggle_bits
                0x0000000008007600        0xe zephyr/drivers/gpio/libdrivers__gpio.a(gpio_stm32.c.obj)
 .text.gpio_stm32_manage_callback
                0x000000000800760e       0x52 zephyr/drivers/gpio/libdrivers__gpio.a(gpio_stm32.c.obj)
 .text.gpio_stm32_config
                0x0000000008007660       0xf0 zephyr/drivers/gpio/libdrivers__gpio.a(gpio_stm32.c.obj)
 .text.gpio_stm32_isr
                0x0000000008007750       0x2c zephyr/drivers/gpio/libdrivers__gpio.a(gpio_stm32.c.obj)
 .text.i2c_stm32_irq_config_func_0
                0x000000000800777c       0x26 zephyr/drivers/i2c/libdrivers__i2c.a(i2c_stm32.c.obj)
 .text.i2c_stm32_irq_config_func_1
                0x00000000080077a2       0x26 zephyr/drivers/i2c/libdrivers__i2c.a(i2c_stm32.c.obj)
 .text.i2c_stm32_transfer
                0x00000000080077c8       0x8e zephyr/drivers/i2c/libdrivers__i2c.a(i2c_stm32.c.obj)
 .text.i2c_stm32_get_config
                0x0000000008007856       0x14 zephyr/drivers/i2c/libdrivers__i2c.a(i2c_stm32.c.obj)
                0x0000000008007856                i2c_stm32_get_config
 .text.i2c_stm32_event_isr
                0x000000000800786a        0x4 zephyr/drivers/i2c/libdrivers__i2c.a(i2c_stm32_common.c.obj)
                0x000000000800786a                i2c_stm32_event_isr
 .text.i2c_stm32_error_isr
                0x000000000800786e        0x4 zephyr/drivers/i2c/libdrivers__i2c.a(i2c_stm32_common.c.obj)
                0x000000000800786e                i2c_stm32_error_isr
 .text.i2c_stm32_disable_transfer_interrupts
                0x0000000008007872       0x3e zephyr/drivers/i2c/libdrivers__i2c.a(i2c_stm32_v2.c.obj)
 .text.i2c_stm32_event
                0x00000000080078b0       0x9e zephyr/drivers/i2c/libdrivers__i2c.a(i2c_stm32_v2.c.obj)
                0x00000000080078b0                i2c_stm32_event
 .text.i2c_stm32_error
                0x000000000800794e       0x44 zephyr/drivers/i2c/libdrivers__i2c.a(i2c_stm32_v2.c.obj)
                0x000000000800794e                i2c_stm32_error
 .text.pinctrl_lookup_state
                0x0000000008007992       0x26 zephyr/drivers/pinctrl/libdrivers__pinctrl.a(common.c.obj)
                0x0000000008007992                pinctrl_lookup_state
 .text.pinctrl_configure_pins
                0x00000000080079b8       0x82 zephyr/drivers/pinctrl/libdrivers__pinctrl.a(pinctrl_stm32.c.obj)
                0x00000000080079b8                pinctrl_configure_pins
 .text.reset_stm32_status
                0x0000000008007a3a       0x22 zephyr/drivers/reset/libdrivers__reset.a(reset_stm32.c.obj)
 .text.reset_stm32_line_assert
                0x0000000008007a5c       0x1c zephyr/drivers/reset/libdrivers__reset.a(reset_stm32.c.obj)
 .text.reset_stm32_line_deassert
                0x0000000008007a78       0x1e zephyr/drivers/reset/libdrivers__reset.a(reset_stm32.c.obj)
 .text.reset_stm32_line_toggle
                0x0000000008007a96       0x16 zephyr/drivers/reset/libdrivers__reset.a(reset_stm32.c.obj)
 .text.z_log_msg_simple_create_0.constprop.0
                0x0000000008007aac        0x8 zephyr/drivers/sensor/tdk/mpu9250/libdrivers__sensor__tdk__mpu9250.a(mpu9250.c.obj)
 .text.i2c_write_read.constprop.0
                0x0000000008007ab4       0x38 zephyr/drivers/sensor/tdk/mpu9250/libdrivers__sensor__tdk__mpu9250.a(mpu9250.c.obj)
 .text.i2c_reg_write_byte_dt
                0x0000000008007aec       0x36 zephyr/drivers/sensor/tdk/mpu9250/libdrivers__sensor__tdk__mpu9250.a(mpu9250.c.obj)
 .text.uart_stm32_ll2cfg_databits
                0x0000000008007b22       0x2a zephyr/drivers/serial/libdrivers__serial.a(uart_stm32.c.obj)
 .text.uart_stm32_err_check
                0x0000000008007b4c       0x5a zephyr/drivers/serial/libdrivers__serial.a(uart_stm32.c.obj)
 .text.uart_stm32_poll_out
                0x0000000008007ba6       0x36 zephyr/drivers/serial/libdrivers__serial.a(uart_stm32.c.obj)
 .text.uart_stm32_poll_in
                0x0000000008007bdc       0x22 zephyr/drivers/serial/libdrivers__serial.a(uart_stm32.c.obj)
 .text.uart_stm32_config_get
                0x0000000008007bfe       0x92 zephyr/drivers/serial/libdrivers__serial.a(uart_stm32.c.obj)
 .text.do_device_init
                0x0000000008007c90       0x30 zephyr/kernel/libkernel.a(device.c.obj)
                0x0000000008007c90                do_device_init
 .text.z_impl_device_is_ready
                0x0000000008007cc0       0x16 zephyr/kernel/libkernel.a(device.c.obj)
                0x0000000008007cc0                z_impl_device_is_ready
 .text.arch_system_halt
                0x0000000008007cd6       0x10 zephyr/kernel/libkernel.a(fatal.c.obj)
                0x0000000008007cd6                arch_system_halt
 .text.idle     0x0000000008007ce6       0x16 zephyr/kernel/libkernel.a(idle.c.obj)
                0x0000000008007ce6                idle
 .text.z_impl_k_sem_init
                0x0000000008007cfc       0x18 zephyr/kernel/libkernel.a(sem.c.obj)
                0x0000000008007cfc                z_impl_k_sem_init
 .text.k_is_in_isr
                0x0000000008007d14        0xc zephyr/kernel/libkernel.a(thread.c.obj)
                0x0000000008007d14                k_is_in_isr
 .text.z_impl_k_thread_name_set
                0x0000000008007d20        0x6 zephyr/kernel/libkernel.a(thread.c.obj)
                0x0000000008007d20                z_impl_k_thread_name_set
 .text.k_thread_name_get
                0x0000000008007d26        0x4 zephyr/kernel/libkernel.a(thread.c.obj)
                0x0000000008007d26                k_thread_name_get
 .text.sys_dlist_remove
                0x0000000008007d2a       0x10 zephyr/kernel/libkernel.a(sched.c.obj)
 .text.unpend_thread_no_timeout
                0x0000000008007d3a       0x14 zephyr/kernel/libkernel.a(sched.c.obj)
 .text.add_to_waitq_locked
                0x0000000008007d4e       0x50 zephyr/kernel/libkernel.a(sched.c.obj)
 .text.z_ready_thread
                0x0000000008007d9e       0x1e zephyr/kernel/libkernel.a(sched.c.obj)
                0x0000000008007d9e                z_ready_thread
 .text.z_unpend_thread_no_timeout
                0x0000000008007dbc       0x22 zephyr/kernel/libkernel.a(sched.c.obj)
                0x0000000008007dbc                z_unpend_thread_no_timeout
 .text.z_sched_wake_thread_locked
                0x0000000008007dde       0x28 zephyr/kernel/libkernel.a(sched.c.obj)
                0x0000000008007dde                z_sched_wake_thread_locked
 .text.z_thread_timeout
                0x0000000008007e06       0x20 zephyr/kernel/libkernel.a(sched.c.obj)
                0x0000000008007e06                z_thread_timeout
 .text.z_unpend1_no_timeout
                0x0000000008007e26       0x2c zephyr/kernel/libkernel.a(sched.c.obj)
                0x0000000008007e26                z_unpend1_no_timeout
 .text.z_reschedule
                0x0000000008007e52        0x6 zephyr/kernel/libkernel.a(sched.c.obj)
                0x0000000008007e52                z_reschedule
 .text.z_impl_k_sleep
                0x0000000008007e58       0x42 zephyr/kernel/libkernel.a(sched.c.obj)
                0x0000000008007e58                z_impl_k_sleep
 .text.z_impl_k_wakeup
                0x0000000008007e9a       0x40 zephyr/kernel/libkernel.a(sched.c.obj)
                0x0000000008007e9a                z_impl_k_wakeup
 .text.next_timeout
                0x0000000008007eda       0x2e zephyr/kernel/libkernel.a(timeout.c.obj)
 .text.z_abort_timeout
                0x0000000008007f08       0x50 zephyr/kernel/libkernel.a(timeout.c.obj)
                0x0000000008007f08                z_abort_timeout
 .text.sys_clock_tick_get_32
                0x0000000008007f58        0x8 zephyr/kernel/libkernel.a(timeout.c.obj)
                0x0000000008007f58                sys_clock_tick_get_32
 .text.z_impl_k_uptime_ticks
                0x0000000008007f60        0x4 zephyr/kernel/libkernel.a(timeout.c.obj)
                0x0000000008007f60                z_impl_k_uptime_ticks
 .text.k_timer_init
                0x0000000008007f64       0x18 zephyr/kernel/libkernel.a(timer.c.obj)
                0x0000000008007f64                k_timer_init
 .text.z_impl_k_timer_stop
                0x0000000008007f7c       0x38 zephyr/kernel/libkernel.a(timer.c.obj)
                0x0000000008007f7c                z_impl_k_timer_stop
 .text.memcpy   0x0000000008007fb4       0x1c /home/faiza/zephyr-sdk-0.17.4/arm-zephyr-eabi/bin/../lib/gcc/../../picolibc/arm-zephyr-eabi/lib/thumb/v7e-m+fp/hard/libc.a(memcpy.c.o)
                0x0000000008007fb4                memcpy
                0x0000000008007fb4                __aeabi_memcpy
                0x0000000008007fb4                __aeabi_memcpy4
                0x0000000008007fb4                __aeabi_memcpy8
 .text.memset   0x0000000008007fd0       0x10 /home/faiza/zephyr-sdk-0.17.4/arm-zephyr-eabi/bin/../lib/gcc/../../picolibc/arm-zephyr-eabi/lib/thumb/v7e-m+fp/hard/libc.a(memset.c.o)
                0x0000000008007fd0                memset
 .text.strnlen  0x0000000008007fe0       0x18 /home/faiza/zephyr-sdk-0.17.4/arm-zephyr-eabi/bin/../lib/gcc/../../picolibc/arm-zephyr-eabi/lib/thumb/v7e-m+fp/hard/libc.a(libc_string_strnlen.c.o)
                0x0000000008007fe0                strnlen
 .text.__ultoa_invert
                0x0000000008007ff8       0x50 /home/faiza/zephyr-sdk-0.17.4/arm-zephyr-eabi/bin/../lib/gcc/../../picolibc/arm-zephyr-eabi/lib/thumb/v7e-m+fp/hard/libc.a(libc_tinystdio_vfprintf.c.o)
 .text.mulShiftAll64
                0x0000000008008048      0x17a /home/faiza/zephyr-sdk-0.17.4/arm-zephyr-eabi/bin/../lib/gcc/../../picolibc/arm-zephyr-eabi/lib/thumb/v7e-m+fp/hard/libc.a(libc_tinystdio_dtoa_ryu.c.o)
 .text.__umul128
                0x00000000080081c2       0x36 /home/faiza/zephyr-sdk-0.17.4/arm-zephyr-eabi/bin/../lib/gcc/../../picolibc/arm-zephyr-eabi/lib/thumb/v7e-m+fp/hard/libc.a(libc_tinystdio_ryu_umul128.c.o)
                0x00000000080081c2                __umul128
 .text.__shiftright128
                0x00000000080081f8       0x3e /home/faiza/zephyr-sdk-0.17.4/arm-zephyr-eabi/bin/../lib/gcc/../../picolibc/arm-zephyr-eabi/lib/thumb/v7e-m+fp/hard/libc.a(libc_tinystdio_ryu_umul128.c.o)
                0x00000000080081f8                __shiftright128
 .text.__dtox_engine
                0x0000000008008236      0x12e /home/faiza/zephyr-sdk-0.17.4/arm-zephyr-eabi/bin/../lib/gcc/../../picolibc/arm-zephyr-eabi/lib/thumb/v7e-m+fp/hard/libc.a(libc_tinystdio_dtox_engine.c.o)
                0x0000000008008236                __dtox_engine
 .text.__file_str_put
                0x0000000008008364       0x10 /home/faiza/zephyr-sdk-0.17.4/arm-zephyr-eabi/bin/../lib/gcc/../../picolibc/arm-zephyr-eabi/lib/thumb/v7e-m+fp/hard/libc.a(libc_tinystdio_filestrput.c.o)
                0x0000000008008364                __file_str_put
 *(SORT_BY_ALIGNMENT(.gnu.linkonce.t.*))
 *(SORT_BY_ALIGNMENT(.glue_7t))
 .glue_7t       0x0000000008008374        0x0 linker stubs
 *(SORT_BY_ALIGNMENT(.glue_7))
 .glue_7        0x0000000008008374        0x0 linker stubs
 *(SORT_BY_ALIGNMENT(.vfp11_veneer))
 .vfp11_veneer  0x0000000008008374        0x0 linker stubs
 *(SORT_BY_ALIGNMENT(.v4_bx))
 .v4_bx         0x0000000008008374        0x0 linker stubs
                0x0000000008008374                . = ALIGN (0x4)
                0x0000000008008374                __text_region_end = .

.ARM.exidx      0x0000000008008374        0x8
                0x0000000008008374                __exidx_start = .
 *(SORT_BY_ALIGNMENT(.ARM.exidx*) SORT_BY_ALIGNMENT(gnu.linkonce.armexidx.*))
 .ARM.exidx     0x0000000008008374        0x8 /home/faiza/zephyr-sdk-0.17.4/arm-zephyr-eabi/bin/../lib/gcc/arm-zephyr-eabi/12.2.0/thumb/v7e-m+fp/hard/libgcc.a(_udivmoddi4.o)
                0x000000000800837c                __exidx_end = .
                0x000000000800837c                __rodata_region_start = .

initlevel       0x000000000800837c       0xc8
                0x000000000800837c                __init_start = .
                0x000000000800837c                __init_EARLY_start = .
 *(SORT_BY_NAME(SORT_BY_ALIGNMENT(.z_init_EARLY_P_?_*)))
 *(SORT_BY_NAME(SORT_BY_ALIGNMENT(.z_init_EARLY_P_??_*)))
 *(SORT_BY_NAME(SORT_BY_ALIGNMENT(.z_init_EARLY_P_???_*)))
                0x000000000800837c                __init_PRE_KERNEL_1_start = .
 *(SORT_BY_NAME(SORT_BY_ALIGNMENT(.z_init_PRE_KERNEL_1_P_?_*)))
 .z_init_PRE_KERNEL_1_P_1_SUB_00009_
                0x000000000800837c        0x8 zephyr/drivers/clock_control/libdrivers__clock_control.a(clock_stm32_ll_common.c.obj)
 .z_init_PRE_KERNEL_1_P_1_SUB_0_
                0x0000000008008384        0x8 zephyr/libzephyr.a(soc_config.c.obj)
 *(SORT_BY_NAME(SORT_BY_ALIGNMENT(.z_init_PRE_KERNEL_1_P_??_*)))
 .z_init_PRE_KERNEL_1_P_35_SUB_00070_
                0x000000000800838c        0x8 zephyr/drivers/reset/libdrivers__reset.a(reset_stm32.c.obj)
 .z_init_PRE_KERNEL_1_P_40_SUB_00046_
                0x0000000008008394        0x8 zephyr/libzephyr.a(gpioport_mgr.c.obj)
 .z_init_PRE_KERNEL_1_P_40_SUB_00060_
                0x000000000800839c        0x8 zephyr/drivers/interrupt_controller/libdrivers__interrupt_controller.a(intc_exti_stm32.c.obj)
 .z_init_PRE_KERNEL_1_P_40_SUB_00063_
                0x00000000080083a4        0x8 zephyr/libzephyr.a(gpioport_mgr.c.obj)
 .z_init_PRE_KERNEL_1_P_40_SUB_00084_
                0x00000000080083ac        0x8 zephyr/libzephyr.a(gpioport_mgr.c.obj)
 .z_init_PRE_KERNEL_1_P_40_SUB_00104_
                0x00000000080083b4        0x8 zephyr/libzephyr.a(gpioport_mgr.c.obj)
 .z_init_PRE_KERNEL_1_P_40_SUB_00196_
                0x00000000080083bc        0x8 zephyr/libzephyr.a(gpioport_mgr.c.obj)
 .z_init_PRE_KERNEL_1_P_40_SUB_00197_
                0x00000000080083c4        0x8 zephyr/libzephyr.a(gpioport_mgr.c.obj)
 .z_init_PRE_KERNEL_1_P_40_SUB_00198_
                0x00000000080083cc        0x8 zephyr/libzephyr.a(gpioport_mgr.c.obj)
 .z_init_PRE_KERNEL_1_P_40_SUB_00199_
                0x00000000080083d4        0x8 zephyr/libzephyr.a(gpioport_mgr.c.obj)
 .z_init_PRE_KERNEL_1_P_40_SUB_00200_
                0x00000000080083dc        0x8 zephyr/libzephyr.a(gpioport_mgr.c.obj)
 .z_init_PRE_KERNEL_1_P_40_SUB_00201_
                0x00000000080083e4        0x8 zephyr/libzephyr.a(gpioport_mgr.c.obj)
 .z_init_PRE_KERNEL_1_P_40_SUB_00202_
                0x00000000080083ec        0x8 zephyr/libzephyr.a(gpioport_mgr.c.obj)
 .z_init_PRE_KERNEL_1_P_40_SUB_0_
                0x00000000080083f4        0x8 zephyr/drivers/interrupt_controller/libdrivers__interrupt_controller.a(intc_gpio_stm32.c.obj)
 .z_init_PRE_KERNEL_1_P_50_SUB_00080_
                0x00000000080083fc        0x8 zephyr/drivers/serial/libdrivers__serial.a(uart_stm32.c.obj)
 .z_init_PRE_KERNEL_1_P_50_SUB_00083_
                0x0000000008008404        0x8 zephyr/drivers/serial/libdrivers__serial.a(uart_stm32.c.obj)
 .z_init_PRE_KERNEL_1_P_60_SUB_0_
                0x000000000800840c        0x8 zephyr/drivers/console/libdrivers__console.a(uart_console.c.obj)
 *(SORT_BY_NAME(SORT_BY_ALIGNMENT(.z_init_PRE_KERNEL_1_P_???_*)))
                0x0000000008008414                __init_PRE_KERNEL_2_start = .
 *(SORT_BY_NAME(SORT_BY_ALIGNMENT(.z_init_PRE_KERNEL_2_P_?_*)))
 .z_init_PRE_KERNEL_2_P_0_SUB_0_
                0x0000000008008414        0x8 zephyr/drivers/timer/libdrivers__timer.a(cortex_m_systick.c.obj)
 *(SORT_BY_NAME(SORT_BY_ALIGNMENT(.z_init_PRE_KERNEL_2_P_??_*)))
 *(SORT_BY_NAME(SORT_BY_ALIGNMENT(.z_init_PRE_KERNEL_2_P_???_*)))
                0x000000000800841c                __init_POST_KERNEL_start = .
 *(SORT_BY_NAME(SORT_BY_ALIGNMENT(.z_init_POST_KERNEL_P_?_*)))
 .z_init_POST_KERNEL_P_0_SUB_0_
                0x000000000800841c        0x8 zephyr/libzephyr.a(log_core.c.obj)
 *(SORT_BY_NAME(SORT_BY_ALIGNMENT(.z_init_POST_KERNEL_P_??_*)))
 .z_init_POST_KERNEL_P_35_SUB_0_
                0x0000000008008424        0x8 zephyr/lib/libc/common/liblib__libc__common.a(malloc.c.obj)
 .z_init_POST_KERNEL_P_50_SUB_00030_
                0x000000000800842c        0x8 zephyr/drivers/i2c/libdrivers__i2c.a(i2c_stm32.c.obj)
 .z_init_POST_KERNEL_P_50_SUB_00152_
                0x0000000008008434        0x8 zephyr/drivers/i2c/libdrivers__i2c.a(i2c_stm32.c.obj)
 .z_init_POST_KERNEL_P_90_SUB_00153_
                0x000000000800843c        0x8 zephyr/drivers/sensor/tdk/mpu9250/libdrivers__sensor__tdk__mpu9250.a(mpu9250.c.obj)
 *(SORT_BY_NAME(SORT_BY_ALIGNMENT(.z_init_POST_KERNEL_P_???_*)))
                0x0000000008008444                __init_APPLICATION_start = .
 *(SORT_BY_NAME(SORT_BY_ALIGNMENT(.z_init_APPLICATION_P_?_*)))
 *(SORT_BY_NAME(SORT_BY_ALIGNMENT(.z_init_APPLICATION_P_??_*)))
 *(SORT_BY_NAME(SORT_BY_ALIGNMENT(.z_init_APPLICATION_P_???_*)))
                0x0000000008008444                __init_SMP_start = .
 *(SORT_BY_NAME(SORT_BY_ALIGNMENT(.z_init_SMP_P_?_*)))
 *(SORT_BY_NAME(SORT_BY_ALIGNMENT(.z_init_SMP_P_??_*)))
 *(SORT_BY_NAME(SORT_BY_ALIGNMENT(.z_init_SMP_P_???_*)))
                0x0000000008008444                __init_end = .

device_area     0x0000000008008444      0x214
                0x0000000008008444                _device_list_start = .
 *(SORT_BY_NAME(SORT_BY_ALIGNMENT(._device.static.*_?_*)))
 ._device.static.1_1_
                0x0000000008008444       0x1c zephyr/drivers/clock_control/libdrivers__clock_control.a(clock_stm32_ll_common.c.obj)
                0x0000000008008444                __device_dts_ord_9
 *(SORT_BY_NAME(SORT_BY_ALIGNMENT(._device.static.*_??_*)))
 ._device.static.1_35_
                0x0000000008008460       0x1c zephyr/drivers/reset/libdrivers__reset.a(reset_stm32.c.obj)
                0x0000000008008460                __device_dts_ord_70
 ._device.static.1_40_
                0x000000000800847c      0x134 zephyr/libzephyr.a(gpioport_mgr.c.obj)
                0x000000000800847c                __device_dts_ord_104
                0x0000000008008498                __device_dts_ord_202
                0x00000000080084b4                __device_dts_ord_46
                0x00000000080084d0                __device_dts_ord_201
                0x00000000080084ec                __device_dts_ord_200
                0x0000000008008508                __device_dts_ord_199
                0x0000000008008524                __device_dts_ord_198
                0x0000000008008540                __device_dts_ord_197
                0x000000000800855c                __device_dts_ord_63
                0x0000000008008578                __device_dts_ord_196
                0x0000000008008594                __device_dts_ord_84
 ._device.static.1_40_
                0x00000000080085b0       0x1c zephyr/drivers/interrupt_controller/libdrivers__interrupt_controller.a(intc_exti_stm32.c.obj)
                0x00000000080085b0                __device_dts_ord_60
 ._device.static.1_50_
                0x00000000080085cc       0x38 zephyr/drivers/serial/libdrivers__serial.a(uart_stm32.c.obj)
                0x00000000080085cc                __device_dts_ord_83
                0x00000000080085e8                __device_dts_ord_80
 ._device.static.3_50_
                0x0000000008008604       0x38 zephyr/drivers/i2c/libdrivers__i2c.a(i2c_stm32.c.obj)
                0x0000000008008604                __device_dts_ord_30
                0x0000000008008620                __device_dts_ord_152
 ._device.static.3_90_
                0x000000000800863c       0x1c zephyr/drivers/sensor/tdk/mpu9250/libdrivers__sensor__tdk__mpu9250.a(mpu9250.c.obj)
                0x000000000800863c                __device_dts_ord_153
 *(SORT_BY_NAME(SORT_BY_ALIGNMENT(._device.static.*_???_*)))
 *(SORT_BY_NAME(SORT_BY_ALIGNMENT(._device.static.*_????_*)))
 *(SORT_BY_NAME(SORT_BY_ALIGNMENT(._device.static.*_?????_*)))
                0x0000000008008658                _device_list_end = .

sw_isr_table    0x0000000008008658      0x310
                0x0000000008008658                . = ALIGN (0x4)
 *(SORT_BY_ALIGNMENT(.gnu.linkonce.sw_isr_table*))
 .gnu.linkonce.sw_isr_table
                0x0000000008008658      0x310 zephyr/arch/common/libisr_tables.a(isr_tables.c.obj)
                0x0000000008008658                _sw_isr_table

initlevel_error
                0x000000000800837c        0x0
 *(SORT_BY_NAME(SORT_BY_ALIGNMENT(.z_init_*)))
                0x0000000000000001                ASSERT ((SIZEOF (initlevel_error) == 0x0), Undefined initialization levels used.)

app_shmem_regions
                0x0000000008008968        0x0
                0x0000000008008968                __app_shmem_regions_start = .
 *(SORT_BY_NAME(SORT_BY_ALIGNMENT(.app_regions.*)))
                0x0000000008008968                __app_shmem_regions_end = .

k_p4wq_initparam_area
                0x0000000008008968        0x0
                0x0000000008008968                _k_p4wq_initparam_list_start = .
 *(SORT_BY_NAME(SORT_BY_ALIGNMENT(._k_p4wq_initparam.static.*)))
                0x0000000008008968                _k_p4wq_initparam_list_end = .

_static_thread_data_area
                0x0000000008008968        0x0
                0x0000000008008968                __static_thread_data_list_start = .
 *(SORT_BY_NAME(SORT_BY_ALIGNMENT(.__static_thread_data.static.*)))
                0x0000000008008968                __static_thread_data_list_end = .

device_deps     0x0000000008008968        0x0
                0x0000000008008968                __device_deps_start = .
 *(SORT_BY_NAME(SORT_BY_ALIGNMENT(.__device_deps_pass2*)))
                0x0000000008008968                __device_deps_end = .

gpio_driver_api_area
                0x0000000008008968       0x24
                0x0000000008008968                _gpio_driver_api_list_start = .
 *(SORT_BY_NAME(SORT_BY_ALIGNMENT(._gpio_driver_api.static.*)))
 ._gpio_driver_api.static.gpio_stm32_driver_
                0x0000000008008968       0x24 zephyr/drivers/gpio/libdrivers__gpio.a(gpio_stm32.c.obj)
                0x0000000008008968                gpio_stm32_driver
                0x000000000800898c                _gpio_driver_api_list_end = .

i2c_driver_api_area
                0x000000000800898c       0x18
                0x000000000800898c                _i2c_driver_api_list_start = .
 *(SORT_BY_NAME(SORT_BY_ALIGNMENT(._i2c_driver_api.static.*)))
 ._i2c_driver_api.static.api_funcs_
                0x000000000800898c       0x18 zephyr/drivers/i2c/libdrivers__i2c.a(i2c_stm32.c.obj)
                0x00000000080089a4                _i2c_driver_api_list_end = .

i2c_target_driver_api_area
                0x00000000080089a4        0x0
                0x00000000080089a4                _i2c_target_driver_api_list_start = .
 *(SORT_BY_NAME(SORT_BY_ALIGNMENT(._i2c_target_driver_api.static.*)))
                0x00000000080089a4                _i2c_target_driver_api_list_end = .

reset_driver_api_area
                0x00000000080089a4       0x10
                0x00000000080089a4                _reset_driver_api_list_start = .
 *(SORT_BY_NAME(SORT_BY_ALIGNMENT(._reset_driver_api.static.*)))
 ._reset_driver_api.static.reset_stm32_driver_api_
                0x00000000080089a4       0x10 zephyr/drivers/reset/libdrivers__reset.a(reset_stm32.c.obj)
                0x00000000080089b4                _reset_driver_api_list_end = .

sensor_driver_api_area
                0x00000000080089b4       0x1c
                0x00000000080089b4                _sensor_driver_api_list_start = .
 *(SORT_BY_NAME(SORT_BY_ALIGNMENT(._sensor_driver_api.static.*)))
 ._sensor_driver_api.static.mpu9250_driver_api_
                0x00000000080089b4       0x1c zephyr/drivers/sensor/tdk/mpu9250/libdrivers__sensor__tdk__mpu9250.a(mpu9250.c.obj)
                0x00000000080089d0                _sensor_driver_api_list_end = .

shared_irq_driver_api_area
                0x00000000080089d0        0x0
                0x00000000080089d0                _shared_irq_driver_api_list_start = .
 *(SORT_BY_NAME(SORT_BY_ALIGNMENT(._shared_irq_driver_api.static.*)))
                0x00000000080089d0                _shared_irq_driver_api_list_end = .

crypto_driver_api_area
                0x00000000080089d0        0x0
                0x00000000080089d0                _crypto_driver_api_list_start = .
 *(SORT_BY_NAME(SORT_BY_ALIGNMENT(._crypto_driver_api.static.*)))
                0x00000000080089d0                _crypto_driver_api_list_end = .

adc_driver_api_area
                0x00000000080089d0        0x0
                0x00000000080089d0                _adc_driver_api_list_start = .
 *(SORT_BY_NAME(SORT_BY_ALIGNMENT(._adc_driver_api.static.*)))
                0x00000000080089d0                _adc_driver_api_list_end = .

auxdisplay_driver_api_area
                0x00000000080089d0        0x0
                0x00000000080089d0                _auxdisplay_driver_api_list_start = .
 *(SORT_BY_NAME(SORT_BY_ALIGNMENT(._auxdisplay_driver_api.static.*)))
                0x00000000080089d0                _auxdisplay_driver_api_list_end = .

bbram_driver_api_area
                0x00000000080089d0        0x0
                0x00000000080089d0                _bbram_driver_api_list_start = .
 *(SORT_BY_NAME(SORT_BY_ALIGNMENT(._bbram_driver_api.static.*)))
                0x00000000080089d0                _bbram_driver_api_list_end = .

biometric_driver_api_area
                0x00000000080089d0        0x0
                0x00000000080089d0                _biometric_driver_api_list_start = .
 *(SORT_BY_NAME(SORT_BY_ALIGNMENT(._biometric_driver_api.static.*)))
                0x00000000080089d0                _biometric_driver_api_list_end = .

bt_hci_driver_api_area
                0x00000000080089d0        0x0
                0x00000000080089d0                _bt_hci_driver_api_list_start = .
 *(SORT_BY_NAME(SORT_BY_ALIGNMENT(._bt_hci_driver_api.static.*)))
                0x00000000080089d0                _bt_hci_driver_api_list_end = .

can_driver_api_area
                0x00000000080089d0        0x0
                0x00000000080089d0                _can_driver_api_list_start = .
 *(SORT_BY_NAME(SORT_BY_ALIGNMENT(._can_driver_api.static.*)))
                0x00000000080089d0                _can_driver_api_list_end = .

cellular_driver_api_area
                0x00000000080089d0        0x0
                0x00000000080089d0                _cellular_driver_api_list_start = .
 *(SORT_BY_NAME(SORT_BY_ALIGNMENT(._cellular_driver_api.static.*)))
                0x00000000080089d0                _cellular_driver_api_list_end = .

charger_driver_api_area
                0x00000000080089d0        0x0
                0x00000000080089d0                _charger_driver_api_list_start = .
 *(SORT_BY_NAME(SORT_BY_ALIGNMENT(._charger_driver_api.static.*)))
                0x00000000080089d0                _charger_driver_api_list_end = .

clock_control_driver_api_area
                0x00000000080089d0       0x1c
                0x00000000080089d0                _clock_control_driver_api_list_start = .
 *(SORT_BY_NAME(SORT_BY_ALIGNMENT(._clock_control_driver_api.static.*)))
 ._clock_control_driver_api.static.stm32_clock_control_api_
                0x00000000080089d0       0x1c zephyr/drivers/clock_control/libdrivers__clock_control.a(clock_stm32_ll_common.c.obj)
                0x00000000080089ec                _clock_control_driver_api_list_end = .

comparator_driver_api_area
                0x00000000080089ec        0x0
                0x00000000080089ec                _comparator_driver_api_list_start = .
 *(SORT_BY_NAME(SORT_BY_ALIGNMENT(._comparator_driver_api.static.*)))
                0x00000000080089ec                _comparator_driver_api_list_end = .

coredump_driver_api_area
                0x00000000080089ec        0x0
                0x00000000080089ec                _coredump_driver_api_list_start = .
 *(SORT_BY_NAME(SORT_BY_ALIGNMENT(._coredump_driver_api.static.*)))
                0x00000000080089ec                _coredump_driver_api_list_end = .

counter_driver_api_area
                0x00000000080089ec        0x0
                0x00000000080089ec                _counter_driver_api_list_start = .
 *(SORT_BY_NAME(SORT_BY_ALIGNMENT(._counter_driver_api.static.*)))
                0x00000000080089ec                _counter_driver_api_list_end = .

crc_driver_api_area
                0x00000000080089ec        0x0
                0x00000000080089ec                _crc_driver_api_list_start = .
 *(SORT_BY_NAME(SORT_BY_ALIGNMENT(._crc_driver_api.static.*)))
                0x00000000080089ec                _crc_driver_api_list_end = .

dac_driver_api_area
                0x00000000080089ec        0x0
                0x00000000080089ec                _dac_driver_api_list_start = .
 *(SORT_BY_NAME(SORT_BY_ALIGNMENT(._dac_driver_api.static.*)))
                0x00000000080089ec                _dac_driver_api_list_end = .

dai_driver_api_area
                0x00000000080089ec        0x0
                0x00000000080089ec                _dai_driver_api_list_start = .
 *(SORT_BY_NAME(SORT_BY_ALIGNMENT(._dai_driver_api.static.*)))
                0x00000000080089ec                _dai_driver_api_list_end = .

display_driver_api_area
                0x00000000080089ec        0x0
                0x00000000080089ec                _display_driver_api_list_start = .
 *(SORT_BY_NAME(SORT_BY_ALIGNMENT(._display_driver_api.static.*)))
                0x00000000080089ec                _display_driver_api_list_end = .

dma_driver_api_area
                0x00000000080089ec        0x0
                0x00000000080089ec                _dma_driver_api_list_start = .
 *(SORT_BY_NAME(SORT_BY_ALIGNMENT(._dma_driver_api.static.*)))
                0x00000000080089ec                _dma_driver_api_list_end = .

edac_driver_api_area
                0x00000000080089ec        0x0
                0x00000000080089ec                _edac_driver_api_list_start = .
 *(SORT_BY_NAME(SORT_BY_ALIGNMENT(._edac_driver_api.static.*)))
                0x00000000080089ec                _edac_driver_api_list_end = .

eeprom_driver_api_area
                0x00000000080089ec        0x0
                0x00000000080089ec                _eeprom_driver_api_list_start = .
 *(SORT_BY_NAME(SORT_BY_ALIGNMENT(._eeprom_driver_api.static.*)))
                0x00000000080089ec                _eeprom_driver_api_list_end = .

emul_bbram_driver_api_area
                0x00000000080089ec        0x0
                0x00000000080089ec                _emul_bbram_driver_api_list_start = .
 *(SORT_BY_NAME(SORT_BY_ALIGNMENT(._emul_bbram_driver_api.static.*)))
                0x00000000080089ec                _emul_bbram_driver_api_list_end = .

fuel_gauge_emul_driver_api_area
                0x00000000080089ec        0x0
                0x00000000080089ec                _fuel_gauge_emul_driver_api_list_start = .
 *(SORT_BY_NAME(SORT_BY_ALIGNMENT(._fuel_gauge_emul_driver_api.static.*)))
                0x00000000080089ec                _fuel_gauge_emul_driver_api_list_end = .

emul_sensor_driver_api_area
                0x00000000080089ec        0x0
                0x00000000080089ec                _emul_sensor_driver_api_list_start = .
 *(SORT_BY_NAME(SORT_BY_ALIGNMENT(._emul_sensor_driver_api.static.*)))
                0x00000000080089ec                _emul_sensor_driver_api_list_end = .

entropy_driver_api_area
                0x00000000080089ec        0x0
                0x00000000080089ec                _entropy_driver_api_list_start = .
 *(SORT_BY_NAME(SORT_BY_ALIGNMENT(._entropy_driver_api.static.*)))
                0x00000000080089ec                _entropy_driver_api_list_end = .

espi_driver_api_area
                0x00000000080089ec        0x0
                0x00000000080089ec                _espi_driver_api_list_start = .
 *(SORT_BY_NAME(SORT_BY_ALIGNMENT(._espi_driver_api.static.*)))
                0x00000000080089ec                _espi_driver_api_list_end = .

espi_saf_driver_api_area
                0x00000000080089ec        0x0
                0x00000000080089ec                _espi_saf_driver_api_list_start = .
 *(SORT_BY_NAME(SORT_BY_ALIGNMENT(._espi_saf_driver_api.static.*)))
                0x00000000080089ec                _espi_saf_driver_api_list_end = .

flash_driver_api_area
                0x00000000080089ec        0x0
                0x00000000080089ec                _flash_driver_api_list_start = .
 *(SORT_BY_NAME(SORT_BY_ALIGNMENT(._flash_driver_api.static.*)))
                0x00000000080089ec                _flash_driver_api_list_end = .

fpga_driver_api_area
                0x00000000080089ec        0x0
                0x00000000080089ec                _fpga_driver_api_list_start = .
 *(SORT_BY_NAME(SORT_BY_ALIGNMENT(._fpga_driver_api.static.*)))
                0x00000000080089ec                _fpga_driver_api_list_end = .

fuel_gauge_driver_api_area
                0x00000000080089ec        0x0
                0x00000000080089ec                _fuel_gauge_driver_api_list_start = .
 *(SORT_BY_NAME(SORT_BY_ALIGNMENT(._fuel_gauge_driver_api.static.*)))
                0x00000000080089ec                _fuel_gauge_driver_api_list_end = .

gnss_driver_api_area
                0x00000000080089ec        0x0
                0x00000000080089ec                _gnss_driver_api_list_start = .
 *(SORT_BY_NAME(SORT_BY_ALIGNMENT(._gnss_driver_api.static.*)))
                0x00000000080089ec                _gnss_driver_api_list_end = .

haptics_driver_api_area
                0x00000000080089ec        0x0
                0x00000000080089ec                _haptics_driver_api_list_start = .
 *(SORT_BY_NAME(SORT_BY_ALIGNMENT(._haptics_driver_api.static.*)))
                0x00000000080089ec                _haptics_driver_api_list_end = .

hwspinlock_driver_api_area
                0x00000000080089ec        0x0
                0x00000000080089ec                _hwspinlock_driver_api_list_start = .
 *(SORT_BY_NAME(SORT_BY_ALIGNMENT(._hwspinlock_driver_api.static.*)))
                0x00000000080089ec                _hwspinlock_driver_api_list_end = .

i2s_driver_api_area
                0x00000000080089ec        0x0
                0x00000000080089ec                _i2s_driver_api_list_start = .
 *(SORT_BY_NAME(SORT_BY_ALIGNMENT(._i2s_driver_api.static.*)))
                0x00000000080089ec                _i2s_driver_api_list_end = .

i3c_driver_api_area
                0x00000000080089ec        0x0
                0x00000000080089ec                _i3c_driver_api_list_start = .
 *(SORT_BY_NAME(SORT_BY_ALIGNMENT(._i3c_driver_api.static.*)))
                0x00000000080089ec                _i3c_driver_api_list_end = .

ipm_driver_api_area
                0x00000000080089ec        0x0
                0x00000000080089ec                _ipm_driver_api_list_start = .
 *(SORT_BY_NAME(SORT_BY_ALIGNMENT(._ipm_driver_api.static.*)))
                0x00000000080089ec                _ipm_driver_api_list_end = .

led_driver_api_area
                0x00000000080089ec        0x0
                0x00000000080089ec                _led_driver_api_list_start = .
 *(SORT_BY_NAME(SORT_BY_ALIGNMENT(._led_driver_api.static.*)))
                0x00000000080089ec                _led_driver_api_list_end = .

led_strip_driver_api_area
                0x00000000080089ec        0x0
                0x00000000080089ec                _led_strip_driver_api_list_start = .
 *(SORT_BY_NAME(SORT_BY_ALIGNMENT(._led_strip_driver_api.static.*)))
                0x00000000080089ec                _led_strip_driver_api_list_end = .

lora_driver_api_area
                0x00000000080089ec        0x0
                0x00000000080089ec                _lora_driver_api_list_start = .
 *(SORT_BY_NAME(SORT_BY_ALIGNMENT(._lora_driver_api.static.*)))
                0x00000000080089ec                _lora_driver_api_list_end = .

mbox_driver_api_area
                0x00000000080089ec        0x0
                0x00000000080089ec                _mbox_driver_api_list_start = .
 *(SORT_BY_NAME(SORT_BY_ALIGNMENT(._mbox_driver_api.static.*)))
                0x00000000080089ec                _mbox_driver_api_list_end = .

mdio_driver_api_area
                0x00000000080089ec        0x0
                0x00000000080089ec                _mdio_driver_api_list_start = .
 *(SORT_BY_NAME(SORT_BY_ALIGNMENT(._mdio_driver_api.static.*)))
                0x00000000080089ec                _mdio_driver_api_list_end = .

mipi_dbi_driver_api_area
                0x00000000080089ec        0x0
                0x00000000080089ec                _mipi_dbi_driver_api_list_start = .
 *(SORT_BY_NAME(SORT_BY_ALIGNMENT(._mipi_dbi_driver_api.static.*)))
                0x00000000080089ec                _mipi_dbi_driver_api_list_end = .

mipi_dsi_driver_api_area
                0x00000000080089ec        0x0
                0x00000000080089ec                _mipi_dsi_driver_api_list_start = .
 *(SORT_BY_NAME(SORT_BY_ALIGNMENT(._mipi_dsi_driver_api.static.*)))
                0x00000000080089ec                _mipi_dsi_driver_api_list_end = .

mspi_driver_api_area
                0x00000000080089ec        0x0
                0x00000000080089ec                _mspi_driver_api_list_start = .
 *(SORT_BY_NAME(SORT_BY_ALIGNMENT(._mspi_driver_api.static.*)))
                0x00000000080089ec                _mspi_driver_api_list_end = .

opamp_driver_api_area
                0x00000000080089ec        0x0
                0x00000000080089ec                _opamp_driver_api_list_start = .
 *(SORT_BY_NAME(SORT_BY_ALIGNMENT(._opamp_driver_api.static.*)))
                0x00000000080089ec                _opamp_driver_api_list_end = .

otp_driver_api_area
                0x00000000080089ec        0x0
                0x00000000080089ec                _otp_driver_api_list_start = .
 *(SORT_BY_NAME(SORT_BY_ALIGNMENT(._otp_driver_api.static.*)))
                0x00000000080089ec                _otp_driver_api_list_end = .

peci_driver_api_area
                0x00000000080089ec        0x0
                0x00000000080089ec                _peci_driver_api_list_start = .
 *(SORT_BY_NAME(SORT_BY_ALIGNMENT(._peci_driver_api.static.*)))
                0x00000000080089ec                _peci_driver_api_list_end = .

ps2_driver_api_area
                0x00000000080089ec        0x0
                0x00000000080089ec                _ps2_driver_api_list_start = .
 *(SORT_BY_NAME(SORT_BY_ALIGNMENT(._ps2_driver_api.static.*)))
                0x00000000080089ec                _ps2_driver_api_list_end = .

ptp_clock_driver_api_area
                0x00000000080089ec        0x0
                0x00000000080089ec                _ptp_clock_driver_api_list_start = .
 *(SORT_BY_NAME(SORT_BY_ALIGNMENT(._ptp_clock_driver_api.static.*)))
                0x00000000080089ec                _ptp_clock_driver_api_list_end = .

pwm_driver_api_area
                0x00000000080089ec        0x0
                0x00000000080089ec                _pwm_driver_api_list_start = .
 *(SORT_BY_NAME(SORT_BY_ALIGNMENT(._pwm_driver_api.static.*)))
                0x00000000080089ec                _pwm_driver_api_list_end = .

regulator_parent_driver_api_area
                0x00000000080089ec        0x0
                0x00000000080089ec                _regulator_parent_driver_api_list_start = .
 *(SORT_BY_NAME(SORT_BY_ALIGNMENT(._regulator_parent_driver_api.static.*)))
                0x00000000080089ec                _regulator_parent_driver_api_list_end = .

regulator_driver_api_area
                0x00000000080089ec        0x0
                0x00000000080089ec                _regulator_driver_api_list_start = .
 *(SORT_BY_NAME(SORT_BY_ALIGNMENT(._regulator_driver_api.static.*)))
                0x00000000080089ec                _regulator_driver_api_list_end = .

retained_mem_driver_api_area
                0x00000000080089ec        0x0
                0x00000000080089ec                _retained_mem_driver_api_list_start = .
 *(SORT_BY_NAME(SORT_BY_ALIGNMENT(._retained_mem_driver_api.static.*)))
                0x00000000080089ec                _retained_mem_driver_api_list_end = .

rtc_driver_api_area
                0x00000000080089ec        0x0
                0x00000000080089ec                _rtc_driver_api_list_start = .
 *(SORT_BY_NAME(SORT_BY_ALIGNMENT(._rtc_driver_api.static.*)))
                0x00000000080089ec                _rtc_driver_api_list_end = .

sdhc_driver_api_area
                0x00000000080089ec        0x0
                0x00000000080089ec                _sdhc_driver_api_list_start = .
 *(SORT_BY_NAME(SORT_BY_ALIGNMENT(._sdhc_driver_api.static.*)))
                0x00000000080089ec                _sdhc_driver_api_list_end = .

smbus_driver_api_area
                0x00000000080089ec        0x0
                0x00000000080089ec                _smbus_driver_api_list_start = .
 *(SORT_BY_NAME(SORT_BY_ALIGNMENT(._smbus_driver_api.static.*)))
                0x00000000080089ec                _smbus_driver_api_list_end = .

spi_driver_api_area
                0x00000000080089ec        0x0
                0x00000000080089ec                _spi_driver_api_list_start = .
 *(SORT_BY_NAME(SORT_BY_ALIGNMENT(._spi_driver_api.static.*)))
                0x00000000080089ec                _spi_driver_api_list_end = .

syscon_driver_api_area
                0x00000000080089ec        0x0
                0x00000000080089ec                _syscon_driver_api_list_start = .
 *(SORT_BY_NAME(SORT_BY_ALIGNMENT(._syscon_driver_api.static.*)))
                0x00000000080089ec                _syscon_driver_api_list_end = .

tee_driver_api_area
                0x00000000080089ec        0x0
                0x00000000080089ec                _tee_driver_api_list_start = .
 *(SORT_BY_NAME(SORT_BY_ALIGNMENT(._tee_driver_api.static.*)))
                0x00000000080089ec                _tee_driver_api_list_end = .

uaol_driver_api_area
                0x00000000080089ec        0x0
                0x00000000080089ec                _uaol_driver_api_list_start = .
 *(SORT_BY_NAME(SORT_BY_ALIGNMENT(._uaol_driver_api.static.*)))
                0x00000000080089ec                _uaol_driver_api_list_end = .

video_driver_api_area
                0x00000000080089ec        0x0
                0x00000000080089ec                _video_driver_api_list_start = .
 *(SORT_BY_NAME(SORT_BY_ALIGNMENT(._video_driver_api.static.*)))
                0x00000000080089ec                _video_driver_api_list_end = .

virtio_driver_api_area
                0x00000000080089ec        0x0
                0x00000000080089ec                _virtio_driver_api_list_start = .
 *(SORT_BY_NAME(SORT_BY_ALIGNMENT(._virtio_driver_api.static.*)))
                0x00000000080089ec                _virtio_driver_api_list_end = .

w1_driver_api_area
                0x00000000080089ec        0x0
                0x00000000080089ec                _w1_driver_api_list_start = .
 *(SORT_BY_NAME(SORT_BY_ALIGNMENT(._w1_driver_api.static.*)))
                0x00000000080089ec                _w1_driver_api_list_end = .

wdt_driver_api_area
                0x00000000080089ec        0x0