Archive member included to satisfy reference by file (symbol)

app/libapp.a(main.c.obj)      (--whole-archive)
zephyr/libzephyr.a(validate_libc.c.obj)
                              (--whole-archive)
zephyr/libzephyr.a(heap.c.obj)
                              (--whole-archive)
zephyr/libzephyr.a(cbprintf_packaged.c.obj)
                              (--whole-archive)
zephyr/libzephyr.a(clock.c.obj)
                              (--whole-archive)
zephyr/libzephyr.a(printk.c.obj)
                              (--whole-archive)
zephyr/libzephyr.a(sem.c.obj)
                              (--whole-archive)
zephyr/libzephyr.a(thread_entry.c.obj)
                              (--whole-archive)
zephyr/libzephyr.a(cbprintf_complete.c.obj)
                              (--whole-archive)
zephyr/libzephyr.a(assert.c.obj)
                              (--whole-archive)
zephyr/libzephyr.a(mpsc_pbuf.c.obj)
                              (--whole-archive)
zephyr/libzephyr.a(dec.c.obj)
                              (--whole-archive)
zephyr/libzephyr.a(hex.c.obj)
                              (--whole-archive)
zephyr/libzephyr.a(rb.c.obj)  (--whole-archive)
zephyr/libzephyr.a(timeutil.c.obj)
                              (--whole-archive)
zephyr/libzephyr.a(bitarray.c.obj)
                              (--whole-archive)
zephyr/libzephyr.a(bitmask.c.obj)
                              (--whole-archive)
zephyr/libzephyr.a(getopt.c.obj)
                              (--whole-archive)
zephyr/libzephyr.a(getopt_common.c.obj)
                              (--whole-archive)
zephyr/libzephyr.a(ring_buffer.c.obj)
                              (--whole-archive)
zephyr/libzephyr.a(last_section_id.c.obj)
                              (--whole-archive)
zephyr/libzephyr.a(configs.c.obj)
                              (--whole-archive)
zephyr/libzephyr.a(stm32cube_hal.c.obj)
                              (--whole-archive)
zephyr/libzephyr.a(soc_config.c.obj)
                              (--whole-archive)
zephyr/libzephyr.a(gpioport_mgr.c.obj)
                              (--whole-archive)
zephyr/libzephyr.a(stm32_cache.c.obj)
                              (--whole-archive)
zephyr/libzephyr.a(stm32_backup_domain.c.obj)
                              (--whole-archive)
zephyr/libzephyr.a(soc.c.obj)
                              (--whole-archive)
zephyr/libzephyr.a(log_core.c.obj)
                              (--whole-archive)
zephyr/libzephyr.a(log_mgmt.c.obj)
                              (--whole-archive)
zephyr/libzephyr.a(log_cache.c.obj)
                              (--whole-archive)
zephyr/libzephyr.a(log_msg.c.obj)
                              (--whole-archive)
zephyr/libzephyr.a(log_output.c.obj)
                              (--whole-archive)
zephyr/libzephyr.a(log_backend_uart.c.obj)
                              (--whole-archive)
zephyr/libzephyr.a(mem_attr.c.obj)
                              (--whole-archive)
zephyr/libzephyr.a(tracing_none.c.obj)
                              (--whole-archive)
zephyr/arch/common/libarch__common.a(sw_isr_common.c.obj)
                              (--whole-archive)
zephyr/arch/common/libarch__common.a(init.c.obj)
                              (--whole-archive)
zephyr/arch/common/libarch__common.a(xip.c.obj)
                              (--whole-archive)
zephyr/arch/arch/arm/core/libarch__arm__core.a(fatal.c.obj)
                              (--whole-archive)
zephyr/arch/arch/arm/core/libarch__arm__core.a(nmi.c.obj)
                              (--whole-archive)
zephyr/arch/arch/arm/core/libarch__arm__core.a(nmi_on_reset.S.obj)
                              (--whole-archive)
zephyr/arch/arch/arm/core/libarch__arm__core.a(tls.c.obj)
                              (--whole-archive)
zephyr/arch/arch/arm/core/cortex_m/libarch__arm__core__cortex_m.a(fault.c.obj)
                              (--whole-archive)
zephyr/arch/arch/arm/core/cortex_m/libarch__arm__core__cortex_m.a(fault_s.S.obj)
                              (--whole-archive)
zephyr/arch/arch/arm/core/cortex_m/libarch__arm__core__cortex_m.a(fpu.c.obj)
                              (--whole-archive)
zephyr/arch/arch/arm/core/cortex_m/libarch__arm__core__cortex_m.a(reset.S.obj)
                              (--whole-archive)
zephyr/arch/arch/arm/core/cortex_m/libarch__arm__core__cortex_m.a(scb.c.obj)
                              (--whole-archive)
zephyr/arch/arch/arm/core/cortex_m/libarch__arm__core__cortex_m.a(vector_table.S.obj)
                              (--whole-archive)
zephyr/arch/arch/arm/core/cortex_m/libarch__arm__core__cortex_m.a(svc.S.obj)
                              (--whole-archive)
zephyr/arch/arch/arm/core/cortex_m/libarch__arm__core__cortex_m.a(irq_manage.c.obj)
                              (--whole-archive)
zephyr/arch/arch/arm/core/cortex_m/libarch__arm__core__cortex_m.a(prep_c.c.obj)
                              (--whole-archive)
zephyr/arch/arch/arm/core/cortex_m/libarch__arm__core__cortex_m.a(thread.c.obj)
[...]
Memory Configuration

Name             Origin             Length             Attributes
FLASH            0x0000000008000000 0x0000000000100000 xr
RAM              0x0000000020010000 0x0000000000040000 xw
QSPI_PLACEHOLDER 0x0000000090000000 0x0000000010000000 rw
SRAM0            0x0000000020010000 0x0000000000040000 rw
DTCM             0x0000000020000000 0x0000000000010000 rw
SDRAM1           0x00000000c0000000 0x0000000000800000 rw
EXTMEM           0x0000000090000000 0x0000000001000000 rw
IDT_LIST         0x00000000ffff7fff 0x0000000000008000 xw
*default*        0x0000000000000000 0xffffffffffffffff

Linker script and memory map

                0x0000000008005414                vfprintf = __d_vfprintf
                0x0000000000000000                vfscanf = __d_vfscanf
LOAD zephyr/CMakeFiles/zephyr_pre0.dir/misc/empty_file.c.obj
LOAD zephyr/CMakeFiles/offsets.dir/./arch/arm/core/offsets/offsets.c.obj
LOAD app/libapp.a
LOAD zephyr/libzephyr.a
LOAD zephyr/arch/common/libarch__common.a
LOAD zephyr/arch/arch/arm/core/libarch__arm__core.a
LOAD zephyr/arch/arch/arm/core/cortex_m/libarch__arm__core__cortex_m.a
LOAD zephyr/arch/arch/arm/core/mpu/libarch__arm__core__mpu.a
LOAD zephyr/lib/libc/picolibc/liblib__libc__picolibc.a
LOAD zephyr/lib/libc/common/liblib__libc__common.a
LOAD zephyr/lib/posix/c_lib_ext/liblib__posix__c_lib_ext.a
LOAD zephyr/drivers/interrupt_controller/libdrivers__interrupt_controller.a
LOAD zephyr/drivers/clock_control/libdrivers__clock_control.a
LOAD zephyr/drivers/console/libdrivers__console.a
LOAD zephyr/drivers/gpio/libdrivers__gpio.a
LOAD zephyr/drivers/i2c/libdrivers__i2c.a
LOAD zephyr/drivers/pinctrl/libdrivers__pinctrl.a
LOAD zephyr/drivers/reset/libdrivers__reset.a
LOAD zephyr/drivers/sensor/tdk/mpu9250/libdrivers__sensor__tdk__mpu9250.a
LOAD zephyr/drivers/serial/libdrivers__serial.a
LOAD zephyr/drivers/timer/libdrivers__timer.a
LOAD modules/hal_stm32/stm32cube/lib..__modules__hal__stm32__stm32cube.a
LOAD zephyr/kernel/libkernel.a
LOAD zephyr/arch/common/libisr_tables.a
LOAD /home/faiza/zephyr-sdk-0.17.4/arm-zephyr-eabi/bin/../lib/gcc/../../picolibc/arm-zephyr-eabi/lib/thumb/v7e-m+fp/hard/libc.a
LOAD /home/faiza/zephyr-sdk-0.17.4/arm-zephyr-eabi/bin/../lib/gcc/arm-zephyr-eabi/12.2.0/thumb/v7e-m+fp/hard/libgcc.a
                0x0000000000000080                _region_min_align = 0x80

.rel.plt        0x0000000008000000        0x0
 *(SORT_BY_ALIGNMENT(.rel.plt))
                [!provide]                        PROVIDE (__rel_iplt_start = .)
 *(SORT_BY_ALIGNMENT(.rel.iplt))
 .rel.iplt      0x0000000008000000        0x0 app/libapp.a(main.c.obj)
                [!provide]                        PROVIDE (__rel_iplt_end = .)

.rela.plt       0x0000000000000000        0x0
 *(SORT_BY_ALIGNMENT(.rela.plt))
                [!provide]                        PROVIDE (__rela_iplt_start = .)
 *(SORT_BY_ALIGNMENT(.rela.iplt))
                [!provide]                        PROVIDE (__rela_iplt_end = .)

.rel.dyn
 *(SORT_BY_ALIGNMENT(.rel.*))

.rela.dyn
 *(SORT_BY_ALIGNMENT(.rela.*))

/DISCARD/
 *(SORT_BY_ALIGNMENT(.plt))

/DISCARD/
 *(SORT_BY_ALIGNMENT(.iplt))
                0x0000000008000000                __rom_region_start = 0x8000000

rom_start       0x0000000008000000      0x1c8
                0x0000000008000000                __rom_start_address = .
 FILL mask 0x00
                0x0000000008000000                . = (. + (0x0 - (. - __rom_start_address)))
                0x0000000008000000                . = ALIGN (0x4)
                0x0000000008000000                . = ALIGN (0x80)
                0x0000000008000000                . = ALIGN (0x200)
                0x0000000008000000                _vector_start = .
 *(SORT_BY_ALIGNMENT(.exc_vector_table))
 *(SORT_BY_ALIGNMENT(.exc_vector_table.*))
 .exc_vector_table._vector_table_section
                0x0000000008000000       0x40 zephyr/arch/arch/arm/core/cortex_m/libarch__arm__core__cortex_m.a(vector_table.S.obj)
                0x0000000008000000                _vector_table
 *(SORT_BY_ALIGNMENT(.vectors))
                0x00000000080001c8                _vector_end = .
                0x0000000008000040                . = ALIGN (0x4)
 *(SORT_BY_ALIGNMENT(.gnu.linkonce.irq_vector_table*))
 .gnu.linkonce.irq_vector_table
                0x0000000008000040      0x188 zephyr/arch/common/libisr_tables.a(isr_tables.c.obj)
                0x0000000008000040                _irq_vector_table
                0x00000000080001c8                _vector_end = .

text            0x00000000080001c8     0x7f24
                0x00000000080001c8                __text_region_start = .
 *(SORT_BY_ALIGNMENT(.text))
 .text          0x00000000080001c8       0xa0 /home/faiza/zephyr-sdk-0.17.4/arm-zephyr-eabi/bin/../lib/gcc/arm-zephyr-eabi/12.2.0/thumb/v7e-m+fp/hard/libgcc.a(_aeabi_ldivmod.o)
                0x00000000080001c8                __aeabi_ldivmod
 .text          0x0000000008000268       0x30 /home/faiza/zephyr-sdk-0.17.4/arm-zephyr-eabi/bin/../lib/gcc/arm-zephyr-eabi/12.2.0/thumb/v7e-m+fp/hard/libgcc.a(_aeabi_uldivmod.o)
                0x0000000008000268                __aeabi_uldivmod
 .text          0x0000000008000298        0x4 /home/faiza/zephyr-sdk-0.17.4/arm-zephyr-eabi/bin/../lib/gcc/arm-zephyr-eabi/12.2.0/thumb/v7e-m+fp/hard/libgcc.a(_dvmd_tls.o)
                0x0000000008000298                __aeabi_ldiv0
                0x0000000008000298                __aeabi_idiv0
 .text          0x000000000800029c       0x10 /home/faiza/zephyr-sdk-0.17.4/arm-zephyr-eabi/bin/../lib/gcc/../../picolibc/arm-zephyr-eabi/lib/thumb/v7e-m+fp/hard/libc.a(strlen.S.o)
                0x000000000800029c                strlen
 .text          0x00000000080002ac      0x2a0 /home/faiza/zephyr-sdk-0.17.4/arm-zephyr-eabi/bin/../lib/gcc/arm-zephyr-eabi/12.2.0/thumb/v7e-m+fp/hard/libgcc.a(_udivmoddi4.o)
                0x00000000080002ac                __udivmoddi4
 *(SORT_BY_ALIGNMENT(.text.*))
 .text.button_pressed
                0x000000000800054c       0x10 app/libapp.a(main.c.obj)
                0x000000000800054c                button_pressed
 .text.my_timer_handler
                0x000000000800055c        0xc app/libapp.a(main.c.obj)
                0x000000000800055c                my_timer_handler
 .text.gpio_toggle_work_handler
                0x0000000008000568       0xb8 app/libapp.a(main.c.obj)
                0x0000000008000568                gpio_toggle_work_handler
 .text.debounce_handler
                0x0000000008000620       0x7c app/libapp.a(main.c.obj)
 .text.main     0x000000000800069c       0xec app/libapp.a(main.c.obj)
                0x000000000800069c                main
 .text.cbvprintf_package
                0x0000000008000788      0x3a4 zephyr/libzephyr.a(cbprintf_packaged.c.obj)
                0x0000000008000788                cbvprintf_package
 .text.cbprintf_package_convert
                0x0000000008000b2c      0x3cc zephyr/libzephyr.a(cbprintf_packaged.c.obj)
                0x0000000008000b2c                cbprintf_package_convert
 .text.__printk_hook_install
                0x0000000008000ef8        0xc zephyr/libzephyr.a(printk.c.obj)
                0x0000000008000ef8                __printk_hook_install
 .text.z_thread_entry
                0x0000000008000f04       0x34 zephyr/libzephyr.a(thread_entry.c.obj)
                0x0000000008000f04                z_thread_entry
 .text.st_stm32_common_config
                0x0000000008000f38       0x14 zephyr/libzephyr.a(soc_config.c.obj)
 .text.stm32_gpioport_init
                0x0000000008000f4c       0x20 zephyr/libzephyr.a(gpioport_mgr.c.obj)
 .text.stm32_gpioport_get
                0x0000000008000f6c       0x24 zephyr/libzephyr.a(gpioport_mgr.c.obj)
                0x0000000008000f6c                stm32_gpioport_get
 .text.soc_early_init_hook
                0x0000000008000f90       0x28 zephyr/libzephyr.a(soc.c.obj)
                0x0000000008000f90                soc_early_init_hook
 .text.activate_foreach_backend
                0x0000000008000fb8       0x64 zephyr/libzephyr.a(log_core.c.obj)
 .text.enable_logger
                0x000000000800101c       0x5c zephyr/libzephyr.a(log_core.c.obj)
 .text.log_process_thread_timer_expiry_fn
                0x0000000008001078        0xc zephyr/libzephyr.a(log_core.c.obj)
 .text.z_log_init
                0x0000000008001084       0x94 zephyr/libzephyr.a(log_core.c.obj)
 .text.log_format_func_t_get
                0x0000000008001118        0xc zephyr/libzephyr.a(log_core.c.obj)
                0x0000000008001118                log_format_func_t_get
 .text.log_set_timestamp_func
                0x0000000008001124       0x20 zephyr/libzephyr.a(log_core.c.obj)
                0x0000000008001124                log_set_timestamp_func
 .text.z_log_notify_backend_enabled
                0x0000000008001144       0x1c zephyr/libzephyr.a(log_core.c.obj)
                0x0000000008001144                z_log_notify_backend_enabled
 .text.z_log_dropped
                0x0000000008001160       0x44 zephyr/libzephyr.a(log_core.c.obj)
                0x0000000008001160                z_log_dropped
 .text.z_log_dropped_read_and_clear
                0x00000000080011a4       0x20 zephyr/libzephyr.a(log_core.c.obj)
                0x00000000080011a4                z_log_dropped_read_and_clear
 .text.dropped_notify
                0x00000000080011c4       0x30 zephyr/libzephyr.a(log_core.c.obj)
                0x00000000080011c4                dropped_notify
 .text.z_log_msg_init
                0x00000000080011f4       0x20 zephyr/libzephyr.a(log_core.c.obj)
                0x00000000080011f4                z_log_msg_init
 .text.log_core_init
                0x0000000008001214       0x50 zephyr/libzephyr.a(log_core.c.obj)
                0x0000000008001214                log_core_init
 .text.z_log_msg_alloc
                0x0000000008001264       0x10 zephyr/libzephyr.a(log_core.c.obj)
                0x0000000008001264                z_log_msg_alloc
 .text.z_log_msg_local_claim
                0x0000000008001274        0xc zephyr/libzephyr.a(log_core.c.obj)
                0x0000000008001274                z_log_msg_local_claim
 .text.z_log_msg_free
                0x0000000008001280       0x10 zephyr/libzephyr.a(log_core.c.obj)
                0x0000000008001280                z_log_msg_free
 .text.z_log_msg_pending
                0x0000000008001290        0xc zephyr/libzephyr.a(log_core.c.obj)
                0x0000000008001290                z_log_msg_pending
 .text.z_impl_log_process
                0x000000000800129c       0xb4 zephyr/libzephyr.a(log_core.c.obj)
                0x000000000800129c                z_impl_log_process
 .text.z_impl_log_panic
                0x0000000008001350       0x44 zephyr/libzephyr.a(log_core.c.obj)
                0x0000000008001350                z_impl_log_panic
 .text.log_process_thread_func
                0x0000000008001394       0xa4 zephyr/libzephyr.a(log_core.c.obj)
 .text.z_log_msg_post_finalize
                0x0000000008001438       0x78 zephyr/libzephyr.a(log_core.c.obj)
 .text.z_log_msg_commit
                0x00000000080014b0       0x24 zephyr/libzephyr.a(log_core.c.obj)
                0x00000000080014b0                z_log_msg_commit
 .text.log_source_name_get
                0x00000000080014d4       0x1c zephyr/libzephyr.a(log_mgmt.c.obj)
                0x00000000080014d4                log_source_name_get
 .text.z_impl_z_log_msg_static_create
                0x00000000080014f0      0x108 zephyr/libzephyr.a(log_msg.c.obj)
                0x00000000080014f0                z_impl_z_log_msg_static_create
 .text.z_log_msg_runtime_vcreate
                0x00000000080015f8       0xa0 zephyr/libzephyr.a(log_msg.c.obj)
                0x00000000080015f8                z_log_msg_runtime_vcreate
 .text.log_msg_get_source_id
                0x0000000008001698       0x18 zephyr/libzephyr.a(log_msg.c.obj)
                0x0000000008001698                log_msg_get_source_id
 .text.print_formatted
                0x00000000080016b0       0x24 zephyr/libzephyr.a(log_output.c.obj)
 .text.newline_print
                0x00000000080016d4       0x1c zephyr/libzephyr.a(log_output.c.obj)
 .text.log_output_process
                0x00000000080016f0      0x2d8 zephyr/libzephyr.a(log_output.c.obj)
                0x00000000080016f0                log_output_process
 .text.log_output_dropped_process
                0x00000000080019c8       0x58 zephyr/libzephyr.a(log_output.c.obj)
                0x00000000080019c8                log_output_dropped_process
 .text.log_output_timestamp_freq_set
                0x0000000008001a20       0x2c zephyr/libzephyr.a(log_output.c.obj)
                0x0000000008001a20                log_output_timestamp_freq_set
 .text.char_out
                0x0000000008001a4c       0x24 zephyr/libzephyr.a(log_backend_uart.c.obj)
 .text.mem_attr_get_regions
                0x0000000008001a70        0xc zephyr/libzephyr.a(mem_attr.c.obj)
                0x0000000008001a70                mem_attr_get_regions
 .text.arch_bss_zero
                0x0000000008001a7c       0x2c zephyr/arch/common/libarch__common.a(init.c.obj)
                0x0000000008001a7c                arch_bss_zero
 .text.arch_data_copy
                0x0000000008001aa8       0x50 zephyr/arch/common/libarch__common.a(xip.c.obj)
                0x0000000008001aa8                arch_data_copy
 .text.z_arm_fatal_error
                0x0000000008001af8      0x120 zephyr/arch/arch/arm/core/libarch__arm__core.a(fatal.c.obj)
                0x0000000008001af8                z_arm_fatal_error
 .text.z_SysNmiOnReset
                0x0000000008001c18        0x8 zephyr/arch/arch/arm/core/libarch__arm__core.a(nmi_on_reset.S.obj)
                0x0000000008001c18                z_SysNmiOnReset
 .text.arch_tls_stack_setup
                0x0000000008001c20       0x40 zephyr/arch/arch/arm/core/libarch__arm__core.a(tls.c.obj)
                0x0000000008001c20                arch_tls_stack_setup
 .text.bus_fault.constprop.0
                0x0000000008001c60       0xd0 zephyr/arch/arch/arm/core/cortex_m/libarch__arm__core__cortex_m.a(fault.c.obj)
 .text.usage_fault.constprop.0
                0x0000000008001d30       0xa8 zephyr/arch/arch/arm/core/cortex_m/libarch__arm__core__cortex_m.a(fault.c.obj)
 .text.mem_manage_fault
                0x0000000008001dd8      0x104 zephyr/arch/arch/arm/core/cortex_m/libarch__arm__core__cortex_m.a(fault.c.obj)
 .text.z_arm_fault
                0x0000000008001edc      0x1c8 zephyr/arch/arch/arm/core/cortex_m/libarch__arm__core__cortex_m.a(fault.c.obj)
                0x0000000008001edc                z_arm_fault
 .text.z_arm_fault_init
                0x00000000080020a4       0x18 zephyr/arch/arch/arm/core/cortex_m/libarch__arm__core__cortex_m.a(fault.c.obj)
                0x00000000080020a4                z_arm_fault_init
 .text.__fault  0x00000000080020bc       0x14 zephyr/arch/arch/arm/core/cortex_m/libarch__arm__core__cortex_m.a(fault_s.S.obj)
                0x00000000080020bc                z_arm_bus_fault
                0x00000000080020bc                z_arm_usage_fault
                0x00000000080020bc                z_arm_mpu_fault
                0x00000000080020bc                z_arm_exc_spurious
                0x00000000080020bc                z_arm_debug_monitor
                0x00000000080020bc                z_arm_hard_fault
 .text._reset_section
                0x00000000080020d0       0x34 zephyr/arch/arch/arm/core/cortex_m/libarch__arm__core__cortex_m.a(reset.S.obj)
                0x00000000080020d0                z_arm_reset
                0x00000000080020d0                __start
 .text.z_arm_svc
                0x0000000008002104       0x24 zephyr/arch/arch/arm/core/cortex_m/libarch__arm__core__cortex_m.a(svc.S.obj)
                0x0000000008002104                z_arm_svc
 .text.arm_irq_enable
                0x0000000008002128       0x1c zephyr/arch/arch/arm/core/cortex_m/libarch__arm__core__cortex_m.a(irq_manage.c.obj)
                0x0000000008002128                arm_irq_enable
 .text.arm_irq_priority_set
                0x0000000008002144       0x2c zephyr/arch/arch/arm/core/cortex_m/libarch__arm__core__cortex_m.a(irq_manage.c.obj)
                0x0000000008002144                arm_irq_priority_set
 .text.relocate_vector_table
                0x0000000008002170       0x1c zephyr/arch/arch/arm/core/cortex_m/libarch__arm__core__cortex_m.a(prep_c.c.obj)
                0x0000000008002170                relocate_vector_table
 .text.z_prep_c
                0x000000000800218c       0x4c zephyr/arch/arch/arm/core/cortex_m/libarch__arm__core__cortex_m.a(prep_c.c.obj)
                0x000000000800218c                z_prep_c
 .text.arch_new_thread
                0x00000000080021d8       0x34 zephyr/arch/arch/arm/core/cortex_m/libarch__arm__core__cortex_m.a(thread.c.obj)
                0x00000000080021d8                arch_new_thread
 .text.z_arm_mpu_stack_guard_and_fpu_adjust
                0x000000000800220c       0x54 zephyr/arch/arch/arm/core/cortex_m/libarch__arm__core__cortex_m.a(thread.c.obj)
                0x000000000800220c                z_arm_mpu_stack_guard_and_fpu_adjust
 .text.z_check_thread_stack_fail
                0x0000000008002260       0x2c zephyr/arch/arch/arm/core/cortex_m/libarch__arm__core__cortex_m.a(thread.c.obj)
                0x0000000008002260                z_check_thread_stack_fail
 .text.arch_float_disable
                0x000000000800228c       0x48 zephyr/arch/arch/arm/core/cortex_m/libarch__arm__core__cortex_m.a(thread.c.obj)
                0x000000000800228c                arch_float_disable
 .text.arch_switch_to_main_thread
                0x00000000080022d4       0x58 zephyr/arch/arch/arm/core/cortex_m/libarch__arm__core__cortex_m.a(thread.c.obj)
                0x00000000080022d4                arch_switch_to_main_thread
 .text.z_arm_cpu_idle_init
                0x000000000800232c        0xc zephyr/arch/arch/arm/core/cortex_m/libarch__arm__core__cortex_m.a(cpu_idle.c.obj)
                0x000000000800232c                z_arm_cpu_idle_init
 .text._HandlerModeExit
                0x0000000008002338       0x20 zephyr/arch/arch/arm/core/cortex_m/libarch__arm__core__cortex_m.a(exc_exit.c.obj)
                0x0000000008002338                z_arm_exc_exit
                0x0000000008002338                z_arm_int_exit
 .text.z_impl_k_thread_abort
                0x0000000008002358       0x2c zephyr/arch/arch/arm/core/cortex_m/libarch__arm__core__cortex_m.a(thread_abort.c.obj)
                0x0000000008002358                z_impl_k_thread_abort
 .text.z_arm_pendsv
                0x0000000008002384       0x9c zephyr/arch/arch/arm/core/cortex_m/libarch__arm__core__cortex_m.a(swap_helper.S.obj)
                0x0000000008002384                z_arm_pendsv
 .text.z_arm_interrupt_init
                0x0000000008002420       0x18 zephyr/arch/arch/arm/core/cortex_m/libarch__arm__core__cortex_m.a(irq_init.c.obj)
                0x0000000008002420                z_arm_interrupt_init
 .text._isr_wrapper
                0x0000000008002438       0x24 zephyr/arch/arch/arm/core/cortex_m/libarch__arm__core__cortex_m.a(isr_wrapper.c.obj)
                0x0000000008002438                _isr_wrapper
 .text.__aeabi_read_tp
                0x000000000800245c        0xc zephyr/arch/arch/arm/core/cortex_m/libarch__arm__core__cortex_m.a(__aeabi_read_tp.S.obj)
                0x000000000800245c                __aeabi_read_tp
 .text.z_arm_configure_static_mpu_regions
                0x0000000008002468       0x18 zephyr/arch/arch/arm/core/mpu/libarch__arm__core__mpu.a(arm_core_mpu.c.obj)
                0x0000000008002468                z_arm_configure_static_mpu_regions
 .text.z_arm_configure_dynamic_mpu_regions
                0x0000000008002480       0x2c zephyr/arch/arch/arm/core/mpu/libarch__arm__core__mpu.a(arm_core_mpu.c.obj)
                0x0000000008002480                z_arm_configure_dynamic_mpu_regions
 .text.region_allocate_and_init
                0x00000000080024ac       0x54 zephyr/arch/arch/arm/core/mpu/libarch__arm__core__mpu.a(arm_mpu.c.obj)
 .text.mpu_configure_regions
                0x0000000008002500       0x68 zephyr/arch/arch/arm/core/mpu/libarch__arm__core__mpu.a(arm_mpu.c.obj)
 .text.arm_core_mpu_enable
                0x0000000008002568       0x18 zephyr/arch/arch/arm/core/mpu/libarch__arm__core__mpu.a(arm_mpu.c.obj)
                0x0000000008002568                arm_core_mpu_enable
 .text.arm_core_mpu_disable
                0x0000000008002580       0x14 zephyr/arch/arch/arm/core/mpu/libarch__arm__core__mpu.a(arm_mpu.c.obj)
                0x0000000008002580                arm_core_mpu_disable
 .text.arm_core_mpu_configure_static_mpu_regions
                0x0000000008002594       0x14 zephyr/arch/arch/arm/core/mpu/libarch__arm__core__mpu.a(arm_mpu.c.obj)
                0x0000000008002594                arm_core_mpu_configure_static_mpu_regions
 .text.arm_core_mpu_configure_dynamic_mpu_regions
                0x00000000080025a8       0x38 zephyr/arch/arch/arm/core/mpu/libarch__arm__core__mpu.a(arm_mpu.c.obj)
                0x00000000080025a8                arm_core_mpu_configure_dynamic_mpu_regions
 .text.z_arm_mpu_init
                0x00000000080025e0      0x198 zephyr/arch/arch/arm/core/mpu/libarch__arm__core__mpu.a(arm_mpu.c.obj)
                0x00000000080025e0                z_arm_mpu_init
 .text.cbvprintf
                0x0000000008002778       0x38 zephyr/lib/libc/picolibc/liblib__libc__picolibc.a(cbprintf.c.obj)
                0x0000000008002778                cbvprintf
 .text.z_impl_zephyr_fputc
                0x00000000080027b0       0x10 zephyr/lib/libc/picolibc/liblib__libc__picolibc.a(stdio.c.obj)
                0x00000000080027b0                z_impl_zephyr_fputc
 .text.__stdout_hook_install
                0x00000000080027c0       0x18 zephyr/lib/libc/picolibc/liblib__libc__picolibc.a(stdio.c.obj)
                0x00000000080027c0                __stdout_hook_install
 .text.malloc_prepare
                0x00000000080027d8       0x24 zephyr/lib/libc/common/liblib__libc__common.a(malloc.c.obj)
 .text.stm32_exti_init
                0x00000000080027fc       0x30 zephyr/drivers/interrupt_controller/libdrivers__interrupt_controller.a(intc_exti_stm32.c.obj)
 .text.stm32_exti_is_pending
                0x000000000800282c       0x38 zephyr/drivers/interrupt_controller/libdrivers__interrupt_controller.a(intc_exti_stm32.c.obj)
                0x000000000800282c                stm32_exti_is_pending
 .text.stm32_exti_clear_pending
                0x0000000008002864       0x34 zephyr/drivers/interrupt_controller/libdrivers__interrupt_controller.a(intc_exti_stm32.c.obj)
                0x0000000008002864                stm32_exti_clear_pending
 .text.stm32_fill_irq_table
                0x0000000008002898       0x18 zephyr/drivers/interrupt_controller/libdrivers__interrupt_controller.a(intc_gpio_stm32.c.obj)
 .text.stm32_intc_gpio_isr
                0x00000000080028b0       0x4c zephyr/drivers/interrupt_controller/libdrivers__interrupt_controller.a(intc_gpio_stm32.c.obj)
 .text.stm32_gpio_intc_enable_line
                0x00000000080028fc       0x2c zephyr/drivers/interrupt_controller/libdrivers__interrupt_controller.a(intc_gpio_stm32.c.obj)
                0x00000000080028fc                stm32_gpio_intc_enable_line
 .text.stm32_gpio_intc_disable_line
                0x0000000008002928       0x10 zephyr/drivers/interrupt_controller/libdrivers__interrupt_controller.a(intc_gpio_stm32.c.obj)
                0x0000000008002928                stm32_gpio_intc_disable_line
 .text.stm32_gpio_intc_select_line_trigger
                0x0000000008002938       0x50 zephyr/drivers/interrupt_controller/libdrivers__interrupt_controller.a(intc_gpio_stm32.c.obj)
                0x0000000008002938                stm32_gpio_intc_select_line_trigger
 .text.stm32_gpio_intc_set_irq_callback
                0x0000000008002988       0x40 zephyr/drivers/interrupt_controller/libdrivers__interrupt_controller.a(intc_gpio_stm32.c.obj)
                0x0000000008002988                stm32_gpio_intc_set_irq_callback
 .text.stm32_gpio_intc_remove_irq_callback
                0x00000000080029c8       0x24 zephyr/drivers/interrupt_controller/libdrivers__interrupt_controller.a(intc_gpio_stm32.c.obj)
                0x00000000080029c8                stm32_gpio_intc_remove_irq_callback
 .text.stm32_exti_get_line_src_port
                0x00000000080029ec       0x30 zephyr/drivers/interrupt_controller/libdrivers__interrupt_controller.a(intc_gpio_stm32.c.obj)
                0x00000000080029ec                stm32_exti_get_line_src_port
 .text.stm32_clock_control_get_subsys_rate
                0x0000000008002a1c       0xe4 zephyr/drivers/clock_control/libdrivers__clock_control.a(clock_stm32_ll_common.c.obj)
 .text.enabled_clock
                0x0000000008002b00       0x20 zephyr/drivers/clock_control/libdrivers__clock_control.a(clock_stm32_ll_common.c.obj)
                0x0000000008002b00                enabled_clock
 .text.stm32_clock_control_init
                0x0000000008002b20      0x150 zephyr/drivers/clock_control/libdrivers__clock_control.a(clock_stm32_ll_common.c.obj)
                0x0000000008002b20                stm32_clock_control_init
 .text.get_pllsrc_frequency
                0x0000000008002c70        0x8 zephyr/drivers/clock_control/libdrivers__clock_control.a(clock_stm32f2_f4_f7.c.obj)
                0x0000000008002c70                get_pllsrc_frequency
 .text.config_pll_sysclock
                0x0000000008002c78       0x60 zephyr/drivers/clock_control/libdrivers__clock_control.a(clock_stm32f2_f4_f7.c.obj)
                0x0000000008002c78                config_pll_sysclock
 .text.get_pllsaisrc_frequency
                0x0000000008002cd8        0x8 zephyr/drivers/clock_control/libdrivers__clock_control.a(clock_stm32f2_f4_f7.c.obj)
                0x0000000008002cd8                get_pllsaisrc_frequency
 .text.config_pllsai
                0x0000000008002ce0       0x44 zephyr/drivers/clock_control/libdrivers__clock_control.a(clock_stm32f2_f4_f7.c.obj)
                0x0000000008002ce0                config_pllsai
 .text.config_enable_default_clocks
                0x0000000008002d24       0x20 zephyr/drivers/clock_control/libdrivers__clock_control.a(clock_stm32f2_f4_f7.c.obj)
                0x0000000008002d24                config_enable_default_clocks
 .text.uart_console_init
                0x0000000008002d44       0x28 zephyr/drivers/console/libdrivers__console.a(uart_console.c.obj)
 .text.console_out
                0x0000000008002d6c       0x28 zephyr/drivers/console/libdrivers__console.a(uart_console.c.obj)
 .text.gpio_stm32_pin_interrupt_configure
                0x0000000008002d94       0xac zephyr/drivers/gpio/libdrivers__gpio.a(gpio_stm32.c.obj)
 .text.i2c_stm32_get_config.part.0
                0x0000000008002e40       0x1c zephyr/drivers/i2c/libdrivers__i2c.a(i2c_stm32.c.obj)
 .text.i2c_stm32_set_smbus_mode
                0x0000000008002e5c       0x54 zephyr/drivers/i2c/libdrivers__i2c.a(i2c_stm32.c.obj)
                0x0000000008002e5c                i2c_stm32_set_smbus_mode
 .text.i2c_stm32_runtime_configure
                0x0000000008002eb0       0x88 zephyr/drivers/i2c/libdrivers__i2c.a(i2c_stm32.c.obj)
                0x0000000008002eb0                i2c_stm32_runtime_configure
 .text.i2c_stm32_init
                0x0000000008002f38       0xb4 zephyr/drivers/i2c/libdrivers__i2c.a(i2c_stm32.c.obj)
 .text.i2c_stm32_activate
                0x0000000008002fec       0x68 zephyr/drivers/i2c/libdrivers__i2c.a(i2c_stm32_common.c.obj)
                0x0000000008002fec                i2c_stm32_activate
 .text.i2c_stm32_configure_timing
                0x0000000008003054      0x17c zephyr/drivers/i2c/libdrivers__i2c.a(i2c_stm32_v2.c.obj)
                0x0000000008003054                i2c_stm32_configure_timing
 .text.i2c_stm32_transaction
                0x00000000080031d0      0x1d0 zephyr/drivers/i2c/libdrivers__i2c.a(i2c_stm32_v2.c.obj)
                0x00000000080031d0                i2c_stm32_transaction
 .text.mpu9250_convert_gyro
                0x00000000080033a0       0x30 zephyr/drivers/sensor/tdk/mpu9250/libdrivers__sensor__tdk__mpu9250.a(mpu9250.c.obj)
 .text.mpu9250_sample_fetch
                0x00000000080033d0       0x78 zephyr/drivers/sensor/tdk/mpu9250/libdrivers__sensor__tdk__mpu9250.a(mpu9250.c.obj)
 .text.mpu9250_channel_get
                0x0000000008003448      0x174 zephyr/drivers/sensor/tdk/mpu9250/libdrivers__sensor__tdk__mpu9250.a(mpu9250.c.obj)
 .text.mpu9250_init
                0x00000000080035bc      0x1dc zephyr/drivers/sensor/tdk/mpu9250/libdrivers__sensor__tdk__mpu9250.a(mpu9250.c.obj)
 .text.uart_stm32_set_baudrate
                0x0000000008003798       0xa0 zephyr/drivers/serial/libdrivers__serial.a(uart_stm32.c.obj)
 .text.uart_stm32_parameters_set
                0x0000000008003838      0x13c zephyr/drivers/serial/libdrivers__serial.a(uart_stm32.c.obj)
 .text.uart_stm32_init
                0x0000000008003974      0x1b4 zephyr/drivers/serial/libdrivers__serial.a(uart_stm32.c.obj)
 .text.uart_stm32_configure
                0x0000000008003b28      0x164 zephyr/drivers/serial/libdrivers__serial.a(uart_stm32.c.obj)
 .text.elapsed  0x0000000008003c8c       0x4c zephyr/drivers/timer/libdrivers__timer.a(cortex_m_systick.c.obj)
 .text.sys_clock_driver_init
                0x0000000008003cd8       0x34 zephyr/drivers/timer/libdrivers__timer.a(cortex_m_systick.c.obj)
 .text.sys_clock_isr
                0x0000000008003d0c       0x60 zephyr/drivers/timer/libdrivers__timer.a(cortex_m_systick.c.obj)
                0x0000000008003d0c                sys_clock_isr
 .text.sys_clock_set_timeout
                0x0000000008003d6c       0xfc zephyr/drivers/timer/libdrivers__timer.a(cortex_m_systick.c.obj)
                0x0000000008003d6c                sys_clock_set_timeout
 .text.sys_clock_elapsed
                0x0000000008003e68       0x3c zephyr/drivers/timer/libdrivers__timer.a(cortex_m_systick.c.obj)
                0x0000000008003e68                sys_clock_elapsed
 .text.HAL_RCC_GetSysClockFreq
                0x0000000008003ea4       0x5c modules/hal_stm32/stm32cube/lib..__modules__hal__stm32__stm32cube.a(stm32f7xx_hal_rcc.c.obj)
                0x0000000008003ea4                HAL_RCC_GetSysClockFreq
 .text.LL_SetFlashLatency
                0x0000000008003f00       0xe0 modules/hal_stm32/stm32cube/lib..__modules__hal__stm32__stm32cube.a(stm32f7xx_ll_utils.c.obj)
                0x0000000008003f00                LL_SetFlashLatency
 .text.k_sys_fatal_error_handler
                0x0000000008003fe0       0x20 zephyr/kernel/libkernel.a(fatal.c.obj)
                0x0000000008003fe0                k_sys_fatal_error_handler
 .text.z_fatal_error
                0x0000000008004000       0xe8 zephyr/kernel/libkernel.a(fatal.c.obj)
                0x0000000008004000                z_fatal_error
 .text.z_sys_init_run_level
                0x00000000080040e8       0x30 zephyr/kernel/libkernel.a(init.c.obj)
 .text.bg_thread_main
                0x0000000008004118       0xc0 zephyr/kernel/libkernel.a(init.c.obj)
 .text.z_init_cpu
                0x00000000080041d8       0x6c zephyr/kernel/libkernel.a(init.c.obj)
                0x00000000080041d8                z_init_cpu
 .text.z_cstart
                0x0000000008004244       0xc8 zephyr/kernel/libkernel.a(init.c.obj)
                0x0000000008004244                z_cstart
 .text.z_impl_k_sem_give
                0x000000000800430c       0x68 zephyr/kernel/libkernel.a(sem.c.obj)
                0x000000000800430c                z_impl_k_sem_give
 .text.z_impl_k_sem_take
                0x0000000008004374       0x4c zephyr/kernel/libkernel.a(sem.c.obj)
                0x0000000008004374                z_impl_k_sem_take
 .text.work_queue_main
                0x00000000080043c0      0x14c zephyr/kernel/libkernel.a(work.c.obj)
 .text.submit_to_queue_locked
                0x000000000800450c       0xb4 zephyr/kernel/libkernel.a(work.c.obj)
 .text.k_work_submit
                0x00000000080045c0        0xc zephyr/kernel/libkernel.a(work.c.obj)
                0x00000000080045c0                k_work_submit
 .text.k_work_queue_start
                0x00000000080045cc       0x80 zephyr/kernel/libkernel.a(work.c.obj)
                0x00000000080045cc                k_work_queue_start
 .text.k_work_reschedule_for_queue
                0x000000000800464c       0x5c zephyr/kernel/libkernel.a(work.c.obj)
                0x000000000800464c                k_work_reschedule_for_queue
 .text.k_work_reschedule
                0x00000000080046a8        0xc zephyr/kernel/libkernel.a(work.c.obj)
                0x00000000080046a8                k_work_reschedule
 .text.z_setup_new_thread
                0x00000000080046b4       0x9c zephyr/kernel/libkernel.a(thread.c.obj)
                0x00000000080046b4                z_setup_new_thread
 .text.z_impl_k_thread_create
                0x0000000008004750       0x58 zephyr/kernel/libkernel.a(thread.c.obj)
                0x0000000008004750                z_impl_k_thread_create
 .text.z_dummy_thread_init
                0x00000000080047a8       0x18 zephyr/kernel/libkernel.a(thread.c.obj)
                0x00000000080047a8                z_dummy_thread_init
 .text.z_swap_irqlock
                0x00000000080047c0       0x30 zephyr/kernel/libkernel.a(sched.c.obj)
 .text.ready_thread
                0x00000000080047f0       0x84 zephyr/kernel/libkernel.a(sched.c.obj)
 .text.unready_thread
                0x0000000008004874       0x54 zephyr/kernel/libkernel.a(sched.c.obj)
 .text.add_thread_timeout
                0x00000000080048c8       0x1c zephyr/kernel/libkernel.a(sched.c.obj)
 .text.reschedule.constprop.0
                0x00000000080048e4       0x28 zephyr/kernel/libkernel.a(sched.c.obj)
 .text.move_current_to_end_of_prio_q
                0x000000000800490c       0x70 zephyr/kernel/libkernel.a(sched.c.obj)
                0x000000000800490c                move_current_to_end_of_prio_q
 .text.z_pend_curr
                0x000000000800497c       0x44 zephyr/kernel/libkernel.a(sched.c.obj)
                0x000000000800497c                z_pend_curr
 .text.z_reschedule_irqlock
                0x00000000080049c0       0x28 zephyr/kernel/libkernel.a(sched.c.obj)
                0x00000000080049c0                z_reschedule_irqlock
 .text.k_sched_lock
                0x00000000080049e8       0x28 zephyr/kernel/libkernel.a(sched.c.obj)
                0x00000000080049e8                k_sched_lock
 .text.k_sched_unlock
                0x0000000008004a10       0x54 zephyr/kernel/libkernel.a(sched.c.obj)
                0x0000000008004a10                k_sched_unlock
 .text.z_sched_init
                0x0000000008004a64       0x10 zephyr/kernel/libkernel.a(sched.c.obj)
                0x0000000008004a64                z_sched_init
 .text.z_impl_k_yield
                0x0000000008004a74       0x88 zephyr/kernel/libkernel.a(sched.c.obj)
                0x0000000008004a74                z_impl_k_yield
 .text.z_tick_sleep
                0x0000000008004afc       0x78 zephyr/kernel/libkernel.a(sched.c.obj)
 .text.z_impl_k_sched_current_thread_query
                0x0000000008004b74        0xc zephyr/kernel/libkernel.a(sched.c.obj)
                0x0000000008004b74                z_impl_k_sched_current_thread_query
 .text.z_thread_abort
                0x0000000008004b80      0x140 zephyr/kernel/libkernel.a(sched.c.obj)
                0x0000000008004b80                z_thread_abort
 .text.z_sched_wait
                0x0000000008004cc0       0x24 zephyr/kernel/libkernel.a(sched.c.obj)
                0x0000000008004cc0                z_sched_wait
 .text.z_time_slice_size
                0x0000000008004ce4       0x40 zephyr/kernel/libkernel.a(timeslicing.c.obj)
 .text.slice_timeout
                0x0000000008004d24       0x20 zephyr/kernel/libkernel.a(timeslicing.c.obj)
 .text.z_reset_time_slice
                0x0000000008004d44       0x48 zephyr/kernel/libkernel.a(timeslicing.c.obj)
                0x0000000008004d44                z_reset_time_slice
 .text.z_time_slice
                0x0000000008004d8c       0x5c zephyr/kernel/libkernel.a(timeslicing.c.obj)
                0x0000000008004d8c                z_time_slice
 .text.first    0x0000000008004de8       0x10 zephyr/kernel/libkernel.a(timeout.c.obj)
 .text.elapsed  0x0000000008004df8       0x14 zephyr/kernel/libkernel.a(timeout.c.obj)
 .text.remove_timeout
                0x0000000008004e0c       0x38 zephyr/kernel/libkernel.a(timeout.c.obj)
 .text.timeout_rem
                0x0000000008004e44       0x30 zephyr/kernel/libkernel.a(timeout.c.obj)
 .text.z_add_timeout
                0x0000000008004e74      0x120 zephyr/kernel/libkernel.a(timeout.c.obj)
                0x0000000008004e74                z_add_timeout
 .text.sys_clock_announce
                0x0000000008004f94       0xb4 zephyr/kernel/libkernel.a(timeout.c.obj)
                0x0000000008004f94                sys_clock_announce
 .text.sys_clock_tick_get
                0x0000000008005048       0x30 zephyr/kernel/libkernel.a(timeout.c.obj)
                0x0000000008005048                sys_clock_tick_get
 .text.z_timer_expiration_handler
                0x0000000008005078      0x104 zephyr/kernel/libkernel.a(timer.c.obj)
                0x0000000008005078                z_timer_expiration_handler
 .text.z_impl_k_timer_start
                0x000000000800517c       0x70 zephyr/kernel/libkernel.a(timer.c.obj)
                0x000000000800517c                z_impl_k_timer_start
 .text.boot_banner
                0x00000000080051ec        0xc zephyr/kernel/libkernel.a(banner.c.obj)
                0x00000000080051ec                boot_banner
 .text.k_sys_work_q_init
                0x00000000080051f8       0x2c zephyr/kernel/libkernel.a(system_work_q.c.obj)
 .text.printf   0x0000000008005224       0x24 /home/faiza/zephyr-sdk-0.17.4/arm-zephyr-eabi/bin/../lib/gcc/../../picolibc/arm-zephyr-eabi/lib/thumb/v7e-m+fp/hard/libc.a(libc_tinystdio_printf.c.o)
                0x0000000008005224                printf
 .text.puts     0x0000000008005248       0x40 /home/faiza/zephyr-sdk-0.17.4/arm-zephyr-eabi/bin/../lib/gcc/../../picolibc/arm-zephyr-eabi/lib/thumb/v7e-m+fp/hard/libc.a(libc_tinystdio_puts.c.o)
                0x0000000008005248                puts
 .text.snprintf
                0x0000000008005288       0x54 /home/faiza/zephyr-sdk-0.17.4/arm-zephyr-eabi/bin/../lib/gcc/../../picolibc/arm-zephyr-eabi/lib/thumb/v7e-m+fp/hard/libc.a(libc_tinystdio_snprintf.c.o)
                0x0000000008005288                snprintf
 .text.skip_to_arg
                0x00000000080052dc      0x138 /home/faiza/zephyr-sdk-0.17.4/arm-zephyr-eabi/bin/../lib/gcc/../../picolibc/arm-zephyr-eabi/lib/thumb/v7e-m+fp/hard/libc.a(libc_tinystdio_vfprintf.c.o)
 .text.vfprintf
                0x0000000008005414      0x9bc /home/faiza/zephyr-sdk-0.17.4/arm-zephyr-eabi/bin/../lib/gcc/../../picolibc/arm-zephyr-eabi/lib/thumb/v7e-m+fp/hard/libc.a(libc_tinystdio_vfprintf.c.o)
                0x0000000008005414                __d_vfprintf
 .text.div10    0x0000000008005dd0       0x28 /home/faiza/zephyr-sdk-0.17.4/arm-zephyr-eabi/bin/../lib/gcc/../../picolibc/arm-zephyr-eabi/lib/thumb/v7e-m+fp/hard/libc.a(libc_tinystdio_dtoa_ryu.c.o)
 .text.__dtoa_engine
                0x0000000008005df8      0x4b0 /home/faiza/zephyr-sdk-0.17.4/arm-zephyr-eabi/bin/../lib/gcc/../../picolibc/arm-zephyr-eabi/lib/thumb/v7e-m+fp/hard/libc.a(libc_tinystdio_dtoa_ryu.c.o)
                0x0000000008005df8                __dtoa_engine
 .text.__log10Pow2
                0x00000000080062a8        0xc /home/faiza/zephyr-sdk-0.17.4/arm-zephyr-eabi/bin/../lib/gcc/../../picolibc/arm-zephyr-eabi/lib/thumb/v7e-m+fp/hard/libc.a(libc_tinystdio_ryu_log10.c.o)
                0x00000000080062a8                __log10Pow2
 .text.__log10Pow5
                0x00000000080062b4        0xc /home/faiza/zephyr-sdk-0.17.4/arm-zephyr-eabi/bin/../lib/gcc/../../picolibc/arm-zephyr-eabi/lib/thumb/v7e-m+fp/hard/libc.a(libc_tinystdio_ryu_log10.c.o)
                0x00000000080062b4                __log10Pow5
 .text.__pow5bits
                0x00000000080062c0       0x10 /home/faiza/zephyr-sdk-0.17.4/arm-zephyr-eabi/bin/../lib/gcc/../../picolibc/arm-zephyr-eabi/lib/thumb/v7e-m+fp/hard/libc.a(libc_tinystdio_ryu_pow5bits.c.o)
                0x00000000080062c0                __pow5bits
 .text.__pow5Factor
                0x00000000080062d0       0x30 /home/faiza/zephyr-sdk-0.17.4/arm-zephyr-eabi/bin/../lib/gcc/../../picolibc/arm-zephyr-eabi/lib/thumb/v7e-m+fp/hard/libc.a(libc_tinystdio_ryu_table.c.o)
                0x00000000080062d0                __pow5Factor
 .text.__double_computePow5
                0x0000000008006300       0xe8 /home/faiza/zephyr-sdk-0.17.4/arm-zephyr-eabi/bin/../lib/gcc/../../picolibc/arm-zephyr-eabi/lib/thumb/v7e-m+fp/hard/libc.a(libc_tinystdio_ryu_table.c.o)
                0x0000000008006300                __double_computePow5
 .text.__double_computeInvPow5
                0x00000000080063e8       0xf8 /home/faiza/zephyr-sdk-0.17.4/arm-zephyr-eabi/bin/../lib/gcc/../../picolibc/arm-zephyr-eabi/lib/thumb/v7e-m+fp/hard/libc.a(libc_tinystdio_ryu_table.c.o)
                0x00000000080063e8                __double_computeInvPow5
 .text._OffsetAbsSyms
                0x00000000080064e0        0x2 zephyr/CMakeFiles/offsets.dir/./arch/arm/core/offsets/offsets.c.obj
                0x00000000080064e0                _OffsetAbsSyms
 .text.gpio_pin_configure_dt
                0x00000000080064e2       0x40 app/libapp.a(main.c.obj)
 .text.chunk_size
                0x0000000008006522        0xa zephyr/libzephyr.a(heap.c.obj)
 .text.free_list_add
                0x000000000800652c       0x4e zephyr/libzephyr.a(heap.c.obj)
 .text.sys_heap_init
                0x000000000800657a       0x7a zephyr/libzephyr.a(heap.c.obj)
                0x000000000800657a                sys_heap_init
 .text.cbpprintf_external
                0x00000000080065f4       0x62 zephyr/libzephyr.a(cbprintf_packaged.c.obj)
                0x00000000080065f4                cbpprintf_external
 .text.is_ptr   0x0000000008006656       0x4a zephyr/libzephyr.a(cbprintf_packaged.c.obj)
                0x0000000008006656                is_ptr
 .text.arch_printk_char_out
                0x00000000080066a0        0x4 zephyr/libzephyr.a(printk.c.obj)
                0x00000000080066a0                arch_printk_char_out
 .text.printk   0x00000000080066a4       0x1a zephyr/libzephyr.a(printk.c.obj)
                0x00000000080066a4                printk
 .text.free_space
                0x00000000080066be       0x26 zephyr/libzephyr.a(mpsc_pbuf.c.obj)
 .text.get_usage
                0x00000000080066e4       0x22 zephyr/libzephyr.a(mpsc_pbuf.c.obj)
 .text.idx_inc  0x0000000008006706       0x1c zephyr/libzephyr.a(mpsc_pbuf.c.obj)
 .text.rd_idx_inc
                0x0000000008006722       0x18 zephyr/libzephyr.a(mpsc_pbuf.c.obj)
 .text.add_skip_item
                0x000000000800673a       0x3a zephyr/libzephyr.a(mpsc_pbuf.c.obj)
 .text.drop_item_locked
                0x0000000008006774       0xfe zephyr/libzephyr.a(mpsc_pbuf.c.obj)
 .text.post_drop_action
                0x0000000008006872       0x36 zephyr/libzephyr.a(mpsc_pbuf.c.obj)
 .text.max_utilization_update
                0x00000000080068a8       0x1a zephyr/libzephyr.a(mpsc_pbuf.c.obj)
 .text.mpsc_pbuf_init
                0x00000000080068c2       0x42 zephyr/libzephyr.a(mpsc_pbuf.c.obj)
                0x00000000080068c2                mpsc_pbuf_init
 .text.mpsc_pbuf_alloc
                0x0000000008006904       0xfe zephyr/libzephyr.a(mpsc_pbuf.c.obj)
                0x0000000008006904                mpsc_pbuf_alloc
 .text.mpsc_pbuf_commit
                0x0000000008006a02       0x3e zephyr/libzephyr.a(mpsc_pbuf.c.obj)
                0x0000000008006a02                mpsc_pbuf_commit
 .text.mpsc_pbuf_claim
                0x0000000008006a40       0xb6 zephyr/libzephyr.a(mpsc_pbuf.c.obj)
                0x0000000008006a40                mpsc_pbuf_claim
 .text.mpsc_pbuf_free
                0x0000000008006af6       0x76 zephyr/libzephyr.a(mpsc_pbuf.c.obj)
                0x0000000008006af6                mpsc_pbuf_free
 .text.mpsc_pbuf_is_pending
                0x0000000008006b6c       0x32 zephyr/libzephyr.a(mpsc_pbuf.c.obj)
                0x0000000008006b6c                mpsc_pbuf_is_pending
 .text._ConfigAbsSyms
                0x0000000008006b9e        0x2 zephyr/libzephyr.a(configs.c.obj)
                0x0000000008006b9e                _ConfigAbsSyms
 .text.stm32_gpioport_configure_pin
                0x0000000008006ba0      0x11a zephyr/libzephyr.a(gpioport_mgr.c.obj)
                0x0000000008006ba0                stm32_gpioport_configure_pin
 .text.log_msg_generic_get_wlen
                0x0000000008006cba       0x20 zephyr/libzephyr.a(log_core.c.obj)
 .text.dummy_timestamp
                0x0000000008006cda        0x4 zephyr/libzephyr.a(log_core.c.obj)
 .text.atomic_inc
                0x0000000008006cde       0x1a zephyr/libzephyr.a(log_core.c.obj)
 .text.default_lf_get_timestamp
                0x0000000008006cf8       0x10 zephyr/libzephyr.a(log_core.c.obj)
 .text.z_log_vprintk
                0x0000000008006d08       0x1c zephyr/libzephyr.a(log_core.c.obj)
                0x0000000008006d08                z_log_vprintk
 .text.z_log_notify_drop
                0x0000000008006d24        0x6 zephyr/libzephyr.a(log_core.c.obj)
 .text.z_log_get_tag
                0x0000000008006d2a        0x4 zephyr/libzephyr.a(log_core.c.obj)
                0x0000000008006d2a                z_log_get_tag
 .text.log_backend_enable
                0x0000000008006d2e       0x12 zephyr/libzephyr.a(log_mgmt.c.obj)
                0x0000000008006d2e                log_backend_enable
 .text.z_cbprintf_cpy
                0x0000000008006d40       0x2e zephyr/libzephyr.a(log_msg.c.obj)
 .text.z_log_msg_finalize
                0x0000000008006d6e       0x32 zephyr/libzephyr.a(log_msg.c.obj)
                0x0000000008006d6e                z_log_msg_finalize
 .text.z_log_msg_simple_create
                0x0000000008006da0       0x6e zephyr/libzephyr.a(log_msg.c.obj)
 .text.z_impl_z_log_msg_simple_create_0
                0x0000000008006e0e       0x12 zephyr/libzephyr.a(log_msg.c.obj)
                0x0000000008006e0e                z_impl_z_log_msg_simple_create_0
 .text.z_impl_z_log_msg_simple_create_1
                0x0000000008006e20       0x14 zephyr/libzephyr.a(log_msg.c.obj)
                0x0000000008006e20                z_impl_z_log_msg_simple_create_1
 .text.log_output_write
                0x0000000008006e34       0x1c zephyr/libzephyr.a(log_output.c.obj)
 .text.log_output_flush
                0x0000000008006e50       0x1a zephyr/libzephyr.a(log_output.c.obj)
 .text.out_func
                0x0000000008006e6a       0x36 zephyr/libzephyr.a(log_output.c.obj)
 .text.cr_out_func
                0x0000000008006ea0       0x1c zephyr/libzephyr.a(log_output.c.obj)
 .text.log_output_msg_process
                0x0000000008006ebc       0x6c zephyr/libzephyr.a(log_output.c.obj)
                0x0000000008006ebc                log_output_msg_process
 .text.format_set
                0x0000000008006f28        0xc zephyr/libzephyr.a(log_backend_uart.c.obj)
 .text.log_backend_uart_init
                0x0000000008006f34        0xc zephyr/libzephyr.a(log_backend_uart.c.obj)
 .text.panic    0x0000000008006f40       0x32 zephyr/libzephyr.a(log_backend_uart.c.obj)
 .text.dropped  0x0000000008006f72        0xa zephyr/libzephyr.a(log_backend_uart.c.obj)
 .text.process  0x0000000008006f7c       0x1e zephyr/libzephyr.a(log_backend_uart.c.obj)
 .text.arch_early_memset
                0x0000000008006f9a        0x4 zephyr/arch/common/libarch__common.a(init.c.obj)
                0x0000000008006f9a                arch_early_memset
 .text.arch_early_memcpy
                0x0000000008006f9e        0x4 zephyr/arch/common/libarch__common.a(init.c.obj)
                0x0000000008006f9e                arch_early_memcpy
 .text.z_do_kernel_oops
                0x0000000008006fa2        0x8 zephyr/arch/arch/arm/core/libarch__arm__core.a(fatal.c.obj)
                0x0000000008006fa2                z_do_kernel_oops
 .text.z_arm_nmi
                0x0000000008006faa        0xe zephyr/arch/arch/arm/core/libarch__arm__core.a(nmi.c.obj)
                0x0000000008006faa                z_arm_nmi
 .text.z_log_msg_simple_create_0.constprop.0
                0x0000000008006fb8        0x8 zephyr/arch/arch/arm/core/cortex_m/libarch__arm__core__cortex_m.a(fault.c.obj)
 .text.z_irq_spurious
                0x0000000008006fc0        0x8 zephyr/arch/arch/arm/core/cortex_m/libarch__arm__core__cortex_m.a(irq_manage.c.obj)
                0x0000000008006fc0                z_irq_spurious
 .text.arch_coprocessors_disable
                0x0000000008006fc8        0x4 zephyr/arch/arch/arm/core/cortex_m/libarch__arm__core__cortex_m.a(thread.c.obj)
                0x0000000008006fc8                arch_coprocessors_disable
 .text.arch_irq_unlock_outlined
                0x0000000008006fcc        0xe zephyr/arch/arch/arm/core/cortex_m/libarch__arm__core__cortex_m.a(thread.c.obj)
                0x0000000008006fcc                arch_irq_unlock_outlined
 .text.arch_cpu_idle
                0x0000000008006fda       0x1a zephyr/arch/arch/arm/core/cortex_m/libarch__arm__core__cortex_m.a(cpu_idle.c.obj)
                0x0000000008006fda                arch_cpu_idle
 .text.size_to_mpu_rasr_size
                0x0000000008006ff4       0x20 zephyr/arch/arch/arm/core/mpu/libarch__arm__core__mpu.a(arm_mpu.c.obj)
 .text.cbputc   0x0000000008007014        0xc zephyr/lib/libc/picolibc/liblib__libc__picolibc.a(cbprintf.c.obj)
 .text.picolibc_put
                0x0000000008007020        0xa zephyr/lib/libc/picolibc/liblib__libc__picolibc.a(stdio.c.obj)
 .text.stm32_exti_gpio_intc_init
                0x000000000800702a       0x92 zephyr/drivers/interrupt_controller/libdrivers__interrupt_controller.a(intc_gpio_stm32.c.obj)
 .text.stm32_gpio_intc_get_pin_irq_line
                0x00000000080070bc        0xa zephyr/drivers/interrupt_controller/libdrivers__interrupt_controller.a(intc_gpio_stm32.c.obj)
                0x00000000080070bc                stm32_gpio_intc_get_pin_irq_line
 .text.stm32_exti_set_line_src_port
                0x00000000080070c6       0x36 zephyr/drivers/interrupt_controller/libdrivers__interrupt_controller.a(intc_gpio_stm32.c.obj)
                0x00000000080070c6                stm32_exti_set_line_src_port
 .text.stm32_clock_control_on
                0x00000000080070fc       0x44 zephyr/drivers/clock_control/libdrivers__clock_control.a(clock_stm32_ll_common.c.obj)
 .text.stm32_clock_control_off
                0x0000000008007140       0x2e zephyr/drivers/clock_control/libdrivers__clock_control.a(clock_stm32_ll_common.c.obj)
 .text.stm32_clock_control_configure
                0x000000000800716e       0x44 zephyr/drivers/clock_control/libdrivers__clock_control.a(clock_stm32_ll_common.c.obj)
 .text.stm32_clock_control_get_status
                0x00000000080071b2       0x38 zephyr/drivers/clock_control/libdrivers__clock_control.a(clock_stm32_ll_common.c.obj)
 .text.config_regulator_voltage
                0x00000000080071ea        0x2 zephyr/drivers/clock_control/libdrivers__clock_control.a(clock_stm32_ll_common.c.obj)
                0x00000000080071ea                config_regulator_voltage
 .text.gpio_stm32_port_get_raw
                0x00000000080071ec        0xc zephyr/drivers/gpio/libdrivers__gpio.a(gpio_stm32.c.obj)
 .text.gpio_stm32_port_set_masked_raw
                0x00000000080071f8       0x12 zephyr/drivers/gpio/libdrivers__gpio.a(gpio_stm32.c.obj)
 .text.gpio_stm32_port_set_bits_raw
                0x000000000800720a        0xa zephyr/drivers/gpio/libdrivers__gpio.a(gpio_stm32.c.obj)
 .text.gpio_stm32_port_clear_bits_raw
                0x0000000008007214        0xc zephyr/drivers/gpio/libdrivers__gpio.a(gpio_stm32.c.obj)
 .text.gpio_stm32_port_toggle_bits
                0x0000000008007220        0xe zephyr/drivers/gpio/libdrivers__gpio.a(gpio_stm32.c.obj)
 .text.gpio_stm32_manage_callback
                0x000000000800722e       0x52 zephyr/drivers/gpio/libdrivers__gpio.a(gpio_stm32.c.obj)
 .text.gpio_stm32_config
                0x0000000008007280       0xf0 zephyr/drivers/gpio/libdrivers__gpio.a(gpio_stm32.c.obj)
 .text.gpio_stm32_isr
                0x0000000008007370       0x2c zephyr/drivers/gpio/libdrivers__gpio.a(gpio_stm32.c.obj)
 .text.i2c_stm32_irq_config_func_0
                0x000000000800739c       0x26 zephyr/drivers/i2c/libdrivers__i2c.a(i2c_stm32.c.obj)
 .text.i2c_stm32_irq_config_func_1
                0x00000000080073c2       0x26 zephyr/drivers/i2c/libdrivers__i2c.a(i2c_stm32.c.obj)
 .text.i2c_stm32_transfer
                0x00000000080073e8       0x8e zephyr/drivers/i2c/libdrivers__i2c.a(i2c_stm32.c.obj)
 .text.i2c_stm32_get_config
                0x0000000008007476       0x14 zephyr/drivers/i2c/libdrivers__i2c.a(i2c_stm32.c.obj)
                0x0000000008007476                i2c_stm32_get_config
 .text.i2c_stm32_event_isr
                0x000000000800748a        0x4 zephyr/drivers/i2c/libdrivers__i2c.a(i2c_stm32_common.c.obj)
                0x000000000800748a                i2c_stm32_event_isr
 .text.i2c_stm32_error_isr
                0x000000000800748e        0x4 zephyr/drivers/i2c/libdrivers__i2c.a(i2c_stm32_common.c.obj)
                0x000000000800748e                i2c_stm32_error_isr
 .text.i2c_stm32_disable_transfer_interrupts
                0x0000000008007492       0x3e zephyr/drivers/i2c/libdrivers__i2c.a(i2c_stm32_v2.c.obj)
 .text.i2c_stm32_event
                0x00000000080074d0       0x9e zephyr/drivers/i2c/libdrivers__i2c.a(i2c_stm32_v2.c.obj)
                0x00000000080074d0                i2c_stm32_event
 .text.i2c_stm32_error
                0x000000000800756e       0x44 zephyr/drivers/i2c/libdrivers__i2c.a(i2c_stm32_v2.c.obj)
                0x000000000800756e                i2c_stm32_error
 .text.pinctrl_lookup_state
                0x00000000080075b2       0x26 zephyr/drivers/pinctrl/libdrivers__pinctrl.a(common.c.obj)
                0x00000000080075b2                pinctrl_lookup_state
 .text.pinctrl_configure_pins
                0x00000000080075d8       0x82 zephyr/drivers/pinctrl/libdrivers__pinctrl.a(pinctrl_stm32.c.obj)
                0x00000000080075d8                pinctrl_configure_pins
 .text.reset_stm32_status
                0x000000000800765a       0x22 zephyr/drivers/reset/libdrivers__reset.a(reset_stm32.c.obj)
 .text.reset_stm32_line_assert
                0x000000000800767c       0x1c zephyr/drivers/reset/libdrivers__reset.a(reset_stm32.c.obj)
 .text.reset_stm32_line_deassert
                0x0000000008007698       0x1e zephyr/drivers/reset/libdrivers__reset.a(reset_stm32.c.obj)
 .text.reset_stm32_line_toggle
                0x00000000080076b6       0x16 zephyr/drivers/reset/libdrivers__reset.a(reset_stm32.c.obj)
 .text.z_log_msg_simple_create_0.constprop.0
                0x00000000080076cc        0x8 zephyr/drivers/sensor/tdk/mpu9250/libdrivers__sensor__tdk__mpu9250.a(mpu9250.c.obj)
 .text.i2c_write_read.constprop.0
                0x00000000080076d4       0x38 zephyr/drivers/sensor/tdk/mpu9250/libdrivers__sensor__tdk__mpu9250.a(mpu9250.c.obj)
 .text.i2c_reg_write_byte_dt
                0x000000000800770c       0x36 zephyr/drivers/sensor/tdk/mpu9250/libdrivers__sensor__tdk__mpu9250.a(mpu9250.c.obj)
 .text.uart_stm32_ll2cfg_databits
                0x0000000008007742       0x2a zephyr/drivers/serial/libdrivers__serial.a(uart_stm32.c.obj)
 .text.uart_stm32_err_check
                0x000000000800776c       0x5a zephyr/drivers/serial/libdrivers__serial.a(uart_stm32.c.obj)
 .text.uart_stm32_poll_out
                0x00000000080077c6       0x36 zephyr/drivers/serial/libdrivers__serial.a(uart_stm32.c.obj)
 .text.uart_stm32_poll_in
                0x00000000080077fc       0x22 zephyr/drivers/serial/libdrivers__serial.a(uart_stm32.c.obj)
 .text.uart_stm32_config_get
                0x000000000800781e       0x92 zephyr/drivers/serial/libdrivers__serial.a(uart_stm32.c.obj)
 .text.do_device_init
                0x00000000080078b0       0x30 zephyr/kernel/libkernel.a(device.c.obj)
                0x00000000080078b0                do_device_init
 .text.z_impl_device_is_ready
                0x00000000080078e0       0x16 zephyr/kernel/libkernel.a(device.c.obj)
                0x00000000080078e0                z_impl_device_is_ready
 .text.arch_system_halt
                0x00000000080078f6       0x10 zephyr/kernel/libkernel.a(fatal.c.obj)
                0x00000000080078f6                arch_system_halt
 .text.idle     0x0000000008007906       0x16 zephyr/kernel/libkernel.a(idle.c.obj)
                0x0000000008007906                idle
 .text.z_impl_k_sem_init
                0x000000000800791c       0x18 zephyr/kernel/libkernel.a(sem.c.obj)
                0x000000000800791c                z_impl_k_sem_init
 .text.flag_test_and_clear
                0x0000000008007934       0x16 zephyr/kernel/libkernel.a(work.c.obj)
 .text.unschedule_locked
                0x000000000800794a       0x1e zephyr/kernel/libkernel.a(work.c.obj)
 .text.notify_queue_locked.isra.0
                0x0000000008007968        0xe zephyr/kernel/libkernel.a(work.c.obj)
 .text.work_timeout
                0x0000000008007976       0x3c zephyr/kernel/libkernel.a(work.c.obj)
 .text.z_work_submit_to_queue
                0x00000000080079b2       0x26 zephyr/kernel/libkernel.a(work.c.obj)
                0x00000000080079b2                z_work_submit_to_queue
 .text.k_work_submit_to_queue
                0x00000000080079d8       0x20 zephyr/kernel/libkernel.a(work.c.obj)
                0x00000000080079d8                k_work_submit_to_queue
 .text.k_work_init_delayable
                0x00000000080079f8       0x18 zephyr/kernel/libkernel.a(work.c.obj)
                0x00000000080079f8                k_work_init_delayable
 .text.k_is_in_isr
                0x0000000008007a10        0xc zephyr/kernel/libkernel.a(thread.c.obj)
                0x0000000008007a10                k_is_in_isr
 .text.z_impl_k_thread_name_set
                0x0000000008007a1c        0x6 zephyr/kernel/libkernel.a(thread.c.obj)
                0x0000000008007a1c                z_impl_k_thread_name_set
 .text.k_thread_name_get
                0x0000000008007a22        0x4 zephyr/kernel/libkernel.a(thread.c.obj)
                0x0000000008007a22                k_thread_name_get
 .text.sys_dlist_remove
                0x0000000008007a26       0x10 zephyr/kernel/libkernel.a(sched.c.obj)
 .text.unpend_thread_no_timeout
                0x0000000008007a36       0x14 zephyr/kernel/libkernel.a(sched.c.obj)
 .text.add_to_waitq_locked
                0x0000000008007a4a       0x50 zephyr/kernel/libkernel.a(sched.c.obj)
 .text.z_ready_thread
                0x0000000008007a9a       0x1e zephyr/kernel/libkernel.a(sched.c.obj)
                0x0000000008007a9a                z_ready_thread
 .text.z_unpend_thread_no_timeout
                0x0000000008007ab8       0x22 zephyr/kernel/libkernel.a(sched.c.obj)
                0x0000000008007ab8                z_unpend_thread_no_timeout
 .text.z_sched_wake_thread_locked
                0x0000000008007ada       0x28 zephyr/kernel/libkernel.a(sched.c.obj)
                0x0000000008007ada                z_sched_wake_thread_locked
 .text.z_thread_timeout
                0x0000000008007b02       0x20 zephyr/kernel/libkernel.a(sched.c.obj)
                0x0000000008007b02                z_thread_timeout
 .text.z_unpend1_no_timeout
                0x0000000008007b22       0x2c zephyr/kernel/libkernel.a(sched.c.obj)
                0x0000000008007b22                z_unpend1_no_timeout
 .text.z_reschedule
                0x0000000008007b4e        0x6 zephyr/kernel/libkernel.a(sched.c.obj)
                0x0000000008007b4e                z_reschedule
 .text.z_impl_k_sleep
                0x0000000008007b54       0x42 zephyr/kernel/libkernel.a(sched.c.obj)
                0x0000000008007b54                z_impl_k_sleep
 .text.z_impl_k_wakeup
                0x0000000008007b96       0x40 zephyr/kernel/libkernel.a(sched.c.obj)
                0x0000000008007b96                z_impl_k_wakeup
 .text.z_sched_wake
                0x0000000008007bd6       0x44 zephyr/kernel/libkernel.a(sched.c.obj)
                0x0000000008007bd6                z_sched_wake
 .text.next_timeout
                0x0000000008007c1a       0x2e zephyr/kernel/libkernel.a(timeout.c.obj)
 .text.z_abort_timeout
                0x0000000008007c48       0x50 zephyr/kernel/libkernel.a(timeout.c.obj)
                0x0000000008007c48                z_abort_timeout
 .text.z_timeout_remaining
                0x0000000008007c98       0x38 zephyr/kernel/libkernel.a(timeout.c.obj)
                0x0000000008007c98                z_timeout_remaining
 .text.sys_clock_tick_get_32
                0x0000000008007cd0        0x8 zephyr/kernel/libkernel.a(timeout.c.obj)
                0x0000000008007cd0                sys_clock_tick_get_32
 .text.z_impl_k_uptime_ticks
                0x0000000008007cd8        0x4 zephyr/kernel/libkernel.a(timeout.c.obj)
                0x0000000008007cd8                z_impl_k_uptime_ticks
 .text.k_timer_init
                0x0000000008007cdc       0x18 zephyr/kernel/libkernel.a(timer.c.obj)
                0x0000000008007cdc                k_timer_init
 .text.z_impl_k_timer_stop
                0x0000000008007cf4       0x38 zephyr/kernel/libkernel.a(timer.c.obj)
                0x0000000008007cf4                z_impl_k_timer_stop
 .text.memcpy   0x0000000008007d2c       0x1c /home/faiza/zephyr-sdk-0.17.4/arm-zephyr-eabi/bin/../lib/gcc/../../picolibc/arm-zephyr-eabi/lib/thumb/v7e-m+fp/hard/libc.a(memcpy.c.o)
                0x0000000008007d2c                memcpy
                0x0000000008007d2c                __aeabi_memcpy
                0x0000000008007d2c                __aeabi_memcpy4
                0x0000000008007d2c                __aeabi_memcpy8
 .text.memset   0x0000000008007d48       0x10 /home/faiza/zephyr-sdk-0.17.4/arm-zephyr-eabi/bin/../lib/gcc/../../picolibc/arm-zephyr-eabi/lib/thumb/v7e-m+fp/hard/libc.a(memset.c.o)
                0x0000000008007d48                memset
 .text.strnlen  0x0000000008007d58       0x18 /home/faiza/zephyr-sdk-0.17.4/arm-zephyr-eabi/bin/../lib/gcc/../../picolibc/arm-zephyr-eabi/lib/thumb/v7e-m+fp/hard/libc.a(libc_string_strnlen.c.o)
                0x0000000008007d58                strnlen
 .text.__ultoa_invert
                0x0000000008007d70       0x50 /home/faiza/zephyr-sdk-0.17.4/arm-zephyr-eabi/bin/../lib/gcc/../../picolibc/arm-zephyr-eabi/lib/thumb/v7e-m+fp/hard/libc.a(libc_tinystdio_vfprintf.c.o)
 .text.mulShiftAll64
                0x0000000008007dc0      0x17a /home/faiza/zephyr-sdk-0.17.4/arm-zephyr-eabi/bin/../lib/gcc/../../picolibc/arm-zephyr-eabi/lib/thumb/v7e-m+fp/hard/libc.a(libc_tinystdio_dtoa_ryu.c.o)
 .text.__umul128
                0x0000000008007f3a       0x36 /home/faiza/zephyr-sdk-0.17.4/arm-zephyr-eabi/bin/../lib/gcc/../../picolibc/arm-zephyr-eabi/lib/thumb/v7e-m+fp/hard/libc.a(libc_tinystdio_ryu_umul128.c.o)
                0x0000000008007f3a                __umul128
 .text.__shiftright128
                0x0000000008007f70       0x3e /home/faiza/zephyr-sdk-0.17.4/arm-zephyr-eabi/bin/../lib/gcc/../../picolibc/arm-zephyr-eabi/lib/thumb/v7e-m+fp/hard/libc.a(libc_tinystdio_ryu_umul128.c.o)
                0x0000000008007f70                __shiftright128
 .text.__dtox_engine
                0x0000000008007fae      0x12e /home/faiza/zephyr-sdk-0.17.4/arm-zephyr-eabi/bin/../lib/gcc/../../picolibc/arm-zephyr-eabi/lib/thumb/v7e-m+fp/hard/libc.a(libc_tinystdio_dtox_engine.c.o)
                0x0000000008007fae                __dtox_engine
 .text.__file_str_put
                0x00000000080080dc       0x10 /home/faiza/zephyr-sdk-0.17.4/arm-zephyr-eabi/bin/../lib/gcc/../../picolibc/arm-zephyr-eabi/lib/thumb/v7e-m+fp/hard/libc.a(libc_tinystdio_filestrput.c.o)
                0x00000000080080dc                __file_str_put
 *(SORT_BY_ALIGNMENT(.gnu.linkonce.t.*))
 *(SORT_BY_ALIGNMENT(.glue_7t))
 .glue_7t       0x00000000080080ec        0x0 linker stubs
 *(SORT_BY_ALIGNMENT(.glue_7))
 .glue_7        0x00000000080080ec        0x0 linker stubs
 *(SORT_BY_ALIGNMENT(.vfp11_veneer))
 .vfp11_veneer  0x00000000080080ec        0x0 linker stubs
 *(SORT_BY_ALIGNMENT(.v4_bx))
 .v4_bx         0x00000000080080ec        0x0 linker stubs
                0x00000000080080ec                . = ALIGN (0x4)
                0x00000000080080ec                __text_region_end = .

.ARM.exidx      0x00000000080080ec        0x8
                0x00000000080080ec                __exidx_start = .
 *(SORT_BY_ALIGNMENT(.ARM.exidx*) SORT_BY_ALIGNMENT(gnu.linkonce.armexidx.*))
 .ARM.exidx     0x00000000080080ec        0x8 /home/faiza/zephyr-sdk-0.17.4/arm-zephyr-eabi/bin/../lib/gcc/arm-zephyr-eabi/12.2.0/thumb/v7e-m+fp/hard/libgcc.a(_udivmoddi4.o)
                0x00000000080080f4                __exidx_end = .
                0x00000000080080f4                __rodata_region_start = .

initlevel       0x00000000080080f4       0xd0
                0x00000000080080f4                __init_start = .
                0x00000000080080f4                __init_EARLY_start = .
 *(SORT_BY_NAME(SORT_BY_ALIGNMENT(.z_init_EARLY_P_?_*)))
 *(SORT_BY_NAME(SORT_BY_ALIGNMENT(.z_init_EARLY_P_??_*)))
 *(SORT_BY_NAME(SORT_BY_ALIGNMENT(.z_init_EARLY_P_???_*)))
                0x00000000080080f4                __init_PRE_KERNEL_1_start = .
 *(SORT_BY_NAME(SORT_BY_ALIGNMENT(.z_init_PRE_KERNEL_1_P_?_*)))
 .z_init_PRE_KERNEL_1_P_1_SUB_00009_
                0x00000000080080f4        0x8 zephyr/drivers/clock_control/libdrivers__clock_control.a(clock_stm32_ll_common.c.obj)
 .z_init_PRE_KERNEL_1_P_1_SUB_0_
                0x00000000080080fc        0x8 zephyr/libzephyr.a(soc_config.c.obj)
 *(SORT_BY_NAME(SORT_BY_ALIGNMENT(.z_init_PRE_KERNEL_1_P_??_*)))
 .z_init_PRE_KERNEL_1_P_35_SUB_00075_
                0x0000000008008104        0x8 zephyr/drivers/reset/libdrivers__reset.a(reset_stm32.c.obj)
 .z_init_PRE_KERNEL_1_P_40_SUB_00037_
                0x000000000800810c        0x8 zephyr/libzephyr.a(gpioport_mgr.c.obj)
 .z_init_PRE_KERNEL_1_P_40_SUB_00051_
                0x0000000008008114        0x8 zephyr/libzephyr.a(gpioport_mgr.c.obj)
 .z_init_PRE_KERNEL_1_P_40_SUB_00065_
                0x000000000800811c        0x8 zephyr/drivers/interrupt_controller/libdrivers__interrupt_controller.a(intc_exti_stm32.c.obj)
 .z_init_PRE_KERNEL_1_P_40_SUB_00068_
                0x0000000008008124        0x8 zephyr/libzephyr.a(gpioport_mgr.c.obj)
 .z_init_PRE_KERNEL_1_P_40_SUB_00108_
                0x000000000800812c        0x8 zephyr/libzephyr.a(gpioport_mgr.c.obj)
 .z_init_PRE_KERNEL_1_P_40_SUB_00200_
                0x0000000008008134        0x8 zephyr/libzephyr.a(gpioport_mgr.c.obj)
 .z_init_PRE_KERNEL_1_P_40_SUB_00201_
                0x000000000800813c        0x8 zephyr/libzephyr.a(gpioport_mgr.c.obj)
 .z_init_PRE_KERNEL_1_P_40_SUB_00202_
                0x0000000008008144        0x8 zephyr/libzephyr.a(gpioport_mgr.c.obj)
 .z_init_PRE_KERNEL_1_P_40_SUB_00203_
                0x000000000800814c        0x8 zephyr/libzephyr.a(gpioport_mgr.c.obj)
 .z_init_PRE_KERNEL_1_P_40_SUB_00204_
                0x0000000008008154        0x8 zephyr/libzephyr.a(gpioport_mgr.c.obj)
 .z_init_PRE_KERNEL_1_P_40_SUB_00205_
                0x000000000800815c        0x8 zephyr/libzephyr.a(gpioport_mgr.c.obj)
 .z_init_PRE_KERNEL_1_P_40_SUB_00206_
                0x0000000008008164        0x8 zephyr/libzephyr.a(gpioport_mgr.c.obj)
 .z_init_PRE_KERNEL_1_P_40_SUB_0_
                0x000000000800816c        0x8 zephyr/drivers/interrupt_controller/libdrivers__interrupt_controller.a(intc_gpio_stm32.c.obj)
 .z_init_PRE_KERNEL_1_P_50_SUB_00085_
                0x0000000008008174        0x8 zephyr/drivers/serial/libdrivers__serial.a(uart_stm32.c.obj)
 .z_init_PRE_KERNEL_1_P_50_SUB_00088_
                0x000000000800817c        0x8 zephyr/drivers/serial/libdrivers__serial.a(uart_stm32.c.obj)
 .z_init_PRE_KERNEL_1_P_60_SUB_0_
                0x0000000008008184        0x8 zephyr/drivers/console/libdrivers__console.a(uart_console.c.obj)
 *(SORT_BY_NAME(SORT_BY_ALIGNMENT(.z_init_PRE_KERNEL_1_P_???_*)))
                0x000000000800818c                __init_PRE_KERNEL_2_start = .
 *(SORT_BY_NAME(SORT_BY_ALIGNMENT(.z_init_PRE_KERNEL_2_P_?_*)))
 .z_init_PRE_KERNEL_2_P_0_SUB_0_
                0x000000000800818c        0x8 zephyr/drivers/timer/libdrivers__timer.a(cortex_m_systick.c.obj)
 *(SORT_BY_NAME(SORT_BY_ALIGNMENT(.z_init_PRE_KERNEL_2_P_??_*)))
 *(SORT_BY_NAME(SORT_BY_ALIGNMENT(.z_init_PRE_KERNEL_2_P_???_*)))
                0x0000000008008194                __init_POST_KERNEL_start = .
 *(SORT_BY_NAME(SORT_BY_ALIGNMENT(.z_init_POST_KERNEL_P_?_*)))
 .z_init_POST_KERNEL_P_0_SUB_0_
                0x0000000008008194        0x8 zephyr/libzephyr.a(log_core.c.obj)
 *(SORT_BY_NAME(SORT_BY_ALIGNMENT(.z_init_POST_KERNEL_P_??_*)))
 .z_init_POST_KERNEL_P_35_SUB_0_
                0x000000000800819c        0x8 zephyr/lib/libc/common/liblib__libc__common.a(malloc.c.obj)
 .z_init_POST_KERNEL_P_40_SUB_0_
                0x00000000080081a4        0x8 zephyr/kernel/libkernel.a(system_work_q.c.obj)
 .z_init_POST_KERNEL_P_50_SUB_00030_
                0x00000000080081ac        0x8 zephyr/drivers/i2c/libdrivers__i2c.a(i2c_stm32.c.obj)
 .z_init_POST_KERNEL_P_50_SUB_00156_
                0x00000000080081b4        0x8 zephyr/drivers/i2c/libdrivers__i2c.a(i2c_stm32.c.obj)
 .z_init_POST_KERNEL_P_90_SUB_00157_
                0x00000000080081bc        0x8 zephyr/drivers/sensor/tdk/mpu9250/libdrivers__sensor__tdk__mpu9250.a(mpu9250.c.obj)
 *(SORT_BY_NAME(SORT_BY_ALIGNMENT(.z_init_POST_KERNEL_P_???_*)))
                0x00000000080081c4                __init_APPLICATION_start = .
 *(SORT_BY_NAME(SORT_BY_ALIGNMENT(.z_init_APPLICATION_P_?_*)))
 *(SORT_BY_NAME(SORT_BY_ALIGNMENT(.z_init_APPLICATION_P_??_*)))
 *(SORT_BY_NAME(SORT_BY_ALIGNMENT(.z_init_APPLICATION_P_???_*)))
                0x00000000080081c4                __init_SMP_start = .
 *(SORT_BY_NAME(SORT_BY_ALIGNMENT(.z_init_SMP_P_?_*)))
 *(SORT_BY_NAME(SORT_BY_ALIGNMENT(.z_init_SMP_P_??_*)))
 *(SORT_BY_NAME(SORT_BY_ALIGNMENT(.z_init_SMP_P_???_*)))
                0x00000000080081c4                __init_end = .

device_area     0x00000000080081c4      0x214
                0x00000000080081c4                _device_list_start = .
 *(SORT_BY_NAME(SORT_BY_ALIGNMENT(._device.static.*_?_*)))
 ._device.static.1_1_
                0x00000000080081c4       0x1c zephyr/drivers/clock_control/libdrivers__clock_control.a(clock_stm32_ll_common.c.obj)
                0x00000000080081c4                __device_dts_ord_9
 *(SORT_BY_NAME(SORT_BY_ALIGNMENT(._device.static.*_??_*)))
 ._device.static.1_35_
                0x00000000080081e0       0x1c zephyr/drivers/reset/libdrivers__reset.a(reset_stm32.c.obj)
                0x00000000080081e0                __device_dts_ord_75
 ._device.static.1_40_
                0x00000000080081fc      0x134 zephyr/libzephyr.a(gpioport_mgr.c.obj)
                0x00000000080081fc                __device_dts_ord_108
                0x0000000008008218                __device_dts_ord_206
                0x0000000008008234                __device_dts_ord_37
                0x0000000008008250                __device_dts_ord_205
                0x000000000800826c                __device_dts_ord_204
                0x0000000008008288                __device_dts_ord_203
                0x00000000080082a4                __device_dts_ord_202
                0x00000000080082c0                __device_dts_ord_201
                0x00000000080082dc                __device_dts_ord_68
                0x00000000080082f8                __device_dts_ord_200
                0x0000000008008314                __device_dts_ord_51
 ._device.static.1_40_
                0x0000000008008330       0x1c zephyr/drivers/interrupt_controller/libdrivers__interrupt_controller.a(intc_exti_stm32.c.obj)
                0x0000000008008330                __device_dts_ord_65
 ._device.static.1_50_
                0x000000000800834c       0x38 zephyr/drivers/serial/libdrivers__serial.a(uart_stm32.c.obj)
                0x000000000800834c                __device_dts_ord_88
                0x0000000008008368                __device_dts_ord_85
 ._device.static.3_50_
                0x0000000008008384       0x38 zephyr/drivers/i2c/libdrivers__i2c.a(i2c_stm32.c.obj)
                0x0000000008008384                __device_dts_ord_30
                0x00000000080083a0                __device_dts_ord_156
 ._device.static.3_90_
                0x00000000080083bc       0x1c zephyr/drivers/sensor/tdk/mpu9250/libdrivers__sensor__tdk__mpu9250.a(mpu9250.c.obj)
                0x00000000080083bc                __device_dts_ord_157
 *(SORT_BY_NAME(SORT_BY_ALIGNMENT(._device.static.*_???_*)))
 *(SORT_BY_NAME(SORT_BY_ALIGNMENT(._device.static.*_????_*)))
 *(SORT_BY_NAME(SORT_BY_ALIGNMENT(._device.static.*_?????_*)))
                0x00000000080083d8                _device_list_end = .

sw_isr_table    0x00000000080083d8      0x310
                0x00000000080083d8                . = ALIGN (0x4)
 *(SORT_BY_ALIGNMENT(.gnu.linkonce.sw_isr_table*))
 .gnu.linkonce.sw_isr_table
                0x00000000080083d8      0x310 zephyr/arch/common/libisr_tables.a(isr_tables.c.obj)
                0x00000000080083d8                _sw_isr_table

initlevel_error
                0x00000000080080f4        0x0
 *(SORT_BY_NAME(SORT_BY_ALIGNMENT(.z_init_*)))
                0x0000000000000001                ASSERT ((SIZEOF (initlevel_error) == 0x0), Undefined initialization levels used.)

app_shmem_regions
                0x00000000080086e8        0x0
                0x00000000080086e8                __app_shmem_regions_start = .
 *(SORT_BY_NAME(SORT_BY_ALIGNMENT(.app_regions.*)))
                0x00000000080086e8                __app_shmem_regions_end = .

k_p4wq_initparam_area
                0x00000000080086e8        0x0
                0x00000000080086e8                _k_p4wq_initparam_list_start = .
 *(SORT_BY_NAME(SORT_BY_ALIGNMENT(._k_p4wq_initparam.static.*)))
                0x00000000080086e8                _k_p4wq_initparam_list_end = .

_static_thread_data_area
                0x00000000080086e8        0x0
                0x00000000080086e8                __static_thread_data_list_start = .
 *(SORT_BY_NAME(SORT_BY_ALIGNMENT(.__static_thread_data.static.*)))
                0x00000000080086e8                __static_thread_data_list_end = .

device_deps     0x00000000080086e8        0x0
                0x00000000080086e8                __device_deps_start = .
 *(SORT_BY_NAME(SORT_BY_ALIGNMENT(.__device_deps_pass2*)))
                0x00000000080086e8                __device_deps_end = .

gpio_driver_api_area
                0x00000000080086e8       0x24
                0x00000000080086e8                _gpio_driver_api_list_start = .
 *(SORT_BY_NAME(SORT_BY_ALIGNMENT(._gpio_driver_api.static.*)))
 ._gpio_driver_api.static.gpio_stm32_driver_
                0x00000000080086e8       0x24 zephyr/drivers/gpio/libdrivers__gpio.a(gpio_stm32.c.obj)
                0x00000000080086e8                gpio_stm32_driver
                0x000000000800870c                _gpio_driver_api_list_end = .

i2c_driver_api_area
                0x000000000800870c       0x18
                0x000000000800870c                _i2c_driver_api_list_start = .
 *(SORT_BY_NAME(SORT_BY_ALIGNMENT(._i2c_driver_api.static.*)))
 ._i2c_driver_api.static.api_funcs_
                0x000000000800870c       0x18 zephyr/drivers/i2c/libdrivers__i2c.a(i2c_stm32.c.obj)
                0x0000000008008724                _i2c_driver_api_list_end = .

i2c_target_driver_api_area
                0x0000000008008724        0x0
                0x0000000008008724                _i2c_target_driver_api_list_start = .
 *(SORT_BY_NAME(SORT_BY_ALIGNMENT(._i2c_target_driver_api.static.*)))
                0x0000000008008724                _i2c_target_driver_api_list_end = .

reset_driver_api_area
                0x0000000008008724       0x10
                0x0000000008008724                _reset_driver_api_list_start = .
 *(SORT_BY_NAME(SORT_BY_ALIGNMENT(._reset_driver_api.static.*)))
 ._reset_driver_api.static.reset_stm32_driver_api_
                0x0000000008008724       0x10 zephyr/drivers/reset/libdrivers__reset.a(reset_stm32.c.obj)
                0x0000000008008734                _reset_driver_api_list_end = .

sensor_driver_api_area
                0x0000000008008734       0x1c
                0x0000000008008734                _sensor_driver_api_list_start = .
 *(SORT_BY_NAME(SORT_BY_ALIGNMENT(._sensor_driver_api.static.*)))
 ._sensor_driver_api.static.mpu9250_driver_api_
                0x0000000008008734       0x1c zephyr/drivers/sensor/tdk/mpu9250/libdrivers__sensor__tdk__mpu9250.a(mpu9250.c.obj)
                0x0000000008008750                _sensor_driver_api_list_end = .

shared_irq_driver_api_area
                0x0000000008008750        0x0
                0x0000000008008750                _shared_irq_driver_api_list_start = .
 *(SORT_BY_NAME(SORT_BY_ALIGNMENT(._shared_irq_driver_api.static.*)))
                0x0000000008008750                _shared_irq_driver_api_list_end = .

crypto_driver_api_area
                0x0000000008008750        0x0
                0x0000000008008750                _crypto_driver_api_list_start = .
 *(SORT_BY_NAME(SORT_BY_ALIGNMENT(._crypto_driver_api.static.*)))
                0x0000000008008750                _crypto_driver_api_list_end = .

adc_driver_api_area
                0x0000000008008750        0x0
                0x0000000008008750                _adc_driver_api_list_start = .
 *(SORT_BY_NAME(SORT_BY_ALIGNMENT(._adc_driver_api.static.*)))
                0x0000000008008750                _adc_driver_api_list_end = .

auxdisplay_driver_api_area
                0x0000000008008750        0x0
                0x0000000008008750                _auxdisplay_driver_api_list_start = .
 *(SORT_BY_NAME(SORT_BY_ALIGNMENT(._auxdisplay_driver_api.static.*)))
                0x0000000008008750                _auxdisplay_driver_api_list_end = .

bbram_driver_api_area
                0x0000000008008750        0x0
                0x0000000008008750                _bbram_driver_api_list_start = .
 *(SORT_BY_NAME(SORT_BY_ALIGNMENT(._bbram_driver_api.static.*)))
                0x0000000008008750                _bbram_driver_api_list_end = .

biometric_driver_api_area
                0x0000000008008750        0x0
                0x0000000008008750                _biometric_driver_api_list_start = .
 *(SORT_BY_NAME(SORT_BY_ALIGNMENT(._biometric_driver_api.static.*)))
                0x0000000008008750                _biometric_driver_api_list_end = .

bt_hci_driver_api_area
                0x0000000008008750        0x0
                0x0000000008008750                _bt_hci_driver_api_list_start = .
 *(SORT_BY_NAME(SORT_BY_ALIGNMENT(._bt_hci_driver_api.static.*)))
                0x0000000008008750                _bt_hci_driver_api_list_end = .

can_driver_api_area
                0x0000000008008750        0x0
                0x0000000008008750                _can_driver_api_list_start = .
 *(SORT_BY_NAME(SORT_BY_ALIGNMENT(._can_driver_api.static.*)))
                0x0000000008008750                _can_driver_api_list_end = .

cellular_driver_api_area
                0x0000000008008750        0x0
                0x0000000008008750                _cellular_driver_api_list_start = .
 *(SORT_BY_NAME(SORT_BY_ALIGNMENT(._cellular_driver_api.static.*)))
                0x0000000008008750                _cellular_driver_api_list_end = .

charger_driver_api_area
                0x0000000008008750        0x0
                0x0000000008008750                _charger_driver_api_list_start = .
 *(SORT_BY_NAME(SORT_BY_ALIGNMENT(._charger_driver_api.static.*)))
                0x0000000008008750                _charger_driver_api_list_end = .

clock_control_driver_api_area
                0x0000000008008750       0x1c
                0x0000000008008750                _clock_control_driver_api_list_start = .
 *(SORT_BY_NAME(SORT_BY_ALIGNMENT(._clock_control_driver_api.static.*)))
 ._clock_control_driver_api.static.stm32_clock_control_api_
                0x0000000008008750       0x1c zephyr/drivers/clock_control/libdrivers__clock_control.a(clock_stm32_ll_common.c.obj)
                0x000000000800876c                _clock_control_driver_api_list_end = .

comparator_driver_api_area
                0x000000000800876c        0x0
                0x000000000800876c                _comparator_driver_api_list_start = .
 *(SORT_BY_NAME(SORT_BY_ALIGNMENT(._comparator_driver_api.static.*)))
                0x000000000800876c                _comparator_driver_api_list_end = .

coredump_driver_api_area
                0x000000000800876c        0x0
                0x000000000800876c                _coredump_driver_api_list_start = .
 *(SORT_BY_NAME(SORT_BY_ALIGNMENT(._coredump_driver_api.static.*)))
                0x000000000800876c                _coredump_driver_api_list_end = .

counter_driver_api_area
                0x000000000800876c        0x0
                0x000000000800876c                _counter_driver_api_list_start = .
 *(SORT_BY_NAME(SORT_BY_ALIGNMENT(._counter_driver_api.static.*)))
                0x000000000800876c                _counter_driver_api_list_end = .

crc_driver_api_area
                0x000000000800876c        0x0
                0x000000000800876c                _crc_driver_api_list_start = .
 *(SORT_BY_NAME(SORT_BY_ALIGNMENT(._crc_driver_api.static.*)))
                0x000000000800876c                _crc_driver_api_list_end = .

dac_driver_api_area
                0x000000000800876c        0x0
                0x000000000800876c                _dac_driver_api_list_start = .
 *(SORT_BY_NAME(SORT_BY_ALIGNMENT(._dac_driver_api.static.*)))
                0x000000000800876c                _dac_driver_api_list_end = .

dai_driver_api_area
                0x000000000800876c        0x0
                0x000000000800876c                _dai_driver_api_list_start = .
 *(SORT_BY_NAME(SORT_BY_ALIGNMENT(._dai_driver_api.static.*)))
                0x000000000800876c                _dai_driver_api_list_end = .

display_driver_api_area
                0x000000000800876c        0x0
                0x000000000800876c                _display_driver_api_list_start = .
 *(SORT_BY_NAME(SORT_BY_ALIGNMENT(._display_driver_api.static.*)))
                0x000000000800876c                _display_driver_api_list_end = .

dma_driver_api_area
                0x000000000800876c        0x0
                0x000000000800876c                _dma_driver_api_list_start = .
 *(SORT_BY_NAME(SORT_BY_ALIGNMENT(._dma_driver_api.static.*)))
                0x000000000800876c                _dma_driver_api_list_end = .

edac_driver_api_area
                0x000000000800876c        0x0
                0x000000000800876c                _edac_driver_api_list_start = .
 *(SORT_BY_NAME(SORT_BY_ALIGNMENT(._edac_driver_api.static.*)))
                0x000000000800876c                _edac_driver_api_list_end = .

eeprom_driver_api_area
                0x000000000800876c        0x0
                0x000000000800876c                _eeprom_driver_api_list_start = .
 *(SORT_BY_NAME(SORT_BY_ALIGNMENT(._eeprom_driver_api.static.*)))
                0x000000000800876c                _eeprom_driver_api_list_end = .

emul_bbram_driver_api_area
                0x000000000800876c        0x0
                0x000000000800876c                _emul_bbram_driver_api_list_start = .
 *(SORT_BY_NAME(SORT_BY_ALIGNMENT(._emul_bbram_driver_api.static.*)))
                0x000000000800876c                _emul_bbram_driver_api_list_end = .

fuel_gauge_emul_driver_api_area
                0x000000000800876c        0x0
                0x000000000800876c                _fuel_gauge_emul_driver_api_list_start = .
 *(SORT_BY_NAME(SORT_BY_ALIGNMENT(._fuel_gauge_emul_driver_api.static.*)))
                0x000000000800876c                _fuel_gauge_emul_driver_api_list_end = .

emul_sensor_driver_api_area
                0x000000000800876c        0x0
                0x000000000800876c                _emul_sensor_driver_api_list_start = .
 *(SORT_BY_NAME(SORT_BY_ALIGNMENT(._emul_sensor_driver_api.static.*)))
                0x000000000800876c                _emul_sensor_driver_api_list_end = .

entropy_driver_api_area
                0x000000000800876c        0x0
                0x000000000800876c                _entropy_driver_api_list_start = .
 *(SORT_BY_NAME(SORT_BY_ALIGNMENT(._entropy_driver_api.static.*)))
                0x000000000800876c                _entropy_driver_api_list_end = .

espi_driver_api_area
                0x000000000800876c        0x0
                0x000000000800876c                _espi_driver_api_list_start = .
 *(SORT_BY_NAME(SORT_BY_ALIGNMENT(._espi_driver_api.static.*)))
                0x000000000800876c                _espi_driver_api_list_end = .

espi_saf_driver_api_area
                0x000000000800876c        0x0
                0x000000000800876c                _espi_saf_driver_api_list_start = .
 *(SORT_BY_NAME(SORT_BY_ALIGNMENT(._espi_saf_driver_api.static.*)))
                0x000000000800876c                _espi_saf_driver_api_list_end = .

flash_driver_api_area
                0x000000000800876c        0x0
                0x000000000800876c                _flash_driver_api_list_start = .
 *(SORT_BY_NAME(SORT_BY_ALIGNMENT(._flash_driver_api.static.*)))
                0x000000000800876c                _flash_driver_api_list_end = .

fpga_driver_api_area
                0x000000000800876c        0x0
                0x000000000800876c                _fpga_driver_api_list_start = .
 *(SORT_BY_NAME(SORT_BY_ALIGNMENT(._fpga_driver_api.static.*)))
                0x000000000800876c                _fpga_driver_api_list_end = .

fuel_gauge_driver_api_area
                0x000000000800876c        0x0
                0x000000000800876c                _fuel_gauge_driver_api_list_start = .
 *(SORT_BY_NAME(SORT_BY_ALIGNMENT(._fuel_gauge_driver_api.static.*)))
                0x000000000800876c                _fuel_gauge_driver_api_list_end = .

gnss_driver_api_area
                0x000000000800876c        0x0
                0x000000000800876c                _gnss_driver_api_list_start = .
 *(SORT_BY_NAME(SORT_BY_ALIGNMENT(._gnss_driver_api.static.*)))
                0x000000000800876c                _gnss_driver_api_list_end = .

haptics_driver_api_area
                0x000000000800876c        0x0
                0x000000000800876c                _haptics_driver_api_list_start = .
 *(SORT_BY_NAME(SORT_BY_ALIGNMENT(._haptics_driver_api.static.*)))
                0x000000000800876c                _haptics_driver_api_list_end = .

hwspinlock_driver_api_area
                0x000000000800876c        0x0
                0x000000000800876c                _hwspinlock_driver_api_list_start = .
 *(SORT_BY_NAME(SORT_BY_ALIGNMENT(._hwspinlock_driver_api.static.*)))
                0x000000000800876c                _hwspinlock_driver_api_list_end = .

i2s_driver_api_area
                0x000000000800876c        0x0
                0x000000000800876c                _i2s_driver_api_list_start = .
 *(SORT_BY_NAME(SORT_BY_ALIGNMENT(._i2s_driver_api.static.*)))
                0x000000000800876c                _i2s_driver_api_list_end = .

i3c_driver_api_area
                0x000000000800876c        0x0
                0x000000000800876c                _i3c_driver_api_list_start = .
 *(SORT_BY_NAME(SORT_BY_ALIGNMENT(._i3c_driver_api.static.*)))
                0x000000000800876c                _i3c_driver_api_list_end = .

ipm_driver_api_area
                0x000000000800876c        0x0
                0x000000000800876c                _ipm_driver_api_list_start = .
 *(SORT_BY_NAME(SORT_BY_ALIGNMENT(._ipm_driver_api.static.*)))
                0x000000000800876c                _ipm_driver_api_list_end = .

led_driver_api_area
                0x000000000800876c        0x0
                0x000000000800876c                _led_driver_api_list_start = .
 *(SORT_BY_NAME(SORT_BY_ALIGNMENT(._led_driver_api.static.*)))
                0x000000000800876c                _led_driver_api_list_end = .

led_strip_driver_api_area
                0x000000000800876c        0x0
                0x000000000800876c                _led_strip_driver_api_list_start = .
 *(SORT_BY_NAME(SORT_BY_ALIGNMENT(._led_strip_driver_api.static.*)))
                0x000000000800876c                _led_strip_driver_api_list_end = .

lora_driver_api_area
                0x000000000800876c        0x0
                0x000000000800876c                _lora_driver_api_list_start = .
 *(SORT_BY_NAME(SORT_BY_ALIGNMENT(._lora_driver_api.static.*)))
                0x000000000800876c                _lora_driver_api_list_end = .

mbox_driver_api_area
                0x000000000800876c        0x0
                0x000000000800876c                _mbox_driver_api_list_start = .
 *(SORT_BY_NAME(SORT_BY_ALIGNMENT(._mbox_driver_api.static.*)))
                0x000000000800876c                _mbox_driver_api_list_end = .

mdio_driver_api_area
                0x000000000800876c        0x0
                0x000000000800876c                _mdio_driver_api_list_start = .
 *(SORT_BY_NAME(SORT_BY_ALIGNMENT(._mdio_driver_api.static.*)))
                0x000000000800876c                _mdio_driver_api_list_end = .

mipi_dbi_driver_api_area
                0x000000000800876c        0x0
                0x000000000800876c                _mipi_dbi_driver_api_list_start = .
 *(SORT_BY_NAME(SORT_BY_ALIGNMENT(._mipi_dbi_driver_api.static.*)))
                0x000000000800876c                _mipi_dbi_driver_api_list_end = .

mipi_dsi_driver_api_area
                0x000000000800876c        0x0
                0x000000000800876c                _mipi_dsi_driver_api_list_start = .
 *(SORT_BY_NAME(SORT_BY_ALIGNMENT(._mipi_dsi_driver_api.static.*)))
                0x000000000800876c                _mipi_dsi_driver_api_list_end = .

mspi_driver_api_area
                0x000000000800876c        0x0
                0x000000000800876c                _mspi_driver_api_list_start = .
 *(SORT_BY_NAME(SORT_BY_ALIGNMENT(._mspi_driver_api.static.*)))
                0x000000000800876c                _mspi_driver_api_list_end = .

opamp_driver_api_area
                0x000000000800876c        0x0
                0x000000000800876c                _opamp_driver_api_list_start = .
 *(SORT_BY_NAME(SORT_BY_ALIGNMENT(._opamp_driver_api.static.*)))
                0x000000000800876c                _opamp_driver_api_list_end = .

otp_driver_api_area
                0x000000000800876c        0x0
                0x000000000800876c                _otp_driver_api_list_start = .
 *(SORT_BY_NAME(SORT_BY_ALIGNMENT(._otp_driver_api.static.*)))
                0x000000000800876c                _otp_driver_api_list_end = .

peci_driver_api_area
                0x000000000800876c        0x0
                0x000000000800876c                _peci_driver_api_list_start = .
 *(SORT_BY_NAME(SORT_BY_ALIGNMENT(._peci_driver_api.static.*)))
                0x000000000800876c                _peci_driver_api_list_end = .

ps2_driver_api_area
                0x000000000800876c        0x0
                0x000000000800876c                _ps2_driver_api_list_start = .
 *(SORT_BY_NAME(SORT_BY_ALIGNMENT(._ps2_driver_api.static.*)))
                0x000000000800876c                _ps2_driver_api_list_end = .

ptp_clock_driver_api_area
                0x000000000800876c        0x0
                0x000000000800876c                _ptp_clock_driver_api_list_start = .
 *(SORT_BY_NAME(SORT_BY_ALIGNMENT(._ptp_clock_driver_api.static.*)))
                0x000000000800876c                _ptp_clock_driver_api_list_end = .

pwm_driver_api_area
                0x000000000800876c        0x0
                0x000000000800876c                _pwm_driver_api_list_start = .
 *(SORT_BY_NAME(SORT_BY_ALIGNMENT(._pwm_driver_api.static.*)))
                0x000000000800876c                _pwm_driver_api_list_end = .

regulator_parent_driver_api_area
                0x000000000800876c        0x0
                0x000000000800876c                _regulator_parent_driver_api_list_start = .
 *(SORT_BY_NAME(SORT_BY_ALIGNMENT(._regulator_parent_driver_api.static.*)))
                0x000000000800876c                _regulator_parent_driver_api_list_end = .

regulator_driver_api_area
                0x000000000800876c        0x0
                0x000000000800876c                _regulator_driver_api_list_start = .
 *(SORT_BY_NAME(SORT_BY_ALIGNMENT(._regulator_driver_api.static.*)))
                0x000000000800876c                _regulator_driver_api_list_end = .

retained_mem_driver_api_area
                0x000000000800876c        0x0
                0x000000000800876c                _retained_mem_driver_api_list_start = .
 *(SORT_BY_NAME(SORT_BY_ALIGNMENT(._retained_mem_driver_api.static.*)))
                0x000000000800876c                _retained_mem_driver_api_list_end = .

rtc_driver_api_area
                0x000000000800876c        0x0
                0x000000000800876c                _rtc_driver_api_list_start = .
 *(SORT_BY_NAME(SORT_BY_ALIGNMENT(._rtc_driver_api.static.*)))
                0x000000000800876c                _rtc_driver_api_list_end = .

sdhc_driver_api_area
                0x000000000800876c        0x0
                0x000000000800876c                _sdhc_driver_api_list_start = .
 *(SORT_BY_NAME(SORT_BY_ALIGNMENT(._sdhc_driver_api.static.*)))
                0x000000000800876c                _sdhc_driver_api_list_end = .

smbus_driver_api_area
                0x000000000800876c        0x0
                0x000000000800876c                _smbus_driver_api_list_start = .
 *(SORT_BY_NAME(SORT_BY_ALIGNMENT(._smbus_driver_api.static.*)))
                0x000000000800876c                _smbus_driver_api_list_end = .

spi_driver_api_area